Component: ARM Compiler 5.06 update 7 (build 960) Tool: armlink [4d3601]

==============================================================================

Section Cross References

    startup_stm32f407xx.o(STACK) refers (Special) to heapauxi.o(.text) for __use_two_region_memory
    startup_stm32f407xx.o(HEAP) refers (Special) to heapauxi.o(.text) for __use_two_region_memory
    startup_stm32f407xx.o(RESET) refers (Special) to heapauxi.o(.text) for __use_two_region_memory
    startup_stm32f407xx.o(RESET) refers to startup_stm32f407xx.o(STACK) for __initial_sp
    startup_stm32f407xx.o(RESET) refers to startup_stm32f407xx.o(.text) for Reset_Handler
    startup_stm32f407xx.o(RESET) refers to stm32f4xx_it.o(i.NMI_Handler) for NMI_Handler
    startup_stm32f407xx.o(RESET) refers to stm32f4xx_it.o(i.HardFault_Handler) for HardFault_Handler
    startup_stm32f407xx.o(RESET) refers to stm32f4xx_it.o(i.MemManage_Handler) for MemManage_Handler
    startup_stm32f407xx.o(RESET) refers to stm32f4xx_it.o(i.BusFault_Handler) for BusFault_Handler
    startup_stm32f407xx.o(RESET) refers to stm32f4xx_it.o(i.UsageFault_Handler) for UsageFault_Handler
    startup_stm32f407xx.o(RESET) refers to port.o(.emb_text) for SVC_Handler
    startup_stm32f407xx.o(RESET) refers to stm32f4xx_it.o(i.DebugMon_Handler) for DebugMon_Handler
    startup_stm32f407xx.o(RESET) refers to delay.o(i.SysTick_Handler) for SysTick_Handler
    startup_stm32f407xx.o(RESET) refers to ad7606.o(i.EXTI0_IRQHandler) for EXTI0_IRQHandler
    startup_stm32f407xx.o(RESET) refers to stm32f4xx_it.o(i.DMA1_Stream3_IRQHandler) for DMA1_Stream3_IRQHandler
    startup_stm32f407xx.o(RESET) refers to stm32f4xx_it.o(i.DMA1_Stream6_IRQHandler) for DMA1_Stream6_IRQHandler
    startup_stm32f407xx.o(RESET) refers to usart.o(i.USART1_IRQHandler) for USART1_IRQHandler
    startup_stm32f407xx.o(RESET) refers to usart2.o(i.USART2_IRQHandler) for USART2_IRQHandler
    startup_stm32f407xx.o(RESET) refers to usart3.o(i.USART3_IRQHandler) for USART3_IRQHandler
    startup_stm32f407xx.o(RESET) refers to stm32f4xx_it.o(i.DMA1_Stream7_IRQHandler) for DMA1_Stream7_IRQHandler
    startup_stm32f407xx.o(RESET) refers to uart5.o(i.UART5_IRQHandler) for UART5_IRQHandler
    startup_stm32f407xx.o(RESET) refers to btim.o(i.TIM6_DAC_IRQHandler) for TIM6_DAC_IRQHandler
    startup_stm32f407xx.o(RESET) refers to btim.o(i.TIM7_IRQHandler) for TIM7_IRQHandler
    startup_stm32f407xx.o(RESET) refers to stm32f4xx_it.o(i.DMA2_Stream7_IRQHandler) for DMA2_Stream7_IRQHandler
    startup_stm32f407xx.o(RESET) refers to usart6.o(i.USART6_IRQHandler) for USART6_IRQHandler
    startup_stm32f407xx.o(.text) refers (Special) to heapauxi.o(.text) for __use_two_region_memory
    startup_stm32f407xx.o(.text) refers to system_stm32f4xx.o(i.SystemInit) for SystemInit
    startup_stm32f407xx.o(.text) refers to __main.o(!!!main) for __main
    startup_stm32f407xx.o(.text) refers to startup_stm32f407xx.o(HEAP) for Heap_Mem
    startup_stm32f407xx.o(.text) refers to startup_stm32f407xx.o(STACK) for Stack_Mem
    main.o(i.main) refers to stm32f4xx_hal.o(i.HAL_Init) for HAL_Init
    main.o(i.main) refers to sys.o(i.sys_stm32_clock_init) for sys_stm32_clock_init
    main.o(i.main) refers to delay.o(i.delay_init) for delay_init
    main.o(i.main) refers to dma.o(i.dma_init) for dma_init
    main.o(i.main) refers to usart.o(i.usart_init) for usart_init
    main.o(i.main) refers to btim.o(i.btim_tim6_int_init) for btim_tim6_int_init
    main.o(i.main) refers to btim.o(i.btim_tim7_int_init) for btim_tim7_int_init
    main.o(i.main) refers to wdg.o(i.iwdg_init) for iwdg_init
    main.o(i.main) refers to usart2.o(i.usart2_init) for usart2_init
    main.o(i.main) refers to ad7606.o(i.AD7606_Init) for AD7606_Init
    main.o(i.main) refers to noretval__2printf.o(.text) for __2printf
    main.o(i.main) refers to freertos_demo.o(i.freertos_demo) for freertos_demo
    main.o(i.main) refers to usmart_config.o(.data) for usmart_dev
    stm32f4xx_it.o(i.DMA1_Stream3_IRQHandler) refers to stm32f4xx_hal_uart.o(i.HAL_UART_DMAStop) for HAL_UART_DMAStop
    stm32f4xx_it.o(i.DMA1_Stream3_IRQHandler) refers to dma.o(.bss) for g_dma_handle_usart3
    stm32f4xx_it.o(i.DMA1_Stream3_IRQHandler) refers to usart3.o(.bss) for g_usart3_handler
    stm32f4xx_it.o(i.DMA1_Stream6_IRQHandler) refers to dma.o(.bss) for g_dma_handle_usart2
    stm32f4xx_it.o(i.DMA1_Stream6_IRQHandler) refers to usart2.o(.bss) for g_usart2_handler
    stm32f4xx_it.o(i.DMA1_Stream7_IRQHandler) refers to stm32f4xx_hal_uart.o(i.HAL_UART_DMAStop) for HAL_UART_DMAStop
    stm32f4xx_it.o(i.DMA1_Stream7_IRQHandler) refers to dma.o(.bss) for g_dma_handle_uart5
    stm32f4xx_it.o(i.DMA1_Stream7_IRQHandler) refers to uart5.o(.bss) for g_uart5_handler
    stm32f4xx_it.o(i.DMA2_Stream7_IRQHandler) refers to stm32f4xx_hal_uart.o(i.HAL_UART_DMAStop) for HAL_UART_DMAStop
    stm32f4xx_it.o(i.DMA2_Stream7_IRQHandler) refers to dma.o(.bss) for g_dma_handle_usart6
[...]
    SPI2_IRQHandler                          0x080003a7   Thumb Code     0  startup_stm32f407xx.o(.text)
    SPI3_IRQHandler                          0x080003a7   Thumb Code     0  startup_stm32f407xx.o(.text)
    TAMP_STAMP_IRQHandler                    0x080003a7   Thumb Code     0  startup_stm32f407xx.o(.text)
    TIM1_BRK_TIM9_IRQHandler                 0x080003a7   Thumb Code     0  startup_stm32f407xx.o(.text)
    TIM1_CC_IRQHandler                       0x080003a7   Thumb Code     0  startup_stm32f407xx.o(.text)
    TIM1_TRG_COM_TIM11_IRQHandler            0x080003a7   Thumb Code     0  startup_stm32f407xx.o(.text)
    TIM1_UP_TIM10_IRQHandler                 0x080003a7   Thumb Code     0  startup_stm32f407xx.o(.text)
    TIM2_IRQHandler                          0x080003a7   Thumb Code     0  startup_stm32f407xx.o(.text)
    TIM3_IRQHandler                          0x080003a7   Thumb Code     0  startup_stm32f407xx.o(.text)
    TIM4_IRQHandler                          0x080003a7   Thumb Code     0  startup_stm32f407xx.o(.text)
    TIM5_IRQHandler                          0x080003a7   Thumb Code     0  startup_stm32f407xx.o(.text)
    TIM8_BRK_TIM12_IRQHandler                0x080003a7   Thumb Code     0  startup_stm32f407xx.o(.text)
    TIM8_CC_IRQHandler                       0x080003a7   Thumb Code     0  startup_stm32f407xx.o(.text)
    TIM8_TRG_COM_TIM14_IRQHandler            0x080003a7   Thumb Code     0  startup_stm32f407xx.o(.text)
    TIM8_UP_TIM13_IRQHandler                 0x080003a7   Thumb Code     0  startup_stm32f407xx.o(.text)
    UART4_IRQHandler                         0x080003a7   Thumb Code     0  startup_stm32f407xx.o(.text)
    WWDG_IRQHandler                          0x080003a7   Thumb Code     0  startup_stm32f407xx.o(.text)
    __user_initial_stackheap                 0x080003a9   Thumb Code     0  startup_stm32f407xx.o(.text)
    __use_no_semihosting                     0x080003d5   Thumb Code     2  use_no_semi_2.o(.text)
    __aeabi_uldivmod                         0x080003d7   Thumb Code     0  lludivv7m.o(.text)
    _ll_udiv                                 0x080003d7   Thumb Code   238  lludivv7m.o(.text)
    __2printf                                0x080004c5   Thumb Code    20  noretval__2printf.o(.text)
    _printf_pre_padding                      0x080004dd   Thumb Code    44  _printf_pad.o(.text)
    _printf_post_padding                     0x08000509   Thumb Code    34  _printf_pad.o(.text)
    _printf_str                              0x0800052b   Thumb Code    82  _printf_str.o(.text)
    _printf_int_dec                          0x0800057d   Thumb Code   104  _printf_dec.o(.text)
    _printf_int_hex                          0x080005f5   Thumb Code    84  _printf_hex_int.o(.text)
    _printf_longlong_hex                     0x080005f5   Thumb Code     0  _printf_hex_int.o(.text)
    __printf                                 0x0800064d   Thumb Code   388  __printf_flags_ss_wp.o(.text)
    __aeabi_memcpy                           0x080007d5   Thumb Code     0  rt_memcpy_v6.o(.text)
    __rt_memcpy                              0x080007d5   Thumb Code   138  rt_memcpy_v6.o(.text)
    _memcpy_lastbytes                        0x0800083b   Thumb Code     0  rt_memcpy_v6.o(.text)
    __aeabi_memcpy4                          0x0800085f   Thumb Code     0  rt_memcpy_w.o(.text)
    __aeabi_memcpy8                          0x0800085f   Thumb Code     0  rt_memcpy_w.o(.text)
    __rt_memcpy_w                            0x0800085f   Thumb Code   100  rt_memcpy_w.o(.text)
    _memcpy_lastbytes_aligned                0x080008a7   Thumb Code     0  rt_memcpy_w.o(.text)
    __aeabi_memset                           0x080008c3   Thumb Code    16  aeabi_memset.o(.text)
    __aeabi_memclr4                          0x080008d3   Thumb Code     0  rt_memclr_w.o(.text)
    __aeabi_memclr8                          0x080008d3   Thumb Code     0  rt_memclr_w.o(.text)
    __rt_memclr_w                            0x080008d3   Thumb Code    78  rt_memclr_w.o(.text)
    _memset_w                                0x080008d7   Thumb Code     0  rt_memclr_w.o(.text)
    __use_two_region_memory                  0x08000921   Thumb Code     2  heapauxi.o(.text)
    __rt_heap_escrow$2region                 0x08000923   Thumb Code     2  heapauxi.o(.text)
    __rt_heap_expand$2region                 0x08000925   Thumb Code     2  heapauxi.o(.text)
    __semihosting$guard                      0x08000927   Thumb Code     0  use_no_semi.o(.text)
    __use_no_semihosting_swi                 0x08000927   Thumb Code     2  use_no_semi.o(.text)
    __read_errno                             0x08000929   Thumb Code    10  _rserrno.o(.text)
    __set_errno                              0x08000933   Thumb Code    12  _rserrno.o(.text)
    _printf_int_common                       0x0800093f   Thumb Code   178  _printf_intcommon.o(.text)
    __lib_sel_fp_printf                      0x080009f1   Thumb Code     2  _printf_fp_dec.o(.text)
    _printf_fp_dec_real                      0x08000ba3   Thumb Code   620  _printf_fp_dec.o(.text)
    _printf_char_common                      0x08000e1b   Thumb Code    32  _printf_char_common.o(.text)
    _printf_cs_common                        0x08000e41   Thumb Code    20  _printf_char.o(.text)
    _printf_char                             0x08000e55   Thumb Code    16  _printf_char.o(.text)
    _printf_string                           0x08000e65   Thumb Code     8  _printf_char.o(.text)
    _printf_char_file                        0x08000e6d   Thumb Code    32  _printf_char_file.o(.text)
    __strtof_int                             0x08000e91   Thumb Code    26  strtof.o(.text)
    __aeabi_memclr                           0x08000eab   Thumb Code     0  rt_memclr.o(.text)
    __rt_memclr                              0x08000eab   Thumb Code    68  rt_memclr.o(.text)
    _memset                                  0x08000eaf   Thumb Code     0  rt_memclr.o(.text)
    __rt_locale                              0x08000ef1   Thumb Code     8  rt_locale_intlibspace.o(.text)
    __aeabi_errno_addr                       0x08000ef9   Thumb Code     8  rt_errno_addr_intlibspace.o(.text)
    __errno$intlibspace                      0x08000ef9   Thumb Code     0  rt_errno_addr_intlibspace.o(.text)
    __rt_errno_addr$intlibspace              0x08000ef9   Thumb Code     0  rt_errno_addr_intlibspace.o(.text)
    _ll_udiv10                               0x08000f01   Thumb Code   138  lludiv10.o(.text)
    _printf_fp_infnan                        0x08000f8d   Thumb Code   112  _printf_fp_infnan.o(.text)
    __strtod_int                             0x08001049   Thumb Code    90  strtod.o(.text)
    _btod_etento                             0x080010b1   Thumb Code   224  bigflt0.o(.text)
    ferror                                   0x08001195   Thumb Code     8  ferror.o(.text)
    __user_libspace                          0x0800119d   Thumb Code     8  libspace.o(.text)
    __user_perproc_libspace                  0x0800119d   Thumb Code     0  libspace.o(.text)
    __user_perthread_libspace                0x0800119d   Thumb Code     0  libspace.o(.text)
    __user_setup_stackheap                   0x080011a5   Thumb Code    74  sys_stackheap_outer.o(.text)
    isspace                                  0x080011ef   Thumb Code    18  isspace.o(.text)
    _sgetc                                   0x08001201   Thumb Code    30  _sgetc.o(.text)
    _sbackspace                              0x0800121f   Thumb Code    34  _sgetc.o(.text)
    exit                                     0x08001241   Thumb Code    18  exit.o(.text)
    strcmp                                   0x08001255   Thumb Code   128  strcmpv7m.o(.text)
    __rt_ctype_table                         0x080012d5   Thumb Code    16  rt_ctype_table.o(.text)
    _scanf_really_real                       0x08001531   Thumb Code   684  scanf_fp.o(.text)
    _scanf_really_hex_real                   0x080017dd   Thumb Code   786  scanf_hexfp.o(.text)
    _scanf_really_infnan                     0x08001afd   Thumb Code   292  scanf_infnan.o(.text)
    __aeabi_llsl                             0x08001c31   Thumb Code     0  llshl.o(.text)
    _ll_shift_l                              0x08001c31   Thumb Code    38  llshl.o(.text)
    _chval                                   0x08001c57   Thumb Code    28  _chval.o(.text)
    _btod_d2e                                0x08001c73   Thumb Code    62  btod.o(CL$$btod_d2e)
    _d2e_denorm_low                          0x08001cb1   Thumb Code    70  btod.o(CL$$btod_d2e_denorm_low)
    _d2e_norm_op1                            0x08001cf7   Thumb Code    96  btod.o(CL$$btod_d2e_norm_op1)
    __btod_div_common                        0x08001d57   Thumb Code   696  btod.o(CL$$btod_div_common)
    _e2d                                     0x08002091   Thumb Code   122  btod.o(CL$$btod_e2d)
    _e2e                                     0x08002115   Thumb Code   220  btod.o(CL$$btod_e2e)
    _btod_ediv                               0x080021f1   Thumb Code    42  btod.o(CL$$btod_ediv)
    _btod_edivd                              0x0800221b   Thumb Code    42  btod.o(CL$$btod_edivd)
    _btod_emul                               0x08002245   Thumb Code    42  btod.o(CL$$btod_emul)
    _btod_emuld                              0x0800226f   Thumb Code    42  btod.o(CL$$btod_emuld)
    __btod_mult_common                       0x08002299   Thumb Code   580  btod.o(CL$$btod_mult_common)
    AD7606_Init                              0x080024dd   Thumb Code   384  ad7606.o(i.AD7606_Init)
    BusFault_Handler                         0x08002671   Thumb Code     2  stm32f4xx_it.o(i.BusFault_Handler)
    DMA1_Stream3_IRQHandler                  0x08002675   Thumb Code   132  stm32f4xx_it.o(i.DMA1_Stream3_IRQHandler)
    DMA1_Stream6_IRQHandler                  0x08002709   Thumb Code   122  stm32f4xx_it.o(i.DMA1_Stream6_IRQHandler)
    DMA1_Stream7_IRQHandler                  0x08002795   Thumb Code   132  stm32f4xx_it.o(i.DMA1_Stream7_IRQHandler)
    DMA2_Stream7_IRQHandler                  0x08002829   Thumb Code   132  stm32f4xx_it.o(i.DMA2_Stream7_IRQHandler)
    DebugMon_Handler                         0x0800298b   Thumb Code     2  stm32f4xx_it.o(i.DebugMon_Handler)
    EXTI0_IRQHandler                         0x0800298d   Thumb Code    24  ad7606.o(i.EXTI0_IRQHandler)
    HAL_DMA_Abort                            0x080029ad   Thumb Code   142  stm32f4xx_hal_dma.o(i.HAL_DMA_Abort)
    HAL_DMA_Init                             0x08002a3d   Thumb Code   208  stm32f4xx_hal_dma.o(i.HAL_DMA_Init)
    HAL_DMA_Start_IT                         0x08002b11   Thumb Code   110  stm32f4xx_hal_dma.o(i.HAL_DMA_Start_IT)
    HAL_GPIO_Init                            0x08002b81   Thumb Code   418  stm32f4xx_hal_gpio.o(i.HAL_GPIO_Init)
    HAL_GPIO_ReadPin                         0x08002d51   Thumb Code    14  stm32f4xx_hal_gpio.o(i.HAL_GPIO_ReadPin)
    HAL_GPIO_WritePin                        0x08002d5f   Thumb Code    14  stm32f4xx_hal_gpio.o(i.HAL_GPIO_WritePin)
    HAL_GetREVID                             0x08002d6d   Thumb Code     8  stm32f4xx_hal.o(i.HAL_GetREVID)
    HAL_GetTick                              0x08002d79   Thumb Code     6  stm32f4xx_hal.o(i.HAL_GetTick)
    HAL_IWDG_Init                            0x08002d85   Thumb Code    90  stm32f4xx_hal_iwdg.o(i.HAL_IWDG_Init)
    HAL_IWDG_Refresh                         0x08002ddf   Thumb Code    12  stm32f4xx_hal_iwdg.o(i.HAL_IWDG_Refresh)
    HAL_IncTick                              0x08002ded   Thumb Code    12  stm32f4xx_hal.o(i.HAL_IncTick)
    HAL_Init                                 0x08002dfd   Thumb Code    40  stm32f4xx_hal.o(i.HAL_Init)
    HAL_InitTick                             0x08002e29   Thumb Code    58  stm32f4xx_hal.o(i.HAL_InitTick)
    HAL_MspInit                              0x08002e6d   Thumb Code     2  stm32f4xx_hal.o(i.HAL_MspInit)
    HAL_NVIC_EnableIRQ                       0x08002e6f   Thumb Code    26  stm32f4xx_hal_cortex.o(i.HAL_NVIC_EnableIRQ)
    HAL_NVIC_SetPriority                     0x08002e89   Thumb Code    60  stm32f4xx_hal_cortex.o(i.HAL_NVIC_SetPriority)
    HAL_NVIC_SetPriorityGrouping             0x08002ec9   Thumb Code    26  stm32f4xx_hal_cortex.o(i.HAL_NVIC_SetPriorityGrouping)
    HAL_RCC_ClockConfig                      0x08002eed   Thumb Code   310  stm32f4xx_hal_rcc.o(i.HAL_RCC_ClockConfig)
    HAL_RCC_GetHCLKFreq                      0x08003039   Thumb Code     6  stm32f4xx_hal_rcc.o(i.HAL_RCC_GetHCLKFreq)
    HAL_RCC_GetPCLK1Freq                     0x08003045   Thumb Code    22  stm32f4xx_hal_rcc.o(i.HAL_RCC_GetPCLK1Freq)
    HAL_RCC_GetPCLK2Freq                     0x08003065   Thumb Code    22  stm32f4xx_hal_rcc.o(i.HAL_RCC_GetPCLK2Freq)
    HAL_RCC_GetSysClockFreq                  0x08003085   Thumb Code    94  stm32f4xx_hal_rcc.o(i.HAL_RCC_GetSysClockFreq)
    HAL_RCC_OscConfig                        0x080030ed   Thumb Code   942  stm32f4xx_hal_rcc.o(i.HAL_RCC_OscConfig)
    HAL_SYSTICK_CLKSourceConfig              0x080034ad   Thumb Code    28  stm32f4xx_hal_cortex.o(i.HAL_SYSTICK_CLKSourceConfig)
    HAL_SYSTICK_Config                       0x080034c9   Thumb Code    40  stm32f4xx_hal_cortex.o(i.HAL_SYSTICK_Config)
    HAL_TIM_Base_Init                        0x080034f1   Thumb Code    74  stm32f4xx_hal_tim.o(i.HAL_TIM_Base_Init)
    HAL_TIM_Base_MspInit                     0x0800353b   Thumb Code     2  stm32f4xx_hal_tim.o(i.HAL_TIM_Base_MspInit)
    HAL_TIM_Base_Start_IT                    0x0800353d   Thumb Code   110  stm32f4xx_hal_tim.o(i.HAL_TIM_Base_Start_IT)
    HAL_UARTEx_RxEventCallback               0x080035c9   Thumb Code     2  stm32f4xx_hal_uart.o(i.HAL_UARTEx_RxEventCallback)
    HAL_UART_DMAStop                         0x080035cb   Thumb Code    88  stm32f4xx_hal_uart.o(i.HAL_UART_DMAStop)
    HAL_UART_ErrorCallback                   0x08003623   Thumb Code     2  stm32f4xx_hal_uart.o(i.HAL_UART_ErrorCallback)
    HAL_UART_Init                            0x08003625   Thumb Code   100  stm32f4xx_hal_uart.o(i.HAL_UART_Init)
    HAL_UART_MspInit                         0x08003689   Thumb Code     2  stm32f4xx_hal_uart.o(i.HAL_UART_MspInit)
    HAL_UART_Receive                         0x0800368b   Thumb Code   202  stm32f4xx_hal_uart.o(i.HAL_UART_Receive)
    HAL_UART_Receive_DMA                     0x08003755   Thumb Code    46  stm32f4xx_hal_uart.o(i.HAL_UART_Receive_DMA)
    HAL_UART_RxCpltCallback                  0x08003783   Thumb Code     2  stm32f4xx_hal_uart.o(i.HAL_UART_RxCpltCallback)
    HAL_UART_RxHalfCpltCallback              0x08003785   Thumb Code     2  stm32f4xx_hal_uart.o(i.HAL_UART_RxHalfCpltCallback)
    HAL_UART_Transmit_DMA                    0x08003789   Thumb Code   126  stm32f4xx_hal_uart.o(i.HAL_UART_Transmit_DMA)
    HAL_UART_TxCpltCallback                  0x08003815   Thumb Code     2  stm32f4xx_hal_uart.o(i.HAL_UART_TxCpltCallback)
    HAL_UART_TxHalfCpltCallback              0x08003817   Thumb Code     2  stm32f4xx_hal_uart.o(i.HAL_UART_TxHalfCpltCallback)
    HardFault_Handler                        0x08003819   Thumb Code     2  stm32f4xx_it.o(i.HardFault_Handler)
    MemManage_Handler                        0x0800381b   Thumb Code     2  stm32f4xx_it.o(i.MemManage_Handler)
    NMI_Handler                              0x0800381d   Thumb Code     2  stm32f4xx_it.o(i.NMI_Handler)
    SysTick_Handler                          0x0800381f   Thumb Code    24  delay.o(i.SysTick_Handler)
    SystemInit                               0x08003839   Thumb Code    12  system_stm32f4xx.o(i.SystemInit)
    TIM6_DAC_IRQHandler                      0x08003849   Thumb Code    36  btim.o(i.TIM6_DAC_IRQHandler)
    TIM7_IRQHandler                          0x08003875   Thumb Code    36  btim.o(i.TIM7_IRQHandler)
    TIM_Base_SetConfig                       0x080038a1   Thumb Code   160  stm32f4xx_hal_tim.o(i.TIM_Base_SetConfig)
    UART5_IRQHandler                         0x0800396d   Thumb Code    62  uart5.o(i.UART5_IRQHandler)
    UART_Start_Receive_DMA                   0x08003c01   Thumb Code   102  stm32f4xx_hal_uart.o(i.UART_Start_Receive_DMA)
    USART1_IRQHandler                        0x08003cd9   Thumb Code    96  usart.o(i.USART1_IRQHandler)
    USART2_IRQHandler                        0x08003d49   Thumb Code   124  usart2.o(i.USART2_IRQHandler)
    USART3_IRQHandler                        0x08003dd1   Thumb Code    62  usart3.o(i.USART3_IRQHandler)
    USART6_IRQHandler                        0x08003e19   Thumb Code    62  usart6.o(i.USART6_IRQHandler)
    UsageFault_Handler                       0x08003e61   Thumb Code     2  stm32f4xx_it.o(i.UsageFault_Handler)
    __ARM_fpclassify                         0x08003e63   Thumb Code    48  fpclassify.o(i.__ARM_fpclassify)
    __hardfp___mathlib_tofloat               0x08003eb9   Thumb Code   232  narrow.o(i.__hardfp___mathlib_tofloat)
    __hardfp_ldexp                           0x08003fb1   Thumb Code   200  ldexp.o(i.__hardfp_ldexp)
    __hardfp_strtof                          0x08004081   Thumb Code    26  strtof.o(i.__hardfp_strtof)
    __mathlib_dbl_overflow                   0x080040a1   Thumb Code    24  dunder.o(i.__mathlib_dbl_overflow)
    __mathlib_dbl_underflow                  0x080040c1   Thumb Code    24  dunder.o(i.__mathlib_dbl_underflow)
    __mathlib_narrow                         0x080040e1   Thumb Code    18  narrow.o(i.__mathlib_narrow)
    __support_ldexp                          0x080040f3   Thumb Code    20  ldexp.o(i.__support_ldexp)
    _is_digit                                0x08004107   Thumb Code    14  __printf_wp.o(i._is_digit)
    _sys_exit                                0x08004115   Thumb Code     2  usart.o(i._sys_exit)
    bsp_spiRead1                             0x08004119   Thumb Code    82  ad7606.o(i.bsp_spiRead1)
    btim_tim6_int_init                       0x08004175   Thumb Code    66  btim.o(i.btim_tim6_int_init)
    btim_tim7_int_init                       0x080041c5   Thumb Code    66  btim.o(i.btim_tim7_int_init)
    delay_init                               0x08004215   Thumb Code    44  delay.o(i.delay_init)
    delay_ms                                 0x08004245   Thumb Code    26  delay.o(i.delay_ms)
    delay_us                                 0x08004261   Thumb Code    50  delay.o(i.delay_us)
    dma_init                                 0x08004299   Thumb Code   422  dma.o(i.dma_init)
    fputc                                    0x0800446d   Thumb Code    14  usart.o(i.fputc)
    freertos_demo                            0x08004481   Thumb Code   114  freertos_demo.o(i.freertos_demo)
    frexp                                    0x08004589   Thumb Code   118  frexp.o(i.frexp)
    iwdg_feed                                0x08004615   Thumb Code     6  wdg.o(i.iwdg_feed)
    iwdg_init                                0x08004621   Thumb Code    16  wdg.o(i.iwdg_init)
    lcd_clear                                0x08004639   Thumb Code    44  lcd.o(i.lcd_clear)
    lcd_display_dir                          0x08004669   Thumb Code   200  lcd.o(i.lcd_display_dir)
    lcd_draw_circle                          0x08004735   Thumb Code   200  lcd.o(i.lcd_draw_circle)
    lcd_draw_line                            0x080047fd   Thumb Code   154  lcd.o(i.lcd_draw_line)
    lcd_draw_point                           0x08004899   Thumb Code    18  lcd.o(i.lcd_draw_point)
    lcd_draw_rectangle                       0x080048b1   Thumb Code    74  lcd.o(i.lcd_draw_rectangle)
    lcd_fill                                 0x080048fb   Thumb Code    68  lcd.o(i.lcd_fill)
    lcd_read_point                           0x0800496d   Thumb Code   112  lcd.o(i.lcd_read_point)
    lcd_scan_dir                             0x080049e1   Thumb Code   424  lcd.o(i.lcd_scan_dir)
    lcd_set_cursor                           0x08004b8d   Thumb Code   254  lcd.o(i.lcd_set_cursor)
    lcd_show_char                            0x08004c91   Thumb Code   212  lcd.o(i.lcd_show_char)
    lcd_show_num                             0x08004d7d   Thumb Code   124  lcd.o(i.lcd_show_num)
    lcd_show_string                          0x08004df9   Thumb Code    84  lcd.o(i.lcd_show_string)
    lcd_show_xnum                            0x08004e4d   Thumb Code   162  lcd.o(i.lcd_show_xnum)
    lcd_wr_data                              0x08004ef1   Thumb Code    18  lcd.o(i.lcd_wr_data)
    lcd_wr_regno                             0x08004f09   Thumb Code    18  lcd.o(i.lcd_wr_regno)
    lcd_write_ram_prepare                    0x08004f21   Thumb Code    10  lcd.o(i.lcd_write_ram_prepare)
    lcd_write_reg                            0x08004f35   Thumb Code     8  lcd.o(i.lcd_write_reg)
    main                                     0x08004f41   Thumb Code    98  main.o(i.main)
    pvPortMalloc                             0x0800591d   Thumb Code   232  heap_4.o(i.pvPortMalloc)
    pvTaskIncrementMutexHeldCount            0x08005a51   Thumb Code    20  tasks.o(i.pvTaskIncrementMutexHeldCount)
    pxPortInitialiseStack                    0x08005a69   Thumb Code    30  port.o(i.pxPortInitialiseStack)
    start_task                               0x08005a8d   Thumb Code   114  freertos_demo.o(i.start_task)
    sys_stm32_clock_init                     0x08005b35   Thumb Code   172  sys.o(i.sys_stm32_clock_init)
    task1                                    0x08005bed   Thumb Code    12  freertos_demo.o(i.task1)
    task2                                    0x08005bf9   Thumb Code   156  freertos_demo.o(i.task2)
    task3                                    0x08005ca1   Thumb Code    96  freertos_demo.o(i.task3)
    task4                                    0x08005d0d   Thumb Code   194  freertos_demo.o(i.task4)
    usart2_init                              0x08005e0d   Thumb Code   196  usart2.o(i.usart2_init)
    usart2_send_data                         0x08005ee1   Thumb Code    20  usart2.o(i.usart2_send_data)
    usart_init                               0x08005efd   Thumb Code   170  usart.o(i.usart_init)
    usmart_cmd_rec                           0x08005fb9   Thumb Code   142  usmart.o(i.usmart_cmd_rec)
    usmart_exe                               0x0800604d   Thumb Code   528  usmart.o(i.usmart_exe)
    usmart_get_aparm                         0x080062bd   Thumb Code   164  usmart_str.o(i.usmart_get_aparm)
    usmart_get_fname                         0x08006361   Thumb Code   364  usmart_str.o(i.usmart_get_fname)
    usmart_get_fparam                        0x080064d5   Thumb Code   220  usmart_str.o(i.usmart_get_fparam)
    usmart_get_input_string                  0x080065b5   Thumb Code    24  usmart_port.o(i.usmart_get_input_string)
    usmart_get_parmpos                       0x080065d5   Thumb Code    30  usmart_str.o(i.usmart_get_parmpos)
    usmart_init                              0x080065f9   Thumb Code     8  usmart.o(i.usmart_init)
    usmart_pow                               0x08006605   Thumb Code    16  usmart_str.o(i.usmart_pow)
    usmart_scan                              0x08006615   Thumb Code    62  usmart.o(i.usmart_scan)
    usmart_search_nextc                      0x08006661   Thumb Code    20  usmart_str.o(i.usmart_search_nextc)
    usmart_str2num                           0x08006675   Thumb Code   220  usmart_str.o(i.usmart_str2num)
    usmart_strcmp                            0x08006751   Thumb Code    26  usmart_str.o(i.usmart_strcmp)
    usmart_strcopy                           0x0800676b   Thumb Code    18  usmart_str.o(i.usmart_strcopy)
    usmart_strlen                            0x0800677d   Thumb Code    18  usmart_str.o(i.usmart_strlen)
    uxListRemove                             0x0800678f   Thumb Code    38  list.o(i.uxListRemove)
    vListInitialise                          0x080067b5   Thumb Code    22  list.o(i.vListInitialise)
    vListInitialiseItem                      0x080067cb   Thumb Code     6  list.o(i.vListInitialiseItem)
    vListInsert                              0x080067d1   Thumb Code    48  list.o(i.vListInsert)
    vListInsertEnd                           0x08006801   Thumb Code    24  list.o(i.vListInsertEnd)
    vPortEnterCritical                       0x08006819   Thumb Code    50  port.o(i.vPortEnterCritical)
    vPortExitCritical                        0x080068a1   Thumb Code    38  port.o(i.vPortExitCritical)
    vPortFree                                0x08006919   Thumb Code   100  heap_4.o(i.vPortFree)
    vPortSetupTimerInterrupt                 0x080069c9   Thumb Code    32  port.o(i.vPortSetupTimerInterrupt)
    vPortValidateInterruptPriority           0x080069ed   Thumb Code    70  port.o(i.vPortValidateInterruptPriority)
    vQueueAddToRegistry                      0x08006a89   Thumb Code    72  queue.o(i.vQueueAddToRegistry)
    vQueueWaitForMessageRestricted           0x08006b09   Thumb Code    70  queue.o(i.vQueueWaitForMessageRestricted)
    vTaskDelay                               0x08006b51   Thumb Code    66  tasks.o(i.vTaskDelay)
    vTaskDelete                              0x08006bd1   Thumb Code   158  tasks.o(i.vTaskDelete)
    vTaskInternalSetTimeOutState             0x08006cb5   Thumb Code    12  tasks.o(i.vTaskInternalSetTimeOutState)
    vTaskMissedYield                         0x08006cc5   Thumb Code     8  tasks.o(i.vTaskMissedYield)
    vTaskPlaceOnEventList                    0x08006cd1   Thumb Code    46  tasks.o(i.vTaskPlaceOnEventList)
    vTaskPlaceOnEventListRestricted          0x08006d39   Thumb Code    80  tasks.o(i.vTaskPlaceOnEventListRestricted)
    vTaskPriorityDisinheritAfterTimeout      0x08006dc1   Thumb Code   186  tasks.o(i.vTaskPriorityDisinheritAfterTimeout)
    vTaskStartScheduler                      0x08006eb9   Thumb Code    92  tasks.o(i.vTaskStartScheduler)
    vTaskSuspendAll                          0x08006f59   Thumb Code    10  tasks.o(i.vTaskSuspendAll)
    vTaskSwitchContext                       0x08006f69   Thumb Code    84  tasks.o(i.vTaskSwitchContext)
    xPortStartScheduler                      0x08006ff9   Thumb Code   228  port.o(i.xPortStartScheduler)
    xPortSysTickHandler                      0x0800713d   Thumb Code    38  port.o(i.xPortSysTickHandler)
    xQueueGenericCreate                      0x08007169   Thumb Code    78  queue.o(i.xQueueGenericCreate)
    xQueueGenericReset                       0x080071ed   Thumb Code   174  queue.o(i.xQueueGenericReset)
    xQueueGiveFromISR                        0x080072d5   Thumb Code   180  queue.o(i.xQueueGiveFromISR)
    xQueueReceive                            0x080073bd   Thumb Code   296  queue.o(i.xQueueReceive)
    xQueueSemaphoreTake                      0x0800751d   Thumb Code   360  queue.o(i.xQueueSemaphoreTake)
    xTaskCheckForTimeOut                     0x080076bd   Thumb Code   134  tasks.o(i.xTaskCheckForTimeOut)
    xTaskCreate                              0x0800777d   Thumb Code    96  tasks.o(i.xTaskCreate)
    xTaskGetSchedulerState                   0x080077dd   Thumb Code    24  tasks.o(i.xTaskGetSchedulerState)
    xTaskGetTickCount                        0x080077f9   Thumb Code     6  tasks.o(i.xTaskGetTickCount)
    xTaskIncrementTick                       0x08007805   Thumb Code   292  tasks.o(i.xTaskIncrementTick)
    xTaskPriorityDisinherit                  0x08007965   Thumb Code   166  tasks.o(i.xTaskPriorityDisinherit)
    xTaskPriorityInherit                     0x08007a49   Thumb Code   172  tasks.o(i.xTaskPriorityInherit)
    xTaskRemoveFromEventList                 0x08007afd   Thumb Code   206  tasks.o(i.xTaskRemoveFromEventList)
    xTaskResumeAll                           0x08007c0d   Thumb Code   280  tasks.o(i.xTaskResumeAll)
    xTimerCreateTimerTask                    0x08007d69   Thumb Code    58  timers.o(i.xTimerCreateTimerTask)
    _get_lc_numeric                          0x08007de9   Thumb Code    44  lc_numeric_c.o(locale$$code)
    _get_lc_ctype                            0x08007e15   Thumb Code    44  lc_ctype_c.o(locale$$code)
    __aeabi_d2f                              0x08007e41   Thumb Code     0  d2f.o(x$fpl$d2f)
    _d2f                                     0x08007e41   Thumb Code    98  d2f.o(x$fpl$d2f)
    __fpl_dcheck_NaN1                        0x08007ea5   Thumb Code    10  dcheck1.o(x$fpl$dcheck1)
    __fpl_dcmp_Inf                           0x08007eb5   Thumb Code    24  dcmpi.o(x$fpl$dcmpinf)
    __aeabi_cdcmpeq                          0x08007ecd   Thumb Code     0  deqf.o(x$fpl$deqf)
    _dcmpeq                                  0x08007ecd   Thumb Code   120  deqf.o(x$fpl$deqf)
    __aeabi_cdcmple                          0x08007f45   Thumb Code     0  dleqf.o(x$fpl$dleqf)
    _dcmple                                  0x08007f45   Thumb Code   120  dleqf.o(x$fpl$dleqf)
    __fpl_dcmple_InfNaN                      0x08007fa7   Thumb Code     0  dleqf.o(x$fpl$dleqf)
    __aeabi_dmul                             0x08007fbd   Thumb Code     0  dmul.o(x$fpl$dmul)
    _dmul                                    0x08007fbd   Thumb Code   332  dmul.o(x$fpl$dmul)
    __fpl_dnaninf                            0x08008111   Thumb Code   156  dnaninf.o(x$fpl$dnaninf)
    __fpl_dretinf                            0x080081ad   Thumb Code    12  dretinf.o(x$fpl$dretinf)
    __aeabi_cdrcmple                         0x080081b9   Thumb Code     0  drleqf.o(x$fpl$drleqf)
    _drcmple                                 0x080081b9   Thumb Code   108  drleqf.o(x$fpl$drleqf)
    __aeabi_f2d                              0x08008225   Thumb Code     0  f2d.o(x$fpl$f2d)
    _f2d                                     0x08008225   Thumb Code    86  f2d.o(x$fpl$f2d)
    __fpl_fnaninf                            0x0800827b   Thumb Code   140  fnaninf.o(x$fpl$fnaninf)
    _fp_init                                 0x08008307   Thumb Code    10  fpinit.o(x$fpl$fpinit)
    __fplib_config_fpu_vfp                   0x0800830f   Thumb Code     0  fpinit.o(x$fpl$fpinit)
    __fplib_config_pureend_doubles           0x0800830f   Thumb Code     0  fpinit.o(x$fpl$fpinit)
    __fpl_fretinf                            0x08008311   Thumb Code    10  fretinf.o(x$fpl$fretinf)
    __ieee_status                            0x0800831b   Thumb Code     6  istatus.o(x$fpl$ieeestatus)
    _printf_fp_dec                           0x08008321   Thumb Code     4  printf1.o(x$fpl$printf1)
    __fpl_return_NaN                         0x08008325   Thumb Code   100  retnan.o(x$fpl$retnan)
    __ARM_scalbn                             0x08008389   Thumb Code    92  scalbn.o(x$fpl$scalbn)
    _scanf_real                              0x080083e5   Thumb Code     4  scanf1.o(x$fpl$scanf1)
    _scanf_hex_real                          0x080083e9   Thumb Code     4  scanf2.o(x$fpl$scanf2)
    _scanf_infnan                            0x080083ed   Thumb Code     4  scanf2.o(x$fpl$scanf2)
    __fpl_cmpreturn                          0x080083f1   Thumb Code    48  trapv.o(x$fpl$trapveneer)
    AHBPrescTable                            0x08008420   Data          16  system_stm32f4xx.o(.constdata)
    __I$use$fp                               0x08008420   Number         0  usenofp.o(x$fpl$usenofp)
    APBPrescTable                            0x08008430   Data           8  system_stm32f4xx.o(.constdata)
    asc2_1206                                0x08008440   Data        1140  lcd.o(.constdata)
    asc2_1608                                0x080088b4   Data        1520  lcd.o(.constdata)
    asc2_2412                                0x08008ea4   Data        3420  lcd.o(.constdata)
    asc2_3216                                0x08009c00   Data        6080  lcd.o(.constdata)
    Region$$Table$$Base                      0x0800b81c   Number         0  anon$$obj.o(Region$$Table)
    Region$$Table$$Limit                     0x0800b83c   Number         0  anon$$obj.o(Region$$Table)
    __aeabi_HUGE_VAL                         0x0800b83c   Data           0  fpconst.o(c$$dinf)
    __aeabi_HUGE_VALL                        0x0800b83c   Data           0  fpconst.o(c$$dinf)
    __aeabi_INFINITY                         0x0800b83c   Data           0  fpconst.o(c$$dinf)
    __dInf                                   0x0800b83c   Data           0  fpconst.o(c$$dinf)
    __huge_val                               0x0800b83c   Data           0  fpconst.o(c$$dinf)
    __dbl_max                                0x0800b844   Data           0  fpconst.o(c$$dmax)
    __ctype                                  0x0800b875   Data           0  lc_ctype_c.o(locale$$data)
    SystemCoreClock                          0x20000000   Data           4  system_stm32f4xx.o(.data)
    pc_t_l                                   0x20000004   Data           4  freertos_demo.o(.data)
    pc_t_r                                   0x20000008   Data           4  freertos_demo.o(.data)
    StartTask_Handler                        0x2000000c   Data           4  freertos_demo.o(.data)
    Task1Task_Handler                        0x20000010   Data           4  freertos_demo.o(.data)
    Task2Task_Handler                        0x20000014   Data           4  freertos_demo.o(.data)
    Task3Task_Handler                        0x20000018   Data           4  freertos_demo.o(.data)
    Task4Task_Handler                        0x2000001c   Data           4  freertos_demo.o(.data)
    sem1                                     0x20000020   Data           4  freertos_demo.o(.data)
    sem2                                     0x20000024   Data           4  freertos_demo.o(.data)
    sem3                                     0x20000028   Data           4  freertos_demo.o(.data)
    sem4                                     0x2000002c   Data           4  freertos_demo.o(.data)
    g_usart_rx_sta                           0x20000034   Data           2  usart.o(.data)
    __stdout                                 0x20000038   Data           4  usart.o(.data)
    uwTickFreq                               0x2000003c   Data           1  stm32f4xx_hal.o(.data)
    uwTickPrio                               0x20000040   Data           4  stm32f4xx_hal.o(.data)
    uwTick                                   0x20000044   Data           4  stm32f4xx_hal.o(.data)
    g_back_color                             0x20000048   Data           4  lcd.o(.data)
    g_UART5_rx_cnt                           0x2000004c   Data           1  uart5.o(.data)
    g_USART6_rx_cnt                          0x2000004d   Data           1  usart6.o(.data)
    g_USART2_rx_cnt                          0x2000004e   Data           1  usart2.o(.data)
    g_USART3_rx_cnt                          0x2000004f   Data           1  usart3.o(.data)
    usmart_nametab                           0x20000050   Data         104  usmart_config.o(.data)
    usmart_dev                               0x200000b8   Data         244  usmart_config.o(.data)
    pxCurrentTCB                             0x200001ac   Data           4  tasks.o(.data)
    uxTopUsedPriority                        0x200001dc   Data           4  tasks.o(.data)
    exo_state                                0x2000022c   Data         128  freertos_demo.o(.bss)
    pc_o                                     0x200002ac   Data          20  freertos_demo.o(.bss)
    tcmd                                     0x200002c0   Data          10  freertos_demo.o(.bss)
    g_usart_rx_buf                           0x200002dc   Data          50  usart.o(.bss)
    g_uart1_handle                           0x20000310   Data          68  usart.o(.bss)
    g_sram_handle                            0x20000354   Data          80  lcd.o(.bss)
    lcddev                                   0x200003a4   Data          14  lcd.o(.bss)
    g_tim6_handler                           0x200003b4   Data          72  btim.o(.bss)
    g_tim7_handler                           0x200003fc   Data          72  btim.o(.bss)
    g_dma_handle                             0x20000444   Data          96  dma.o(.bss)
    g_dma_handle_usart2_rx                   0x200004a4   Data          96  dma.o(.bss)
    g_dma_handle_usart2                      0x20000504   Data          96  dma.o(.bss)
    g_dma_handle_usart3                      0x20000564   Data          96  dma.o(.bss)
    g_dma_handle_uart5                       0x200005c4   Data          96  dma.o(.bss)
    g_dma_handle_usart6                      0x20000624   Data          96  dma.o(.bss)
    g_uart5_handler                          0x20000684   Data          68  uart5.o(.bss)
    g_UART5_rx_buf                           0x200006c8   Data          64  uart5.o(.bss)
    g_usart6_handler                         0x20000708   Data          68  usart6.o(.bss)
    g_USART6_rx_buf                          0x2000074c   Data          64  usart6.o(.bss)
    g_usart2_handler                         0x2000078c   Data          68  usart2.o(.bss)
    g_USART2_rx_buf                          0x200007d0   Data         128  usart2.o(.bss)
    g_usart3_handler                         0x20000850   Data          68  usart3.o(.bss)
    g_USART3_rx_buf                          0x20000894   Data          32  usart3.o(.bss)
    iwdg_handler                             0x200008b4   Data          12  wdg.o(.bss)
    xQueueRegistry                           0x200008c0   Data          64  queue.o(.bss)
    __libspace_start                         0x20014c0c   Data          96  libspace.o(.bss)
    __temporary_stack_top$libspace           0x20014c6c   Data           0  libspace.o(.bss)



==============================================================================

Memory Map of the image

  Image Entry point : 0x08000189

  Load Region LR_IROM1 (Base: 0x08000000, Size: 0x0000bba4, Max: 0x00100000, ABSOLUTE, COMPRESSED[0x0000b9fc])

    Execution Region ER_IROM1 (Exec base: 0x08000000, Load base: 0x08000000, Size: 0x0000b978, Max: 0x00100000, ABSOLUTE)

    Exec Addr    Load Addr    Size         Type   Attr      Idx    E Section Name        Object

    0x08000000   0x08000000   0x00000188   Data   RO            3    RESET               startup_stm32f407xx.o
    0x08000188   0x08000188   0x00000008   Code   RO         6318  * !!!main             c_w.l(__main.o)
    0x08000190   0x08000190   0x00000034   Code   RO         6748    !!!scatter          c_w.l(__scatter.o)
    0x080001c4   0x080001c4   0x0000005a   Code   RO         6746    !!dczerorl2         c_w.l(__dczerorl2.o)
    0x0800021e   0x0800021e   0x00000002   PAD
    0x08000220   0x08000220   0x0000001c   Code   RO         6750    !!handler_zi        c_w.l(__scatter_zi.o)
    0x0800023c   0x0800023c   0x00000000   Code   RO         6301    .ARM.Collect$$_printf_percent$$00000000  c_w.l(_printf_percent.o)
    0x0800023c   0x0800023c   0x00000006   Code   RO         6300    .ARM.Collect$$_printf_percent$$00000003  c_w.l(_printf_f.o)
    0x08000242   0x08000242   0x00000006   Code   RO         6298    .ARM.Collect$$_printf_percent$$00000009  c_w.l(_printf_d.o)
    0x08000248   0x08000248   0x00000006   Code   RO         6299    .ARM.Collect$$_printf_percent$$0000000A  c_w.l(_printf_u.o)
    0x0800024e   0x0800024e   0x00000006   Code   RO         6297    .ARM.Collect$$_printf_percent$$0000000C  c_w.l(_printf_x.o)
    0x08000254   0x08000254   0x00000006   Code   RO         6295    .ARM.Collect$$_printf_percent$$00000013  c_w.l(_printf_c.o)
    0x0800025a   0x0800025a   0x00000006   Code   RO         6296    .ARM.Collect$$_printf_percent$$00000014  c_w.l(_printf_s.o)
    0x08000260   0x08000260   0x00000004   Code   RO         6403    .ARM.Collect$$_printf_percent$$00000017  c_w.l(_printf_percent_end.o)
    0x08000264   0x08000264   0x00000002   Code   RO         6571    .ARM.Collect$$libinit$$00000000  c_w.l(libinit.o)
    0x08000266   0x08000266   0x00000004   Code   RO         6572    .ARM.Collect$$libinit$$00000001  c_w.l(libinit2.o)
    0x0800026a   0x0800026a   0x00000000   Code   RO         6575    .ARM.Collect$$libinit$$00000004  c_w.l(libinit2.o)
    0x0800026a   0x0800026a   0x00000000   Code   RO         6578    .ARM.Collect$$libinit$$0000000A  c_w.l(libinit2.o)
    0x0800026a   0x0800026a   0x00000000   Code   RO         6580    .ARM.Collect$$libinit$$0000000C  c_w.l(libinit2.o)
    0x0800026a   0x0800026a   0x00000000   Code   RO         6582    .ARM.Collect$$libinit$$0000000E  c_w.l(libinit2.o)
    0x0800026a   0x0800026a   0x00000006   Code   RO         6583    .ARM.Collect$$libinit$$0000000F  c_w.l(libinit2.o)
    0x08000270   0x08000270   0x00000000   Code   RO         6585    .ARM.Collect$$libinit$$00000011  c_w.l(libinit2.o)
    0x08000270   0x08000270   0x0000000c   Code   RO         6586    .ARM.Collect$$libinit$$00000012  c_w.l(libinit2.o)
    0x0800027c   0x0800027c   0x00000000   Code   RO         6587    .ARM.Collect$$libinit$$00000013  c_w.l(libinit2.o)
    0x0800027c   0x0800027c   0x00000000   Code   RO         6589    .ARM.Collect$$libinit$$00000015  c_w.l(libinit2.o)
    0x0800027c   0x0800027c   0x0000000a   Code   RO         6590    .ARM.Collect$$libinit$$00000016  c_w.l(libinit2.o)
    0x08000286   0x08000286   0x00000000   Code   RO         6591    .ARM.Collect$$libinit$$00000017  c_w.l(libinit2.o)
    0x08000286   0x08000286   0x00000000   Code   RO         6593    .ARM.Collect$$libinit$$00000019  c_w.l(libinit2.o)
    0x08000286   0x08000286   0x00000000   Code   RO         6595    .ARM.Collect$$libinit$$0000001B  c_w.l(libinit2.o)
    0x08000286   0x08000286   0x00000000   Code   RO         6597    .ARM.Collect$$libinit$$0000001D  c_w.l(libinit2.o)
    0x08000286   0x08000286   0x00000000   Code   RO         6599    .ARM.Collect$$libinit$$0000001F  c_w.l(libinit2.o)
    0x08000286   0x08000286   0x00000000   Code   RO         6601    .ARM.Collect$$libinit$$00000021  c_w.l(libinit2.o)
    0x08000286   0x08000286   0x00000000   Code   RO         6603    .ARM.Collect$$libinit$$00000023  c_w.l(libinit2.o)
    0x08000286   0x08000286   0x00000000   Code   RO         6605    .ARM.Collect$$libinit$$00000025  c_w.l(libinit2.o)
    0x08000286   0x08000286   0x00000000   Code   RO         6609    .ARM.Collect$$libinit$$0000002C  c_w.l(libinit2.o)
    0x08000286   0x08000286   0x00000000   Code   RO         6611    .ARM.Collect$$libinit$$0000002E  c_w.l(libinit2.o)
    0x08000286   0x08000286   0x00000000   Code   RO         6613    .ARM.Collect$$libinit$$00000030  c_w.l(libinit2.o)
    0x08000286   0x08000286   0x00000000   Code   RO         6615    .ARM.Collect$$libinit$$00000032  c_w.l(libinit2.o)
    0x08000286   0x08000286   0x00000002   Code   RO         6616    .ARM.Collect$$libinit$$00000033  c_w.l(libinit2.o)
    0x08000288   0x08000288   0x00000002   Code   RO         6689    .ARM.Collect$$libshutdown$$00000000  c_w.l(libshutdown.o)
    0x0800028a   0x0800028a   0x00000000   Code   RO         6711    .ARM.Collect$$libshutdown$$00000002  c_w.l(libshutdown2.o)
    0x0800028a   0x0800028a   0x00000000   Code   RO         6713    .ARM.Collect$$libshutdown$$00000004  c_w.l(libshutdown2.o)
    0x0800028a   0x0800028a   0x00000000   Code   RO         6715    .ARM.Collect$$libshutdown$$00000006  c_w.l(libshutdown2.o)
    0x0800028a   0x0800028a   0x00000000   Code   RO         6718    .ARM.Collect$$libshutdown$$00000009  c_w.l(libshutdown2.o)
    0x0800028a   0x0800028a   0x00000000   Code   RO         6721    .ARM.Collect$$libshutdown$$0000000C  c_w.l(libshutdown2.o)
    0x0800028a   0x0800028a   0x00000000   Code   RO         6723    .ARM.Collect$$libshutdown$$0000000E  c_w.l(libshutdown2.o)
    0x0800028a   0x0800028a   0x00000000   Code   RO         6726    .ARM.Collect$$libshutdown$$00000011  c_w.l(libshutdown2.o)
    0x0800028a   0x0800028a   0x00000002   Code   RO         6727    .ARM.Collect$$libshutdown$$00000012  c_w.l(libshutdown2.o)
    0x0800028c   0x0800028c   0x00000000   Code   RO         6384    .ARM.Collect$$rtentry$$00000000  c_w.l(__rtentry.o)
    0x0800028c   0x0800028c   0x00000000   Code   RO         6467    .ARM.Collect$$rtentry$$00000002  c_w.l(__rtentry2.o)
    0x0800028c   0x0800028c   0x00000006   Code   RO         6479    .ARM.Collect$$rtentry$$00000004  c_w.l(__rtentry4.o)
    0x08000292   0x08000292   0x00000000   Code   RO         6469    .ARM.Collect$$rtentry$$00000009  c_w.l(__rtentry2.o)
    0x08000292   0x08000292   0x00000004   Code   RO         6470    .ARM.Collect$$rtentry$$0000000A  c_w.l(__rtentry2.o)
    0x08000296   0x08000296   0x00000000   Code   RO         6472    .ARM.Collect$$rtentry$$0000000C  c_w.l(__rtentry2.o)
    0x08000296   0x08000296   0x00000008   Code   RO         6473    .ARM.Collect$$rtentry$$0000000D  c_w.l(__rtentry2.o)
    0x0800029e   0x0800029e   0x00000002   Code   RO         6629    .ARM.Collect$$rtexit$$00000000  c_w.l(rtexit.o)
    0x080002a0   0x080002a0   0x00000000   Code   RO         6648    .ARM.Collect$$rtexit$$00000002  c_w.l(rtexit2.o)
    0x080002a0   0x080002a0   0x00000004   Code   RO         6649    .ARM.Collect$$rtexit$$00000003  c_w.l(rtexit2.o)
    0x080002a4   0x080002a4   0x00000006   Code   RO         6650    .ARM.Collect$$rtexit$$00000004  c_w.l(rtexit2.o)
    0x080002aa   0x080002aa   0x00000002   PAD
    0x080002ac   0x080002ac   0x000000be   Code   RO         6137    .emb_text           port.o
    0x0800036a   0x0800036a   0x00000002   PAD
    0x0800036c   0x0800036c   0x00000068   Code   RO            4    .text               startup_stm32f407xx.o
    0x080003d4   0x080003d4   0x00000002   Code   RO         6234    .text               c_w.l(use_no_semi_2.o)
    0x080003d6   0x080003d6   0x000000ee   Code   RO         6236    .text               c_w.l(lludivv7m.o)
    0x080004c4   0x080004c4   0x00000018   Code   RO         6242    .text               c_w.l(noretval__2printf.o)
    0x080004dc   0x080004dc   0x0000004e   Code   RO         6248    .text               c_w.l(_printf_pad.o)
    0x0800052a   0x0800052a   0x00000052   Code   RO         6250    .text               c_w.l(_printf_str.o)
    0x0800057c   0x0800057c   0x00000078   Code   RO         6252    .text               c_w.l(_printf_dec.o)
    0x080005f4   0x080005f4   0x00000058   Code   RO         6257    .text               c_w.l(_printf_hex_int.o)
    0x0800064c   0x0800064c   0x00000188   Code   RO         6292    .text               c_w.l(__printf_flags_ss_wp.o)
    0x080007d4   0x080007d4   0x0000008a   Code   RO         6306    .text               c_w.l(rt_memcpy_v6.o)
    0x0800085e   0x0800085e   0x00000064   Code   RO         6308    .text               c_w.l(rt_memcpy_w.o)
    0x080008c2   0x080008c2   0x00000010   Code   RO         6312    .text               c_w.l(aeabi_memset.o)
    0x080008d2   0x080008d2   0x0000004e   Code   RO         6314    .text               c_w.l(rt_memclr_w.o)
    0x08000920   0x08000920   0x00000006   Code   RO         6316    .text               c_w.l(heapauxi.o)
    0x08000926   0x08000926   0x00000002   Code   RO         6382    .text               c_w.l(use_no_semi.o)
    0x08000928   0x08000928   0x00000016   Code   RO         6389    .text               c_w.l(_rserrno.o)
    0x0800093e   0x0800093e   0x000000b2   Code   RO         6391    .text               c_w.l(_printf_intcommon.o)
    0x080009f0   0x080009f0   0x0000041e   Code   RO         6393    .text               c_w.l(_printf_fp_dec.o)
    0x08000e0e   0x08000e0e   0x00000002   PAD
    0x08000e10   0x08000e10   0x00000030   Code   RO         6395    .text               c_w.l(_printf_char_common.o)
    0x08000e40   0x08000e40   0x0000002c   Code   RO         6399    .text               c_w.l(_printf_char.o)
    0x08000e6c   0x08000e6c   0x00000024   Code   RO         6401    .text               c_w.l(_printf_char_file.o)
    0x08000e90   0x08000e90   0x0000001a   Code   RO         6404    .text               c_w.l(strtof.o)
    0x08000eaa   0x08000eaa   0x00000044   Code   RO         6406    .text               c_w.l(rt_memclr.o)
    0x08000eee   0x08000eee   0x00000002   PAD
    0x08000ef0   0x08000ef0   0x00000008   Code   RO         6486    .text               c_w.l(rt_locale_intlibspace.o)
    0x08000ef8   0x08000ef8   0x00000008   Code   RO         6491    .text               c_w.l(rt_errno_addr_intlibspace.o)
    0x08000f00   0x08000f00   0x0000008a   Code   RO         6493    .text               c_w.l(lludiv10.o)
    0x08000f8a   0x08000f8a   0x00000002   PAD
    0x08000f8c   0x08000f8c   0x00000080   Code   RO         6495    .text               c_w.l(_printf_fp_infnan.o)
    0x0800100c   0x0800100c   0x000000a4   Code   RO         6499    .text               c_w.l(strtod.o)
    0x080010b0   0x080010b0   0x000000e4   Code   RO         6501    .text               c_w.l(bigflt0.o)
    0x08001194   0x08001194   0x00000008   Code   RO         6526    .text               c_w.l(ferror.o)
    0x0800119c   0x0800119c   0x00000008   Code   RO         6549    .text               c_w.l(libspace.o)
    0x080011a4   0x080011a4   0x0000004a   Code   RO         6552    .text               c_w.l(sys_stackheap_outer.o)
    0x080011ee   0x080011ee   0x00000012   Code   RO         6554    .text               c_w.l(isspace.o)
    0x08001200   0x08001200   0x00000040   Code   RO         6556    .text               c_w.l(_sgetc.o)
    0x08001240   0x08001240   0x00000012   Code   RO         6558    .text               c_w.l(exit.o)
    0x08001252   0x08001252   0x00000002   PAD
    0x08001254   0x08001254   0x00000080   Code   RO         6564    .text               c_w.l(strcmpv7m.o)
    0x080012d4   0x080012d4   0x00000010   Code   RO         6631    .text               c_w.l(rt_ctype_table.o)
    0x080012e4   0x080012e4   0x000004f8   Code   RO         6635    .text               c_w.l(scanf_fp.o)
    0x080017dc   0x080017dc   0x00000320   Code   RO         6677    .text               c_w.l(scanf_hexfp.o)
    0x08001afc   0x08001afc   0x00000134   Code   RO         6679    .text               c_w.l(scanf_infnan.o)
    0x08001c30   0x08001c30   0x00000026   Code   RO         6690    .text               c_w.l(llshl.o)
    0x08001c56   0x08001c56   0x0000001c   Code   RO         6692    .text               c_w.l(_chval.o)
    0x08001c72   0x08001c72   0x0000003e   Code   RO         6504    CL$$btod_d2e        c_w.l(btod.o)
    0x08001cb0   0x08001cb0   0x00000046   Code   RO         6506    CL$$btod_d2e_denorm_low  c_w.l(btod.o)
    0x08001cf6   0x08001cf6   0x00000060   Code   RO         6505    CL$$btod_d2e_norm_op1  c_w.l(btod.o)
    0x08001d56   0x08001d56   0x00000338   Code   RO         6514    CL$$btod_div_common  c_w.l(btod.o)
    0x0800208e   0x0800208e   0x00000002   PAD
    0x08002090   0x08002090   0x00000084   Code   RO         6512    CL$$btod_e2d        c_w.l(btod.o)
    0x08002114   0x08002114   0x000000dc   Code   RO         6511    CL$$btod_e2e        c_w.l(btod.o)
    0x080021f0   0x080021f0   0x0000002a   Code   RO         6508    CL$$btod_ediv       c_w.l(btod.o)
    0x0800221a   0x0800221a   0x0000002a   Code   RO         6510    CL$$btod_edivd      c_w.l(btod.o)
    0x08002244   0x08002244   0x0000002a   Code   RO         6507    CL$$btod_emul       c_w.l(btod.o)
    0x0800226e   0x0800226e   0x0000002a   Code   RO         6509    CL$$btod_emuld      c_w.l(btod.o)
    0x08002298   0x08002298   0x00000244   Code   RO         6513    CL$$btod_mult_common  c_w.l(btod.o)
    0x080024dc   0x080024dc   0x00000194   Code   RO          834    i.AD7606_Init       ad7606.o
    0x08002670   0x08002670   0x00000002   Code   RO          329    i.BusFault_Handler  stm32f4xx_it.o
    0x08002672   0x08002672   0x00000002   PAD
    0x08002674   0x08002674   0x00000094   Code   RO          330    i.DMA1_Stream3_IRQHandler  stm32f4xx_it.o
    0x08002708   0x08002708   0x0000008c   Code   RO          331    i.DMA1_Stream6_IRQHandler  stm32f4xx_it.o
    0x08002794   0x08002794   0x00000094   Code   RO          332    i.DMA1_Stream7_IRQHandler  stm32f4xx_it.o
    0x08002828   0x08002828   0x00000094   Code   RO          333    i.DMA2_Stream7_IRQHandler  stm32f4xx_it.o
    0x080028bc   0x080028bc   0x0000002c   Code   RO         2415    i.DMA_CalcBaseAndBitshift  stm32f4xx_hal_dma.o
    0x080028e8   0x080028e8   0x00000078   Code   RO         2416    i.DMA_CheckFifoParam  stm32f4xx_hal_dma.o
    0x08002960   0x08002960   0x0000002a   Code   RO         2417    i.DMA_SetConfig     stm32f4xx_hal_dma.o
    0x0800298a   0x0800298a   0x00000002   Code   RO          334    i.DebugMon_Handler  stm32f4xx_it.o
    0x0800298c   0x0800298c   0x00000020   Code   RO          835    i.EXTI0_IRQHandler  ad7606.o
    0x080029ac   0x080029ac   0x0000008e   Code   RO         2418    i.HAL_DMA_Abort     stm32f4xx_hal_dma.o
    0x08002a3a   0x08002a3a   0x00000002   PAD
    0x08002a3c   0x08002a3c   0x000000d4   Code   RO         2424    i.HAL_DMA_Init      stm32f4xx_hal_dma.o
    0x08002b10   0x08002b10   0x0000006e   Code   RO         2428    i.HAL_DMA_Start_IT  stm32f4xx_hal_dma.o
    0x08002b7e   0x08002b7e   0x00000002   PAD
    0x08002b80   0x08002b80   0x000001d0   Code   RO         1389    i.HAL_GPIO_Init     stm32f4xx_hal_gpio.o
    0x08002d50   0x08002d50   0x0000000e   Code   RO         1391    i.HAL_GPIO_ReadPin  stm32f4xx_hal_gpio.o
    0x08002d5e   0x08002d5e   0x0000000e   Code   RO         1393    i.HAL_GPIO_WritePin  stm32f4xx_hal_gpio.o
    0x08002d6c   0x08002d6c   0x0000000c   Code   RO         1077    i.HAL_GetREVID      stm32f4xx_hal.o
    0x08002d78   0x08002d78   0x0000000c   Code   RO         1078    i.HAL_GetTick       stm32f4xx_hal.o
    0x08002d84   0x08002d84   0x0000005a   Code   RO         3906    i.HAL_IWDG_Init     stm32f4xx_hal_iwdg.o
    0x08002dde   0x08002dde   0x0000000c   Code   RO         3907    i.HAL_IWDG_Refresh  stm32f4xx_hal_iwdg.o
    0x08002dea   0x08002dea   0x00000002   PAD
    0x08002dec   0x08002dec   0x00000010   Code   RO         1084    i.HAL_IncTick       stm32f4xx_hal.o
    0x08002dfc   0x08002dfc   0x0000002c   Code   RO         1085    i.HAL_Init          stm32f4xx_hal.o
    0x08002e28   0x08002e28   0x00000044   Code   RO         1086    i.HAL_InitTick      stm32f4xx_hal.o
    0x08002e6c   0x08002e6c   0x00000002   Code   RO         1088    i.HAL_MspInit       stm32f4xx_hal.o
    0x08002e6e   0x08002e6e   0x0000001a   Code   RO         1256    i.HAL_NVIC_EnableIRQ  stm32f4xx_hal_cortex.o
    0x08002e88   0x08002e88   0x00000040   Code   RO         1262    i.HAL_NVIC_SetPriority  stm32f4xx_hal_cortex.o
    0x08002ec8   0x08002ec8   0x00000024   Code   RO         1263    i.HAL_NVIC_SetPriorityGrouping  stm32f4xx_hal_cortex.o
    0x08002eec   0x08002eec   0x0000014c   Code   RO         1453    i.HAL_RCC_ClockConfig  stm32f4xx_hal_rcc.o
    0x08003038   0x08003038   0x0000000c   Code   RO         1458    i.HAL_RCC_GetHCLKFreq  stm32f4xx_hal_rcc.o
    0x08003044   0x08003044   0x00000020   Code   RO         1460    i.HAL_RCC_GetPCLK1Freq  stm32f4xx_hal_rcc.o
    0x08003064   0x08003064   0x00000020   Code   RO         1461    i.HAL_RCC_GetPCLK2Freq  stm32f4xx_hal_rcc.o
    0x08003084   0x08003084   0x00000068   Code   RO         1462    i.HAL_RCC_GetSysClockFreq  stm32f4xx_hal_rcc.o
    0x080030ec   0x080030ec   0x000003c0   Code   RO         1465    i.HAL_RCC_OscConfig  stm32f4xx_hal_rcc.o
    0x080034ac   0x080034ac   0x0000001c   Code   RO         1265    i.HAL_SYSTICK_CLKSourceConfig  stm32f4xx_hal_cortex.o
    0x080034c8   0x080034c8   0x00000028   Code   RO         1267    i.HAL_SYSTICK_Config  stm32f4xx_hal_cortex.o
    0x080034f0   0x080034f0   0x0000004a   Code   RO         2564    i.HAL_TIM_Base_Init  stm32f4xx_hal_tim.o
    0x0800353a   0x0800353a   0x00000002   Code   RO         2566    i.HAL_TIM_Base_MspInit  stm32f4xx_hal_tim.o
    0x0800353c   0x0800353c   0x0000008c   Code   RO         2569    i.HAL_TIM_Base_Start_IT  stm32f4xx_hal_tim.o
    0x080035c8   0x080035c8   0x00000002   Code   RO         2059    i.HAL_UARTEx_RxEventCallback  stm32f4xx_hal_uart.o
    0x080035ca   0x080035ca   0x00000058   Code   RO         2071    i.HAL_UART_DMAStop  stm32f4xx_hal_uart.o
    0x08003622   0x08003622   0x00000002   Code   RO         2073    i.HAL_UART_ErrorCallback  stm32f4xx_hal_uart.o
    0x08003624   0x08003624   0x00000064   Code   RO         2077    i.HAL_UART_Init     stm32f4xx_hal_uart.o
    0x08003688   0x08003688   0x00000002   Code   RO         2079    i.HAL_UART_MspInit  stm32f4xx_hal_uart.o
    0x0800368a   0x0800368a   0x000000ca   Code   RO         2080    i.HAL_UART_Receive  stm32f4xx_hal_uart.o
    0x08003754   0x08003754   0x0000002e   Code   RO         2081    i.HAL_UART_Receive_DMA  stm32f4xx_hal_uart.o
    0x08003782   0x08003782   0x00000002   Code   RO         2083    i.HAL_UART_RxCpltCallback  stm32f4xx_hal_uart.o
    0x08003784   0x08003784   0x00000002   Code   RO         2084    i.HAL_UART_RxHalfCpltCallback  stm32f4xx_hal_uart.o
    0x08003786   0x08003786   0x00000002   PAD
    0x08003788   0x08003788   0x0000008c   Code   RO         2086    i.HAL_UART_Transmit_DMA  stm32f4xx_hal_uart.o
    0x08003814   0x08003814   0x00000002   Code   RO         2088    i.HAL_UART_TxCpltCallback  stm32f4xx_hal_uart.o
    0x08003816   0x08003816   0x00000002   Code   RO         2089    i.HAL_UART_TxHalfCpltCallback  stm32f4xx_hal_uart.o
    0x08003818   0x08003818   0x00000002   Code   RO          335    i.HardFault_Handler  stm32f4xx_it.o
    0x0800381a   0x0800381a   0x00000002   Code   RO          336    i.MemManage_Handler  stm32f4xx_it.o
    0x0800381c   0x0800381c   0x00000002   Code   RO          337    i.NMI_Handler       stm32f4xx_it.o
    0x0800381e   0x0800381e   0x00000018   Code   RO          877    i.SysTick_Handler   delay.o
    0x08003836   0x08003836   0x00000002   PAD
    0x08003838   0x08003838   0x00000010   Code   RO          591    i.SystemInit        system_stm32f4xx.o
    0x08003848   0x08003848   0x0000002c   Code   RO         4361    i.TIM6_DAC_IRQHandler  btim.o
    0x08003874   0x08003874   0x0000002c   Code   RO         4362    i.TIM7_IRQHandler   btim.o
    0x080038a0   0x080038a0   0x000000cc   Code   RO         2657    i.TIM_Base_SetConfig  stm32f4xx_hal_tim.o
    0x0800396c   0x0800396c   0x00000048   Code   RO         4437    i.UART5_IRQHandler  uart5.o
    0x080039b4   0x080039b4   0x0000004a   Code   RO         2091    i.UART_DMAError     stm32f4xx_hal_uart.o
    0x080039fe   0x080039fe   0x0000005a   Code   RO         2092    i.UART_DMAReceiveCplt  stm32f4xx_hal_uart.o
    0x08003a58   0x08003a58   0x0000001a   Code   RO         2094    i.UART_DMARxHalfCplt  stm32f4xx_hal_uart.o
    0x08003a72   0x08003a72   0x0000002e   Code   RO         2096    i.UART_DMATransmitCplt  stm32f4xx_hal_uart.o
    0x08003aa0   0x08003aa0   0x0000000a   Code   RO         2098    i.UART_DMATxHalfCplt  stm32f4xx_hal_uart.o
    0x08003aaa   0x08003aaa   0x00000030   Code   RO         2100    i.UART_EndRxTransfer  stm32f4xx_hal_uart.o
    0x08003ada   0x08003ada   0x00000012   Code   RO         2102    i.UART_EndTxTransfer  stm32f4xx_hal_uart.o
    0x08003aec   0x08003aec   0x00000114   Code   RO         2104    i.UART_SetConfig    stm32f4xx_hal_uart.o
    0x08003c00   0x08003c00   0x00000074   Code   RO         2105    i.UART_Start_Receive_DMA  stm32f4xx_hal_uart.o
    0x08003c74   0x08003c74   0x00000064   Code   RO         2108    i.UART_WaitOnFlagUntilTimeout  stm32f4xx_hal_uart.o
    0x08003cd8   0x08003cd8   0x00000070   Code   RO          994    i.USART1_IRQHandler  usart.o
    0x08003d48   0x08003d48   0x00000088   Code   RO         4525    i.USART2_IRQHandler  usart2.o
    0x08003dd0   0x08003dd0   0x00000048   Code   RO         4569    i.USART3_IRQHandler  usart3.o
    0x08003e18   0x08003e18   0x00000048   Code   RO         4481    i.USART6_IRQHandler  usart6.o
    0x08003e60   0x08003e60   0x00000002   Code   RO          338    i.UsageFault_Handler  stm32f4xx_it.o
    0x08003e62   0x08003e62   0x00000030   Code   RO         6449    i.__ARM_fpclassify  m_wm.l(fpclassify.o)
    0x08003e92   0x08003e92   0x00000020   Code   RO         1269    i.__NVIC_SetPriority  stm32f4xx_hal_cortex.o
    0x08003eb2   0x08003eb2   0x00000006   PAD
    0x08003eb8   0x08003eb8   0x000000f8   Code   RO         6541    i.__hardfp___mathlib_tofloat  m_wm.l(narrow.o)
    0x08003fb0   0x08003fb0   0x000000d0   Code   RO         6728    i.__hardfp_ldexp    m_wm.l(ldexp.o)
    0x08004080   0x08004080   0x00000020   Code   RO         6376    i.__hardfp_strtof   m_wm.l(strtof.o)
    0x080040a0   0x080040a0   0x00000020   Code   RO         6433    i.__mathlib_dbl_overflow  m_wm.l(dunder.o)
    0x080040c0   0x080040c0   0x00000020   Code   RO         6435    i.__mathlib_dbl_underflow  m_wm.l(dunder.o)
    0x080040e0   0x080040e0   0x00000012   Code   RO         6542    i.__mathlib_narrow  m_wm.l(narrow.o)
    0x080040f2   0x080040f2   0x00000014   Code   RO         6730    i.__support_ldexp   m_wm.l(ldexp.o)
    0x08004106   0x08004106   0x0000000e   Code   RO         6285    i._is_digit         c_w.l(__printf_wp.o)
    0x08004114   0x08004114   0x00000002   Code   RO          996    i._sys_exit         usart.o
    0x08004116   0x08004116   0x00000002   PAD
    0x08004118   0x08004118   0x0000005c   Code   RO          836    i.bsp_spiRead1      ad7606.o
    0x08004174   0x08004174   0x00000050   Code   RO         4363    i.btim_tim6_int_init  btim.o
    0x080041c4   0x080041c4   0x00000050   Code   RO         4364    i.btim_tim7_int_init  btim.o
    0x08004214   0x08004214   0x00000030   Code   RO          878    i.delay_init        delay.o
    0x08004244   0x08004244   0x0000001a   Code   RO          879    i.delay_ms          delay.o
    0x0800425e   0x0800425e   0x00000002   PAD
    0x08004260   0x08004260   0x00000038   Code   RO          880    i.delay_us          delay.o
    0x08004298   0x08004298   0x000001d4   Code   RO         4407    i.dma_init          dma.o
    0x0800446c   0x0800446c   0x00000014   Code   RO          998    i.fputc             usart.o
    0x08004480   0x08004480   0x00000108   Code   RO          647    i.freertos_demo     freertos_demo.o
    0x08004588   0x08004588   0x0000008c   Code   RO         6625    i.frexp             m_wm.l(frexp.o)
    0x08004614   0x08004614   0x0000000c   Code   RO         4613    i.iwdg_feed         wdg.o
    0x08004620   0x08004620   0x00000018   Code   RO         4614    i.iwdg_init         wdg.o
    0x08004638   0x08004638   0x00000030   Code   RO         4081    i.lcd_clear         lcd.o
    0x08004668   0x08004668   0x000000cc   Code   RO         4083    i.lcd_display_dir   lcd.o
    0x08004734   0x08004734   0x000000c8   Code   RO         4086    i.lcd_draw_circle   lcd.o
    0x080047fc   0x080047fc   0x0000009a   Code   RO         4088    i.lcd_draw_line     lcd.o
    0x08004896   0x08004896   0x00000002   PAD
    0x08004898   0x08004898   0x00000018   Code   RO         4089    i.lcd_draw_point    lcd.o
    0x080048b0   0x080048b0   0x0000004a   Code   RO         4090    i.lcd_draw_rectangle  lcd.o
    0x080048fa   0x080048fa   0x00000044   Code   RO         4096    i.lcd_fill          lcd.o
    0x0800493e   0x0800493e   0x00000008   Code   RO         4099    i.lcd_opt_delay     lcd.o
    0x08004946   0x08004946   0x00000010   Code   RO         4100    i.lcd_pow           lcd.o
    0x08004956   0x08004956   0x00000002   PAD
    0x08004958   0x08004958   0x00000014   Code   RO         4101    i.lcd_rd_data       lcd.o
    0x0800496c   0x0800496c   0x00000074   Code   RO         4102    i.lcd_read_point    lcd.o
    0x080049e0   0x080049e0   0x000001ac   Code   RO         4103    i.lcd_scan_dir      lcd.o
    0x08004b8c   0x08004b8c   0x00000104   Code   RO         4104    i.lcd_set_cursor    lcd.o
    0x08004c90   0x08004c90   0x000000ec   Code   RO         4106    i.lcd_show_char     lcd.o
    0x08004d7c   0x08004d7c   0x0000007c   Code   RO         4107    i.lcd_show_num      lcd.o
    0x08004df8   0x08004df8   0x00000054   Code   RO         4108    i.lcd_show_string   lcd.o
    0x08004e4c   0x08004e4c   0x000000a2   Code   RO         4109    i.lcd_show_xnum     lcd.o
    0x08004eee   0x08004eee   0x00000002   PAD
    0x08004ef0   0x08004ef0   0x00000018   Code   RO         4111    i.lcd_wr_data       lcd.o
    0x08004f08   0x08004f08   0x00000018   Code   RO         4112    i.lcd_wr_regno      lcd.o
    0x08004f20   0x08004f20   0x00000014   Code   RO         4113    i.lcd_write_ram_prepare  lcd.o
    0x08004f34   0x08004f34   0x0000000c   Code   RO         4114    i.lcd_write_reg     lcd.o
    0x08004f40   0x08004f40   0x0000007c   Code   RO           13    i.main              main.o
    0x08004fbc   0x08004fbc   0x00000094   Code   RO         5471    i.prvAddCurrentTaskToDelayedList  tasks.o
    0x08005050   0x08005050   0x000000ac   Code   RO         5472    i.prvAddNewTaskToReadyList  tasks.o
    0x080050fc   0x080050fc   0x00000050   Code   RO         5896    i.prvCheckForValidListAndQueue  timers.o
    0x0800514c   0x0800514c   0x0000003c   Code   RO         5473    i.prvCheckTasksWaitingTermination  tasks.o
    0x08005188   0x08005188   0x00000028   Code   RO         5034    i.prvCopyDataFromQueue  queue.o
    0x080051b0   0x080051b0   0x0000006e   Code   RO         5035    i.prvCopyDataToQueue  queue.o
    0x0800521e   0x0800521e   0x00000014   Code   RO         5474    i.prvDeleteTCB      tasks.o
    0x08005232   0x08005232   0x00000014   Code   RO         5036    i.prvGetDisinheritPriorityAfterTimeout  queue.o
    0x08005246   0x08005246   0x00000002   PAD
    0x08005248   0x08005248   0x00000024   Code   RO         5897    i.prvGetNextExpireTime  timers.o
    0x0800526c   0x0800526c   0x0000004c   Code   RO         6070    i.prvHeapInit       heap_4.o
    0x080052b8   0x080052b8   0x00000028   Code   RO         5475    i.prvIdleTask       tasks.o
    0x080052e0   0x080052e0   0x00000026   Code   RO         5038    i.prvInitialiseNewQueue  queue.o
    0x08005306   0x08005306   0x00000002   PAD
    0x08005308   0x08005308   0x000000e8   Code   RO         5476    i.prvInitialiseNewTask  tasks.o
    0x080053f0   0x080053f0   0x00000058   Code   RO         5477    i.prvInitialiseTaskLists  tasks.o
    0x08005448   0x08005448   0x00000054   Code   RO         6071    i.prvInsertBlockIntoFreeList  heap_4.o
    0x0800549c   0x0800549c   0x00000040   Code   RO         5899    i.prvInsertTimerInActiveList  timers.o
    0x080054dc   0x080054dc   0x0000001a   Code   RO         5039    i.prvIsQueueEmpty   queue.o
    0x080054f6   0x080054f6   0x00000002   PAD
    0x080054f8   0x080054f8   0x000000ac   Code   RO         5041    i.prvNotifyQueueSetContainer  queue.o
    0x080055a4   0x080055a4   0x00000040   Code   RO         5900    i.prvProcessExpiredTimer  timers.o
    0x080055e4   0x080055e4   0x00000128   Code   RO         5901    i.prvProcessReceivedCommands  timers.o
    0x0800570c   0x0800570c   0x0000006c   Code   RO         5902    i.prvProcessTimerOrBlockTask  timers.o
    0x08005778   0x08005778   0x00000028   Code   RO         5903    i.prvReloadTimer    timers.o
    0x080057a0   0x080057a0   0x00000020   Code   RO         5479    i.prvResetNextTaskUnblockTime  tasks.o
    0x080057c0   0x080057c0   0x0000002c   Code   RO         5904    i.prvSampleTimeNow  timers.o
    0x080057ec   0x080057ec   0x0000002c   Code   RO         5905    i.prvSwitchTimerLists  timers.o
    0x08005818   0x08005818   0x00000074   Code   RO         6138    i.prvTaskExitError  port.o
    0x0800588c   0x0800588c   0x00000014   Code   RO         5906    i.prvTimerTask      timers.o
    0x080058a0   0x080058a0   0x0000007c   Code   RO         5042    i.prvUnlockQueue    queue.o
    0x0800591c   0x0800591c   0x00000134   Code   RO         6072    i.pvPortMalloc      heap_4.o
    0x08005a50   0x08005a50   0x00000018   Code   RO         5484    i.pvTaskIncrementMutexHeldCount  tasks.o
    0x08005a68   0x08005a68   0x00000024   Code   RO         6139    i.pxPortInitialiseStack  port.o
    0x08005a8c   0x08005a8c   0x000000a8   Code   RO          648    i.start_task        freertos_demo.o
    0x08005b34   0x08005b34   0x000000b8   Code   RO          927    i.sys_stm32_clock_init  sys.o
    0x08005bec   0x08005bec   0x0000000c   Code   RO          649    i.task1             freertos_demo.o
    0x08005bf8   0x08005bf8   0x000000a8   Code   RO          650    i.task2             freertos_demo.o
    0x08005ca0   0x08005ca0   0x0000006c   Code   RO          651    i.task3             freertos_demo.o
    0x08005d0c   0x08005d0c   0x00000100   Code   RO          652    i.task4             freertos_demo.o
    0x08005e0c   0x08005e0c   0x000000d4   Code   RO         4526    i.usart2_init       usart2.o
    0x08005ee0   0x08005ee0   0x0000001c   Code   RO         4527    i.usart2_send_data  usart2.o
    0x08005efc   0x08005efc   0x000000bc   Code   RO          999    i.usart_init        usart.o
    0x08005fb8   0x08005fb8   0x00000094   Code   RO         4646    i.usmart_cmd_rec    usmart.o
    0x0800604c   0x0800604c   0x00000270   Code   RO         4647    i.usmart_exe        usmart.o
    0x080062bc   0x080062bc   0x000000a4   Code   RO         4755    i.usmart_get_aparm  usmart_str.o
    0x08006360   0x08006360   0x00000174   Code   RO         4757    i.usmart_get_fname  usmart_str.o
    0x080064d4   0x080064d4   0x000000e0   Code   RO         4758    i.usmart_get_fparam  usmart_str.o
    0x080065b4   0x080065b4   0x00000020   Code   RO         4728    i.usmart_get_input_string  usmart_port.o
    0x080065d4   0x080065d4   0x00000024   Code   RO         4759    i.usmart_get_parmpos  usmart_str.o
    0x080065f8   0x080065f8   0x0000000c   Code   RO         4648    i.usmart_init       usmart.o
    0x08006604   0x08006604   0x00000010   Code   RO         4760    i.usmart_pow        usmart_str.o
    0x08006614   0x08006614   0x0000004c   Code   RO         4649    i.usmart_scan       usmart.o
    0x08006660   0x08006660   0x00000014   Code   RO         4761    i.usmart_search_nextc  usmart_str.o
    0x08006674   0x08006674   0x000000dc   Code   RO         4762    i.usmart_str2num    usmart_str.o
    0x08006750   0x08006750   0x0000001a   Code   RO         4763    i.usmart_strcmp     usmart_str.o
    0x0800676a   0x0800676a   0x00000012   Code   RO         4764    i.usmart_strcopy    usmart_str.o
    0x0800677c   0x0800677c   0x00000012   Code   RO         4765    i.usmart_strlen     usmart_str.o
    0x0800678e   0x0800678e   0x00000026   Code   RO         4982    i.uxListRemove      list.o
    0x080067b4   0x080067b4   0x00000016   Code   RO         4983    i.vListInitialise   list.o
    0x080067ca   0x080067ca   0x00000006   Code   RO         4984    i.vListInitialiseItem  list.o
    0x080067d0   0x080067d0   0x00000030   Code   RO         4985    i.vListInsert       list.o
    0x08006800   0x08006800   0x00000018   Code   RO         4986    i.vListInsertEnd    list.o
    0x08006818   0x08006818   0x00000088   Code   RO         6141    i.vPortEnterCritical  port.o
    0x080068a0   0x080068a0   0x00000078   Code   RO         6142    i.vPortExitCritical  port.o
    0x08006918   0x08006918   0x000000b0   Code   RO         6073    i.vPortFree         heap_4.o
    0x080069c8   0x080069c8   0x00000024   Code   RO         6143    i.vPortSetupTimerInterrupt  port.o
    0x080069ec   0x080069ec   0x0000009c   Code   RO         6144    i.vPortValidateInterruptPriority  port.o
    0x08006a88   0x08006a88   0x00000080   Code   RO         5048    i.vQueueAddToRegistry  queue.o
    0x08006b08   0x08006b08   0x00000046   Code   RO         5052    i.vQueueWaitForMessageRestricted  queue.o
    0x08006b4e   0x08006b4e   0x00000002   PAD
    0x08006b50   0x08006b50   0x00000080   Code   RO         5494    i.vTaskDelay        tasks.o
    0x08006bd0   0x08006bd0   0x000000e4   Code   RO         5495    i.vTaskDelete       tasks.o
    0x08006cb4   0x08006cb4   0x00000010   Code   RO         5499    i.vTaskInternalSetTimeOutState  tasks.o
    0x08006cc4   0x08006cc4   0x0000000c   Code   RO         5501    i.vTaskMissedYield  tasks.o
    0x08006cd0   0x08006cd0   0x00000068   Code   RO         5502    i.vTaskPlaceOnEventList  tasks.o
    0x08006d38   0x08006d38   0x00000088   Code   RO         5503    i.vTaskPlaceOnEventListRestricted  tasks.o
    0x08006dc0   0x08006dc0   0x000000f8   Code   RO         5505    i.vTaskPriorityDisinheritAfterTimeout  tasks.o
    0x08006eb8   0x08006eb8   0x000000a0   Code   RO         5511    i.vTaskStartScheduler  tasks.o
    0x08006f58   0x08006f58   0x00000010   Code   RO         5513    i.vTaskSuspendAll   tasks.o
    0x08006f68   0x08006f68   0x00000090   Code   RO         5514    i.vTaskSwitchContext  tasks.o
    0x08006ff8   0x08006ff8   0x00000144   Code   RO         6145    i.xPortStartScheduler  port.o
    0x0800713c   0x0800713c   0x0000002c   Code   RO         6146    i.xPortSysTickHandler  port.o
    0x08007168   0x08007168   0x00000084   Code   RO         5057    i.xQueueGenericCreate  queue.o
    0x080071ec   0x080071ec   0x000000e8   Code   RO         5058    i.xQueueGenericReset  queue.o
    0x080072d4   0x080072d4   0x000000e8   Code   RO         5061    i.xQueueGiveFromISR  queue.o
    0x080073bc   0x080073bc   0x00000160   Code   RO         5067    i.xQueueReceive     queue.o
    0x0800751c   0x0800751c   0x000001a0   Code   RO         5072    i.xQueueSemaphoreTake  queue.o
    0x080076bc   0x080076bc   0x000000c0   Code   RO         5517    i.xTaskCheckForTimeOut  tasks.o
    0x0800777c   0x0800777c   0x00000060   Code   RO         5518    i.xTaskCreate       tasks.o
    0x080077dc   0x080077dc   0x0000001c   Code   RO         5527    i.xTaskGetSchedulerState  tasks.o
    0x080077f8   0x080077f8   0x0000000c   Code   RO         5528    i.xTaskGetTickCount  tasks.o
    0x08007804   0x08007804   0x00000160   Code   RO         5530    i.xTaskIncrementTick  tasks.o
    0x08007964   0x08007964   0x000000e4   Code   RO         5531    i.xTaskPriorityDisinherit  tasks.o
    0x08007a48   0x08007a48   0x000000b4   Code   RO         5532    i.xTaskPriorityInherit  tasks.o
    0x08007afc   0x08007afc   0x00000110   Code   RO         5533    i.xTaskRemoveFromEventList  tasks.o
    0x08007c0c   0x08007c0c   0x0000015c   Code   RO         5534    i.xTaskResumeAll    tasks.o
    0x08007d68   0x08007d68   0x00000080   Code   RO         5914    i.xTimerCreateTimerTask  timers.o
    0x08007de8   0x08007de8   0x0000002c   Code   RO         6531    locale$$code        c_w.l(lc_numeric_c.o)
    0x08007e14   0x08007e14   0x0000002c   Code   RO         6655    locale$$code        c_w.l(lc_ctype_c.o)
    0x08007e40   0x08007e40   0x00000062   Code   RO         6320    x$fpl$d2f           fz_wm.l(d2f.o)
    0x08007ea2   0x08007ea2   0x00000002   PAD
    0x08007ea4   0x08007ea4   0x00000010   Code   RO         6533    x$fpl$dcheck1       fz_wm.l(dcheck1.o)
    0x08007eb4   0x08007eb4   0x00000018   Code   RO         6535    x$fpl$dcmpinf       fz_wm.l(dcmpi.o)
    0x08007ecc   0x08007ecc   0x00000078   Code   RO         6617    x$fpl$deqf          fz_wm.l(deqf.o)
    0x08007f44   0x08007f44   0x00000078   Code   RO         6414    x$fpl$dleqf         fz_wm.l(dleqf.o)
    0x08007fbc   0x08007fbc   0x00000154   Code   RO         6342    x$fpl$dmul          fz_wm.l(dmul.o)
    0x08008110   0x08008110   0x0000009c   Code   RO         6416    x$fpl$dnaninf       fz_wm.l(dnaninf.o)
    0x080081ac   0x080081ac   0x0000000c   Code   RO         6418    x$fpl$dretinf       fz_wm.l(dretinf.o)
    0x080081b8   0x080081b8   0x0000006c   Code   RO         6420    x$fpl$drleqf        fz_wm.l(drleqf.o)
    0x08008224   0x08008224   0x00000056   Code   RO         6344    x$fpl$f2d           fz_wm.l(f2d.o)
    0x0800827a   0x0800827a   0x0000008c   Code   RO         6422    x$fpl$fnaninf       fz_wm.l(fnaninf.o)
    0x08008306   0x08008306   0x0000000a   Code   RO         6643    x$fpl$fpinit        fz_wm.l(fpinit.o)
    0x08008310   0x08008310   0x0000000a   Code   RO         6424    x$fpl$fretinf       fz_wm.l(fretinf.o)
    0x0800831a   0x0800831a   0x00000006   Code   RO         6539    x$fpl$ieeestatus    fz_wm.l(istatus.o)
    0x08008320   0x08008320   0x00000004   Code   RO         6346    x$fpl$printf1       fz_wm.l(printf1.o)
    0x08008324   0x08008324   0x00000064   Code   RO         6619    x$fpl$retnan        fz_wm.l(retnan.o)
    0x08008388   0x08008388   0x0000005c   Code   RO         6426    x$fpl$scalbn        fz_wm.l(scalbn.o)
    0x080083e4   0x080083e4   0x00000004   Code   RO         6621    x$fpl$scanf1        fz_wm.l(scanf1.o)
    0x080083e8   0x080083e8   0x00000008   Code   RO         6669    x$fpl$scanf2        fz_wm.l(scanf2.o)
    0x080083f0   0x080083f0   0x00000030   Code   RO         6645    x$fpl$trapveneer    fz_wm.l(trapv.o)
    0x08008420   0x08008420   0x00000000   Code   RO         6428    x$fpl$usenofp       fz_wm.l(usenofp.o)
    0x08008420   0x08008420   0x00000010   Data   RO          592    .constdata          system_stm32f4xx.o
    0x08008430   0x08008430   0x00000008   Data   RO          593    .constdata          system_stm32f4xx.o
    0x08008438   0x08008438   0x00000008   Data   RO         2430    .constdata          stm32f4xx_hal_dma.o
    0x08008440   0x08008440   0x00002f80   Data   RO         4116    .constdata          lcd.o
    0x0800b3c0   0x0800b3c0   0x00000028   Data   RO         6258    .constdata          c_w.l(_printf_hex_int.o)
    0x0800b3e8   0x0800b3e8   0x00000011   Data   RO         6293    .constdata          c_w.l(__printf_flags_ss_wp.o)
    0x0800b3f9   0x0800b3f9   0x00000003   PAD
    0x0800b3fc   0x0800b3fc   0x00000094   Data   RO         6502    .constdata          c_w.l(bigflt0.o)
    0x0800b490   0x0800b490   0x0000038c   Data   RO         4702    .conststring        usmart_config.o
    0x0800b81c   0x0800b81c   0x00000020   Data   RO         6744    Region$$Table       anon$$obj.o
    0x0800b83c   0x0800b83c   0x00000008   Data   RO         6665    c$$dinf             fz_wm.l(fpconst.o)
    0x0800b844   0x0800b844   0x00000008   Data   RO         6668    c$$dmax             fz_wm.l(fpconst.o)
    0x0800b84c   0x0800b84c   0x0000001c   Data   RO         6530    locale$$data        c_w.l(lc_numeric_c.o)
    0x0800b868   0x0800b868   0x00000110   Data   RO         6654    locale$$data        c_w.l(lc_ctype_c.o)


    Execution Region RW_IRAM1 (Exec base: 0x20000000, Load base: 0x0800b978, Size: 0x00015870, Max: 0x00020000, ABSOLUTE, COMPRESSED[0x00000084])

    Exec Addr    Load Addr    Size         Type   Attr      Idx    E Section Name        Object

    0x20000000   COMPRESSED   0x00000004   Data   RW          594    .data               system_stm32f4xx.o
    0x20000004   COMPRESSED   0x0000002c   Data   RW          654    .data               freertos_demo.o
    0x20000030   COMPRESSED   0x00000004   Data   RW          881    .data               delay.o
    0x20000034   COMPRESSED   0x00000002   Data   RW         1001    .data               usart.o
    0x20000036   COMPRESSED   0x00000002   PAD
    0x20000038   COMPRESSED   0x00000004   Data   RW         1002    .data               usart.o
    0x2000003c   COMPRESSED   0x0000000c   Data   RW         1092    .data               stm32f4xx_hal.o
    0x20000048   COMPRESSED   0x00000004   Data   RW         4118    .data               lcd.o
    0x2000004c   COMPRESSED   0x00000001   Data   RW         4441    .data               uart5.o
    0x2000004d   COMPRESSED   0x00000001   Data   RW         4485    .data               usart6.o
    0x2000004e   COMPRESSED   0x00000001   Data   RW         4529    .data               usart2.o
    0x2000004f   COMPRESSED   0x00000001   Data   RW         4573    .data               usart3.o
    0x20000050   COMPRESSED   0x00000068   Data   RW         4703    .data               usmart_config.o
    0x200000b8   COMPRESSED   0x000000f4   Data   RW         4704    .data               usmart_config.o
    0x200001ac   COMPRESSED   0x00000040   Data   RW         5537    .data               tasks.o
    0x200001ec   COMPRESSED   0x00000014   Data   RW         5923    .data               timers.o
    0x20000200   COMPRESSED   0x00000020   Data   RW         6079    .data               heap_4.o
    0x20000220   COMPRESSED   0x0000000c   Data   RW         6147    .data               port.o
    0x2000022c        -       0x000000ae   Zero   RW          653    .bss                freertos_demo.o
    0x200002da   COMPRESSED   0x00000002   PAD
    0x200002dc        -       0x00000078   Zero   RW         1000    .bss                usart.o
    0x20000354        -       0x0000005e   Zero   RW         4115    .bss                lcd.o
    0x200003b2   COMPRESSED   0x00000002   PAD
    0x200003b4        -       0x00000090   Zero   RW         4365    .bss                btim.o
    0x20000444        -       0x00000240   Zero   RW         4408    .bss                dma.o
    0x20000684        -       0x00000084   Zero   RW         4440    .bss                uart5.o
    0x20000708        -       0x00000084   Zero   RW         4484    .bss                usart6.o
    0x2000078c        -       0x000000c4   Zero   RW         4528    .bss                usart2.o
    0x20000850        -       0x00000064   Zero   RW         4572    .bss                usart3.o
    0x200008b4        -       0x0000000c   Zero   RW         4615    .bss                wdg.o
    0x200008c0        -       0x00000040   Zero   RW         5074    .bss                queue.o
    0x20000900        -       0x000002e4   Zero   RW         5536    .bss                tasks.o
    0x20000be4        -       0x00000028   Zero   RW         5922    .bss                timers.o
    0x20000c0c        -       0x00014000   Zero   RW         6078    .bss                heap_4.o
    0x20014c0c        -       0x00000060   Zero   RW         6550    .bss                c_w.l(libspace.o)
    0x20014c6c   COMPRESSED   0x00000004   PAD
    0x20014c70        -       0x00000400   Zero   RW            2    HEAP                startup_stm32f407xx.o
    0x20015070        -       0x00000800   Zero   RW            1    STACK               startup_stm32f407xx.o


==============================================================================

Image component sizes


      Code (inc. data)   RO Data    RW Data    ZI Data      Debug   Object Name

       528         38          0          0          0       4667   ad7606.o
       248         44          0          0        144       3282   btim.o
       154         10          0          4          0       2593   delay.o
       468         46          0          0        576       1812   dma.o
         0          0          0          0          0      13176   event_groups.o
       976        290          0         44        174      18903   freertos_demo.o
       644        166          0         32      81920       4431   heap_4.o
      2306        100      12160          4         94      21046   lcd.o
       138          0          0          0          0       3478   list.o
       124         26          0          0          0     717891   main.o
      1158        464          0         12          0      11217   port.o
      2092        386          0          0         64      16761   queue.o
       104         34        392          0       3072        984   startup_stm32f407xx.o
       154         28          0         12          0       9934   stm32f4xx_hal.o
       226         14          0          0          0      34777   stm32f4xx_hal_cortex.o
       670         10          8          0          0       5742   stm32f4xx_hal_dma.o
       492         46          0          0          0       3063   stm32f4xx_hal_gpio.o
       102          0          0          0          0       1907   stm32f4xx_hal_iwdg.o
      1472         76          0          0          0       6436   stm32f4xx_hal_rcc.o
       420         74          0          0          0       3396   stm32f4xx_hal_tim.o
      1394         38          0          0          0      15931   stm32f4xx_hal_uart.o
       596         66          0          0          0       5345   stm32f4xx_it.o
       184         12          0          0          0       1391   sys.o
        16          4         24          4          0       1375   system_stm32f4xx.o
      3716        898          0         64        740      37255   tasks.o
       924        190          0         20         40      11592   timers.o
        72         10          0          1        132       1366   uart5.o
       322         40          0          6        120       4832   usart.o
       376         36          0          1        196       3329   usart2.o
        72         10          0          1        100       1382   usart3.o
        72         10          0          1        132       1382   usart6.o
       860        132          0          0          0       3218   usmart.o
         0          0        908        348          0       1620   usmart_config.o
        32          8          0          0          0        650   usmart_port.o
      1114         18          0          0          0       9112   usmart_str.o
        36         14          0          0         12       1231   wdg.o

    ----------------------------------------------------------------------
     22300       3338      13524        556      87520     986507   Object Totals
         0          0         32          0          0          0   (incl. Generated)
        38          0          0          2          4          0   (incl. Padding)

    ----------------------------------------------------------------------

      Code (inc. data)   RO Data    RW Data    ZI Data      Debug   Library Member Name

        90          0          0          0          0          0   __dczerorl2.o
         8          0          0          0          0         68   __main.o
       392          4         17          0          0         92   __printf_flags_ss_wp.o
        14          0          0          0          0         68   __printf_wp.o
         0          0          0          0          0          0   __rtentry.o
        12          0          0          0          0          0   __rtentry2.o
         6          0          0          0          0          0   __rtentry4.o
        52          8          0          0          0          0   __scatter.o
        28          0          0          0          0          0   __scatter_zi.o
        28          0          0          0          0         68   _chval.o
         6          0          0          0          0          0   _printf_c.o
        44          0          0          0          0        108   _printf_char.o
        48          6          0          0          0         96   _printf_char_common.o
        36          4          0          0          0         80   _printf_char_file.o
         6          0          0          0          0          0   _printf_d.o
       120         16          0          0          0         92   _printf_dec.o
         6          0          0          0          0          0   _printf_f.o
      1054          0          0          0          0        216   _printf_fp_dec.o
       128         16          0          0          0         84   _printf_fp_infnan.o
        88          4         40          0          0         88   _printf_hex_int.o
       178          0          0          0          0         88   _printf_intcommon.o
        78          0          0          0          0        108   _printf_pad.o
         0          0          0          0          0          0   _printf_percent.o
         4          0          0          0          0          0   _printf_percent_end.o
         6          0          0          0          0          0   _printf_s.o
        82          0          0          0          0         80   _printf_str.o
         6          0          0          0          0          0   _printf_u.o
         6          0          0          0          0          0   _printf_x.o
        22          0          0          0          0        100   _rserrno.o
        64          0          0          0          0         84   _sgetc.o
        16          0          0          0          0         68   aeabi_memset.o
       228          4        148          0          0         96   bigflt0.o
      2152        136          0          0          0        960   btod.o
        18          0          0          0          0         80   exit.o
         8          0          0          0          0         68   ferror.o
         6          0          0          0          0        152   heapauxi.o
        18          0          0          0          0         76   isspace.o
        44         10        272          0          0         76   lc_ctype_c.o
        44         10         28          0          0         76   lc_numeric_c.o
         2          0          0          0          0          0   libinit.o
        34          0          0          0          0          0   libinit2.o
         2          0          0          0          0          0   libshutdown.o
         2          0          0          0          0          0   libshutdown2.o
         8          4          0          0         96         68   libspace.o
        38          0          0          0          0         68   llshl.o
       138          0          0          0          0         80   lludiv10.o
       238          0          0          0          0        100   lludivv7m.o
        24          4          0          0          0         84   noretval__2printf.o
        16          4          0          0          0         76   rt_ctype_table.o
         8          4          0          0          0         68   rt_errno_addr_intlibspace.o
         8          4          0          0          0         68   rt_locale_intlibspace.o
        68          0          0          0          0         68   rt_memclr.o
        78          0          0          0          0         80   rt_memclr_w.o
       138          0          0          0          0         68   rt_memcpy_v6.o
       100          0          0          0          0         80   rt_memcpy_w.o
         2          0          0          0          0          0   rtexit.o
        10          0          0          0          0          0   rtexit2.o
      1272         16          0          0          0        168   scanf_fp.o
       800         14          0          0          0        100   scanf_hexfp.o
       308         16          0          0          0        100   scanf_infnan.o
       128          0          0          0          0         68   strcmpv7m.o
       164         14          0          0          0        120   strtod.o
        26          0          0          0          0         80   strtof.o
        74          0          0          0          0         80   sys_stackheap_outer.o
         2          0          0          0          0         68   use_no_semi.o
         2          0          0          0          0         68   use_no_semi_2.o
        98          4          0          0          0        140   d2f.o
        16          4          0          0          0        116   dcheck1.o
        24          0          0          0          0        116   dcmpi.o
       120          4          0          0          0        140   deqf.o
       120          4          0          0          0        140   dleqf.o
       340         12          0          0          0        152   dmul.o
       156          4          0          0          0        140   dnaninf.o
        12          0          0          0          0        116   dretinf.o
       108          0          0          0          0        128   drleqf.o
        86          4          0          0          0        132   f2d.o
       140          4          0          0          0        132   fnaninf.o
         0          0         16          0          0          0   fpconst.o
        10          0          0          0          0        116   fpinit.o
        10          0          0          0          0        116   fretinf.o
         6          0          0          0          0        116   istatus.o
         4          0          0          0          0        116   printf1.o
       100          0          0          0          0        116   retnan.o
        92          0          0          0          0        116   scalbn.o
         4          0          0          0          0        116   scanf1.o
         8          0          0          0          0        132   scanf2.o
        48          0          0          0          0        116   trapv.o
         0          0          0          0          0          0   usenofp.o
        64         16          0          0          0        248   dunder.o
        48          0          0          0          0        124   fpclassify.o
       140         22          0          0          0        132   frexp.o
       228          8          0          0          0        308   ldexp.o
       266         16          0          0          0        308   narrow.o
        32          6          0          0          0        124   strtof.o

    ----------------------------------------------------------------------
     11132        408        524          0        100       8688   Library Totals
        16          2          3          0          4          0   (incl. Padding)

    ----------------------------------------------------------------------

      Code (inc. data)   RO Data    RW Data    ZI Data      Debug   Library Name

      8836        298        505          0         96       4932   c_w.l
      1502         40         16          0          0       2512   fz_wm.l
       778         68          0          0          0       1244   m_wm.l

    ----------------------------------------------------------------------
     11132        408        524          0        100       8688   Library Totals

    ----------------------------------------------------------------------

==============================================================================


      Code (inc. data)   RO Data    RW Data    ZI Data      Debug   

     33432       3746      14048        556      87620     969839   Grand Totals
     33432       3746      14048        132      87620     969839   ELF Image Totals (compressed)
     33432       3746      14048        132          0          0   ROM Totals

==============================================================================

    Total RO  Size (Code + RO Data)                47480 (  46.37kB)
    Total RW  Size (RW Data + ZI Data)             88176 (  86.11kB)
    Total ROM Size (Code + RO Data + RW Data)      47612 (  46.50kB)

==============================================================================

