<html>
<body>
<pre>
<h1>礦ision Build Log</h1>
<h2>Tool Versions:</h2>
IDE-Version: μVision V5.37.0.0
Copyright (C) 2022 ARM Ltd and ARM Germany GmbH. All rights reserved.
License Information: 1 11, 1, LIC=9WSKC-7U5DC-GK3BG-V3YDB-YWSZW-JJ224
 
Tool Versions:
Toolchain:       MDK-ARM Plus  Version: 5.37.0.0
Toolchain Path:  C:\Keil_v5\ARM\ARMCC\Bin
C Compiler:      Armcc.exe V5.06 update 7 (build 960)
Assembler:       Armasm.exe V5.06 update 7 (build 960)
Linker/Locator:  ArmLink.exe V5.06 update 7 (build 960)
Library Manager: ArmAr.exe V5.06 update 7 (build 960)
Hex Converter:   FromElf.exe V5.06 update 7 (build 960)
CPU DLL:         SARMCM3.DLL V5.37.0.0
Dialog DLL:      DCM.DLL V1.17.5.0
Target DLL:      CMSIS_AGDI.dll V1.33.12.0
Dialog DLL:      TCM.DLL V1.56.1.0
 
<h2>Project:</h2>
D:\ZHZ\MilebotExo\Milebot_CUHK\f407\Projects\MDK-ARM\atk_f407.uvprojx
Project File Date:  09/12/2025

<h2>Output:</h2>
*** Using Compiler 'V5.06 update 7 (build 960)', folder: 'C:\Keil_v5\ARM\ARMCC\Bin'
Build target 'CAN'
compiling utils.c...
compiling freertos_demo.c...
..\..\User\freertos_demo.c(184): warning:  #177-D: variable "buf"  was declared but never referenced
  		char buf[20];
..\..\User\freertos_demo.c(228): warning:  #177-D: variable "data"  was declared but never referenced
  	uint8_t data, high, low;
..\..\User\freertos_demo.c(230): warning:  #177-D: variable "uart_buf"  was declared but never referenced
  	char uart_buf[512];  // 根据CH_NUM和每个浮点数长度适当增大
..\..\User\freertos_demo.c(231): warning:  #177-D: variable "len"  was declared but never referenced
  	int len;
..\..\User\freertos_demo.c: 4 warnings, 0 errors
linking...
Program Size: Code=34272 RO-data=14656 RW-data=552 ZI-data=88968  
FromELF: creating hex file...
"..\..\Output\atk_f407.axf" - 0 Error(s), 4 Warning(s).

<h2>Software Packages used:</h2>

Package Vendor: Keil
                https://www.keil.com/pack/Keil.STM32F4xx_DFP.3.1.1.pack
                Keil.STM32F4xx_DFP.3.1.1
                STMicroelectronics STM32F4 Series Device Support

<h2>Collection of Component include folders:</h2>

<h2>Collection of Component Files used:</h2>
Build Time Elapsed:  00:00:03
</pre>
</body>
</html>
