Component: ARM Compiler 5.06 update 7 (build 960) Tool: armlink [4d3601]

==============================================================================

Section Cross References

    startup_stm32f407xx.o(STACK) refers (Special) to heapauxi.o(.text) for __use_two_region_memory
    startup_stm32f407xx.o(HEAP) refers (Special) to heapauxi.o(.text) for __use_two_region_memory
    startup_stm32f407xx.o(RESET) refers (Special) to heapauxi.o(.text) for __use_two_region_memory
    startup_stm32f407xx.o(RESET) refers to startup_stm32f407xx.o(STACK) for __initial_sp
    startup_stm32f407xx.o(RESET) refers to startup_stm32f407xx.o(.text) for Reset_Handler
    startup_stm32f407xx.o(RESET) refers to stm32f4xx_it.o(i.NMI_Handler) for NMI_Handler
    startup_stm32f407xx.o(RESET) refers to stm32f4xx_it.o(i.HardFault_Handler) for HardFault_Handler
    startup_stm32f407xx.o(RESET) refers to stm32f4xx_it.o(i.MemManage_Handler) for MemManage_Handler
    startup_stm32f407xx.o(RESET) refers to stm32f4xx_it.o(i.BusFault_Handler) for BusFault_Handler
    startup_stm32f407xx.o(RESET) refers to stm32f4xx_it.o(i.UsageFault_Handler) for UsageFault_Handler
    startup_stm32f407xx.o(RESET) refers to port.o(.emb_text) for SVC_Handler
    startup_stm32f407xx.o(RESET) refers to stm32f4xx_it.o(i.DebugMon_Handler) for DebugMon_Handler
    startup_stm32f407xx.o(RESET) refers to delay.o(i.SysTick_Handler) for SysTick_Handler
    startup_stm32f407xx.o(RESET) refers to ad7606.o(i.EXTI0_IRQHandler) for EXTI0_IRQHandler
    startup_stm32f407xx.o(RESET) refers to stm32f4xx_it.o(i.DMA1_Stream6_IRQHandler) for DMA1_Stream6_IRQHandler
    startup_stm32f407xx.o(RESET) refers to btim.o(i.TIM3_IRQHandler) for TIM3_IRQHandler
    startup_stm32f407xx.o(RESET) refers to usart.o(i.USART1_IRQHandler) for USART1_IRQHandler
    startup_stm32f407xx.o(RESET) refers to usart2.o(i.USART2_IRQHandler) for USART2_IRQHandler
    startup_stm32f407xx.o(RESET) refers to usart3.o(i.USART3_IRQHandler) for USART3_IRQHandler
    startup_stm32f407xx.o(RESET) refers to uart5.o(i.UART5_IRQHandler) for UART5_IRQHandler
    startup_stm32f407xx.o(RESET) refers to btim.o(i.TIM6_DAC_IRQHandler) for TIM6_DAC_IRQHandler
    startup_stm32f407xx.o(RESET) refers to btim.o(i.TIM7_IRQHandler) for TIM7_IRQHandler
    startup_stm32f407xx.o(RESET) refers to stm32f4xx_it.o(i.DMA2_Stream7_IRQHandler) for DMA2_Stream7_IRQHandler
    startup_stm32f407xx.o(RESET) refers to usart6.o(i.USART6_IRQHandler) for USART6_IRQHandler
    startup_stm32f407xx.o(.text) refers (Special) to heapauxi.o(.text) for __use_two_region_memory
    startup_stm32f407xx.o(.text) refers to system_stm32f4xx.o(i.SystemInit) for SystemInit
    startup_stm32f407xx.o(.text) refers to __main.o(!!!main) for __main
    startup_stm32f407xx.o(.text) refers to startup_stm32f407xx.o(HEAP) for Heap_Mem
    startup_stm32f407xx.o(.text) refers to startup_stm32f407xx.o(STACK) for Stack_Mem
    main.o(i.main) refers to _printf_percent.o(.ARM.Collect$$_printf_percent$$00000000) for _printf_percent
    main.o(i.main) refers to _printf_g.o(.ARM.Collect$$_printf_percent$$00000005) for _printf_g
    main.o(i.main) refers to printf1.o(x$fpl$printf1) for _printf_fp_dec
    main.o(i.main) refers to stm32f4xx_hal.o(i.HAL_Init) for HAL_Init
    main.o(i.main) refers to sys.o(i.sys_stm32_clock_init) for sys_stm32_clock_init
    main.o(i.main) refers to delay.o(i.delay_init) for delay_init
    main.o(i.main) refers to dma.o(i.dma_init) for dma_init
    main.o(i.main) refers to usart.o(i.usart_init) for usart_init
    main.o(i.main) refers to usart2.o(i.usart2_init) for usart2_init
    main.o(i.main) refers to wdg.o(i.iwdg_init) for iwdg_init
    main.o(i.main) refers to __2printf.o(.text) for __2printf
    main.o(i.main) refers to __2snprintf.o(.text) for __2snprintf
    main.o(i.main) refers to freertos_demo.o(i.freertos_demo) for freertos_demo
    main.o(i.main) refers to usmart_config.o(.data) for usmart_dev
    stm32f4xx_it.o(i.DMA1_Stream6_IRQHandler) refers to stm32f4xx_hal_dma.o(i.HAL_DMA_Abort) for HAL_DMA_Abort
    stm32f4xx_it.o(i.DMA1_Stream6_IRQHandler) refers to dma.o(.bss) for g_dma_handle_usart2_tx
    stm32f4xx_it.o(i.DMA1_Stream6_IRQHandler) refers to usart2.o(.bss) for g_usart2_handler
    stm32f4xx_it.o(i.DMA2_Stream7_IRQHandler) refers to stm32f4xx_hal_dma.o(i.HAL_DMA_Abort) for HAL_DMA_Abort
    stm32f4xx_it.o(i.DMA2_Stream7_IRQHandler) refers to dma.o(.bss) for g_dma_handle_usart1_tx
    stm32f4xx_it.o(i.DMA2_Stream7_IRQHandler) refers to usart.o(.bss) for g_usart1_handler
    system_stm32f4xx.o(i.SystemCoreClockUpdate) refers to system_stm32f4xx.o(.data) for .data
    system_stm32f4xx.o(i.SystemCoreClockUpdate) refers to system_stm32f4xx.o(.constdata) for .constdata
    freertos_demo.o(i.freertos_demo) refers to tasks.o(i.xTaskCreate) for xTaskCreate
    freertos_demo.o(i.freertos_demo) refers to tasks.o(i.vTaskStartScheduler) for vTaskStartScheduler
[...]
    RTC_WKUP_IRQHandler                      0x080003ab   Thumb Code     0  startup_stm32f407xx.o(.text)
    SDIO_IRQHandler                          0x080003ab   Thumb Code     0  startup_stm32f407xx.o(.text)
    SPI1_IRQHandler                          0x080003ab   Thumb Code     0  startup_stm32f407xx.o(.text)
    SPI2_IRQHandler                          0x080003ab   Thumb Code     0  startup_stm32f407xx.o(.text)
    SPI3_IRQHandler                          0x080003ab   Thumb Code     0  startup_stm32f407xx.o(.text)
    TAMP_STAMP_IRQHandler                    0x080003ab   Thumb Code     0  startup_stm32f407xx.o(.text)
    TIM1_BRK_TIM9_IRQHandler                 0x080003ab   Thumb Code     0  startup_stm32f407xx.o(.text)
    TIM1_CC_IRQHandler                       0x080003ab   Thumb Code     0  startup_stm32f407xx.o(.text)
    TIM1_TRG_COM_TIM11_IRQHandler            0x080003ab   Thumb Code     0  startup_stm32f407xx.o(.text)
    TIM1_UP_TIM10_IRQHandler                 0x080003ab   Thumb Code     0  startup_stm32f407xx.o(.text)
    TIM2_IRQHandler                          0x080003ab   Thumb Code     0  startup_stm32f407xx.o(.text)
    TIM4_IRQHandler                          0x080003ab   Thumb Code     0  startup_stm32f407xx.o(.text)
    TIM5_IRQHandler                          0x080003ab   Thumb Code     0  startup_stm32f407xx.o(.text)
    TIM8_BRK_TIM12_IRQHandler                0x080003ab   Thumb Code     0  startup_stm32f407xx.o(.text)
    TIM8_CC_IRQHandler                       0x080003ab   Thumb Code     0  startup_stm32f407xx.o(.text)
    TIM8_TRG_COM_TIM14_IRQHandler            0x080003ab   Thumb Code     0  startup_stm32f407xx.o(.text)
    TIM8_UP_TIM13_IRQHandler                 0x080003ab   Thumb Code     0  startup_stm32f407xx.o(.text)
    UART4_IRQHandler                         0x080003ab   Thumb Code     0  startup_stm32f407xx.o(.text)
    WWDG_IRQHandler                          0x080003ab   Thumb Code     0  startup_stm32f407xx.o(.text)
    __user_initial_stackheap                 0x080003ad   Thumb Code     0  startup_stm32f407xx.o(.text)
    __use_no_semihosting                     0x080003d9   Thumb Code     2  use_no_semi_2.o(.text)
    __aeabi_uldivmod                         0x080003db   Thumb Code     0  lludivv7m.o(.text)
    _ll_udiv                                 0x080003db   Thumb Code   238  lludivv7m.o(.text)
    __2printf                                0x080004c9   Thumb Code    20  __2printf.o(.text)
    __2snprintf                              0x080004e1   Thumb Code    50  __2snprintf.o(.text)
    _printf_pre_padding                      0x08000519   Thumb Code    44  _printf_pad.o(.text)
    _printf_post_padding                     0x08000545   Thumb Code    34  _printf_pad.o(.text)
    _printf_str                              0x08000567   Thumb Code    82  _printf_str.o(.text)
    _printf_int_dec                          0x080005b9   Thumb Code   104  _printf_dec.o(.text)
    _printf_int_hex                          0x08000631   Thumb Code    84  _printf_hex_int.o(.text)
    _printf_longlong_hex                     0x08000631   Thumb Code     0  _printf_hex_int.o(.text)
    __printf                                 0x08000689   Thumb Code   388  __printf_flags_ss_wp.o(.text)
    __aeabi_memcpy                           0x08000811   Thumb Code     0  rt_memcpy_v6.o(.text)
    __rt_memcpy                              0x08000811   Thumb Code   138  rt_memcpy_v6.o(.text)
    _memcpy_lastbytes                        0x08000877   Thumb Code     0  rt_memcpy_v6.o(.text)
    __aeabi_memcpy4                          0x0800089b   Thumb Code     0  rt_memcpy_w.o(.text)
    __aeabi_memcpy8                          0x0800089b   Thumb Code     0  rt_memcpy_w.o(.text)
    __rt_memcpy_w                            0x0800089b   Thumb Code   100  rt_memcpy_w.o(.text)
    _memcpy_lastbytes_aligned                0x080008e3   Thumb Code     0  rt_memcpy_w.o(.text)
    __aeabi_memset                           0x080008ff   Thumb Code    16  aeabi_memset.o(.text)
    __aeabi_memclr4                          0x0800090f   Thumb Code     0  rt_memclr_w.o(.text)
    __aeabi_memclr8                          0x0800090f   Thumb Code     0  rt_memclr_w.o(.text)
    __rt_memclr_w                            0x0800090f   Thumb Code    78  rt_memclr_w.o(.text)
    _memset_w                                0x08000913   Thumb Code     0  rt_memclr_w.o(.text)
    __use_two_region_memory                  0x0800095d   Thumb Code     2  heapauxi.o(.text)
    __rt_heap_escrow$2region                 0x0800095f   Thumb Code     2  heapauxi.o(.text)
    __rt_heap_expand$2region                 0x08000961   Thumb Code     2  heapauxi.o(.text)
    __semihosting$guard                      0x08000963   Thumb Code     0  use_no_semi.o(.text)
    __use_no_semihosting_swi                 0x08000963   Thumb Code     2  use_no_semi.o(.text)
    __read_errno                             0x08000965   Thumb Code    10  _rserrno.o(.text)
    __set_errno                              0x0800096f   Thumb Code    12  _rserrno.o(.text)
    _printf_int_common                       0x0800097b   Thumb Code   178  _printf_intcommon.o(.text)
    __lib_sel_fp_printf                      0x08000a2d   Thumb Code     2  _printf_fp_dec.o(.text)
    _printf_fp_dec_real                      0x08000bdf   Thumb Code   620  _printf_fp_dec.o(.text)
    _printf_char_common                      0x08000e57   Thumb Code    32  _printf_char_common.o(.text)
    _sputc                                   0x08000e7d   Thumb Code    10  _sputc.o(.text)
    _snputc                                  0x08000e87   Thumb Code    16  _snputc.o(.text)
    _printf_cs_common                        0x08000e97   Thumb Code    20  _printf_char.o(.text)
    _printf_char                             0x08000eab   Thumb Code    16  _printf_char.o(.text)
    _printf_string                           0x08000ebb   Thumb Code     8  _printf_char.o(.text)
    _printf_char_file                        0x08000ec5   Thumb Code    32  _printf_char_file.o(.text)
    __strtof_int                             0x08000ee9   Thumb Code    26  strtof.o(.text)
    __aeabi_memclr                           0x08000f03   Thumb Code     0  rt_memclr.o(.text)
    __rt_memclr                              0x08000f03   Thumb Code    68  rt_memclr.o(.text)
    _memset                                  0x08000f07   Thumb Code     0  rt_memclr.o(.text)
    __rt_locale                              0x08000f49   Thumb Code     8  rt_locale_intlibspace.o(.text)
    __aeabi_errno_addr                       0x08000f51   Thumb Code     8  rt_errno_addr_intlibspace.o(.text)
    __errno$intlibspace                      0x08000f51   Thumb Code     0  rt_errno_addr_intlibspace.o(.text)
    __rt_errno_addr$intlibspace              0x08000f51   Thumb Code     0  rt_errno_addr_intlibspace.o(.text)
    _ll_udiv10                               0x08000f59   Thumb Code   138  lludiv10.o(.text)
    _printf_fp_infnan                        0x08000fe5   Thumb Code   112  _printf_fp_infnan.o(.text)
    __strtod_int                             0x080010a1   Thumb Code    90  strtod.o(.text)
    _btod_etento                             0x08001109   Thumb Code   224  bigflt0.o(.text)
    ferror                                   0x080011ed   Thumb Code     8  ferror.o(.text)
    __user_libspace                          0x080011f5   Thumb Code     8  libspace.o(.text)
    __user_perproc_libspace                  0x080011f5   Thumb Code     0  libspace.o(.text)
    __user_perthread_libspace                0x080011f5   Thumb Code     0  libspace.o(.text)
    __user_setup_stackheap                   0x080011fd   Thumb Code    74  sys_stackheap_outer.o(.text)
    isspace                                  0x08001247   Thumb Code    18  isspace.o(.text)
    _sgetc                                   0x08001259   Thumb Code    30  _sgetc.o(.text)
    _sbackspace                              0x08001277   Thumb Code    34  _sgetc.o(.text)
    exit                                     0x08001299   Thumb Code    18  exit.o(.text)
    strcmp                                   0x080012ad   Thumb Code   128  strcmpv7m.o(.text)
    __rt_ctype_table                         0x0800132d   Thumb Code    16  rt_ctype_table.o(.text)
    _scanf_really_real                       0x08001589   Thumb Code   684  scanf_fp.o(.text)
    _scanf_really_hex_real                   0x08001835   Thumb Code   786  scanf_hexfp.o(.text)
    _scanf_really_infnan                     0x08001b55   Thumb Code   292  scanf_infnan.o(.text)
    __aeabi_llsl                             0x08001c89   Thumb Code     0  llshl.o(.text)
    _ll_shift_l                              0x08001c89   Thumb Code    38  llshl.o(.text)
    _chval                                   0x08001caf   Thumb Code    28  _chval.o(.text)
    _btod_d2e                                0x08001ccb   Thumb Code    62  btod.o(CL$$btod_d2e)
    _d2e_denorm_low                          0x08001d09   Thumb Code    70  btod.o(CL$$btod_d2e_denorm_low)
    _d2e_norm_op1                            0x08001d4f   Thumb Code    96  btod.o(CL$$btod_d2e_norm_op1)
    __btod_div_common                        0x08001daf   Thumb Code   696  btod.o(CL$$btod_div_common)
    _e2d                                     0x080020e9   Thumb Code   122  btod.o(CL$$btod_e2d)
    _e2e                                     0x0800216d   Thumb Code   220  btod.o(CL$$btod_e2e)
    _btod_ediv                               0x08002249   Thumb Code    42  btod.o(CL$$btod_ediv)
    _btod_edivd                              0x08002273   Thumb Code    42  btod.o(CL$$btod_edivd)
    _btod_emul                               0x0800229d   Thumb Code    42  btod.o(CL$$btod_emul)
    _btod_emuld                              0x080022c7   Thumb Code    42  btod.o(CL$$btod_emuld)
    __btod_mult_common                       0x080022f1   Thumb Code   580  btod.o(CL$$btod_mult_common)
    AD7606_Init                              0x08002535   Thumb Code   390  ad7606.o(i.AD7606_Init)
    BusFault_Handler                         0x080026d1   Thumb Code     2  stm32f4xx_it.o(i.BusFault_Handler)
    DMA1_Stream6_IRQHandler                  0x080026d5   Thumb Code   174  stm32f4xx_it.o(i.DMA1_Stream6_IRQHandler)
    DMA2_Stream7_IRQHandler                  0x08002795   Thumb Code   174  stm32f4xx_it.o(i.DMA2_Stream7_IRQHandler)
    DebugMon_Handler                         0x08002923   Thumb Code     2  stm32f4xx_it.o(i.DebugMon_Handler)
    EXTI0_IRQHandler                         0x08002925   Thumb Code    48  ad7606.o(i.EXTI0_IRQHandler)
    HAL_DMA_Abort                            0x08002961   Thumb Code   142  stm32f4xx_hal_dma.o(i.HAL_DMA_Abort)
    HAL_DMA_Init                             0x080029f1   Thumb Code   208  stm32f4xx_hal_dma.o(i.HAL_DMA_Init)
    HAL_DMA_Start_IT                         0x08002ac5   Thumb Code   110  stm32f4xx_hal_dma.o(i.HAL_DMA_Start_IT)
    HAL_GPIO_Init                            0x08002b35   Thumb Code   418  stm32f4xx_hal_gpio.o(i.HAL_GPIO_Init)
    HAL_GPIO_ReadPin                         0x08002d05   Thumb Code    14  stm32f4xx_hal_gpio.o(i.HAL_GPIO_ReadPin)
    HAL_GPIO_WritePin                        0x08002d13   Thumb Code    14  stm32f4xx_hal_gpio.o(i.HAL_GPIO_WritePin)
    HAL_GetREVID                             0x08002d21   Thumb Code     8  stm32f4xx_hal.o(i.HAL_GetREVID)
    HAL_GetTick                              0x08002d2d   Thumb Code     6  stm32f4xx_hal.o(i.HAL_GetTick)
    HAL_IWDG_Init                            0x08002d39   Thumb Code    90  stm32f4xx_hal_iwdg.o(i.HAL_IWDG_Init)
    HAL_IWDG_Refresh                         0x08002d93   Thumb Code    12  stm32f4xx_hal_iwdg.o(i.HAL_IWDG_Refresh)
    HAL_IncTick                              0x08002da1   Thumb Code    12  stm32f4xx_hal.o(i.HAL_IncTick)
    HAL_Init                                 0x08002db1   Thumb Code    40  stm32f4xx_hal.o(i.HAL_Init)
    HAL_InitTick                             0x08002ddd   Thumb Code    58  stm32f4xx_hal.o(i.HAL_InitTick)
    HAL_MspInit                              0x08002e21   Thumb Code     2  stm32f4xx_hal.o(i.HAL_MspInit)
    HAL_NVIC_EnableIRQ                       0x08002e23   Thumb Code    26  stm32f4xx_hal_cortex.o(i.HAL_NVIC_EnableIRQ)
    HAL_NVIC_SetPriority                     0x08002e3d   Thumb Code    60  stm32f4xx_hal_cortex.o(i.HAL_NVIC_SetPriority)
    HAL_NVIC_SetPriorityGrouping             0x08002e7d   Thumb Code    26  stm32f4xx_hal_cortex.o(i.HAL_NVIC_SetPriorityGrouping)
    HAL_RCC_ClockConfig                      0x08002ea1   Thumb Code   310  stm32f4xx_hal_rcc.o(i.HAL_RCC_ClockConfig)
    HAL_RCC_GetHCLKFreq                      0x08002fed   Thumb Code     6  stm32f4xx_hal_rcc.o(i.HAL_RCC_GetHCLKFreq)
    HAL_RCC_GetPCLK1Freq                     0x08002ff9   Thumb Code    22  stm32f4xx_hal_rcc.o(i.HAL_RCC_GetPCLK1Freq)
    HAL_RCC_GetPCLK2Freq                     0x08003019   Thumb Code    22  stm32f4xx_hal_rcc.o(i.HAL_RCC_GetPCLK2Freq)
    HAL_RCC_GetSysClockFreq                  0x08003039   Thumb Code    94  stm32f4xx_hal_rcc.o(i.HAL_RCC_GetSysClockFreq)
    HAL_RCC_OscConfig                        0x080030a1   Thumb Code   942  stm32f4xx_hal_rcc.o(i.HAL_RCC_OscConfig)
    HAL_SYSTICK_CLKSourceConfig              0x08003461   Thumb Code    28  stm32f4xx_hal_cortex.o(i.HAL_SYSTICK_CLKSourceConfig)
    HAL_SYSTICK_Config                       0x0800347d   Thumb Code    40  stm32f4xx_hal_cortex.o(i.HAL_SYSTICK_Config)
    HAL_TIM_Base_Init                        0x080034a5   Thumb Code    74  stm32f4xx_hal_tim.o(i.HAL_TIM_Base_Init)
    HAL_TIM_Base_MspInit                     0x080034ef   Thumb Code     2  stm32f4xx_hal_tim.o(i.HAL_TIM_Base_MspInit)
    HAL_TIM_Base_Start_IT                    0x080034f1   Thumb Code   110  stm32f4xx_hal_tim.o(i.HAL_TIM_Base_Start_IT)
    HAL_UARTEx_RxEventCallback               0x0800357d   Thumb Code     2  stm32f4xx_hal_uart.o(i.HAL_UARTEx_RxEventCallback)
    HAL_UART_ErrorCallback                   0x0800357f   Thumb Code     2  stm32f4xx_hal_uart.o(i.HAL_UART_ErrorCallback)
    HAL_UART_Init                            0x08003581   Thumb Code   100  stm32f4xx_hal_uart.o(i.HAL_UART_Init)
    HAL_UART_MspInit                         0x080035e5   Thumb Code     2  stm32f4xx_hal_uart.o(i.HAL_UART_MspInit)
    HAL_UART_Receive                         0x080035e7   Thumb Code   202  stm32f4xx_hal_uart.o(i.HAL_UART_Receive)
    HAL_UART_Receive_DMA                     0x080036b1   Thumb Code    46  stm32f4xx_hal_uart.o(i.HAL_UART_Receive_DMA)
    HAL_UART_RxCpltCallback                  0x080036df   Thumb Code     2  stm32f4xx_hal_uart.o(i.HAL_UART_RxCpltCallback)
    HAL_UART_RxHalfCpltCallback              0x080036e1   Thumb Code     2  stm32f4xx_hal_uart.o(i.HAL_UART_RxHalfCpltCallback)
    HAL_UART_Transmit_DMA                    0x080036e5   Thumb Code   126  stm32f4xx_hal_uart.o(i.HAL_UART_Transmit_DMA)
    HAL_UART_TxCpltCallback                  0x08003771   Thumb Code     2  stm32f4xx_hal_uart.o(i.HAL_UART_TxCpltCallback)
    HAL_UART_TxHalfCpltCallback              0x08003773   Thumb Code     2  stm32f4xx_hal_uart.o(i.HAL_UART_TxHalfCpltCallback)
    HardFault_Handler                        0x08003775   Thumb Code     2  stm32f4xx_it.o(i.HardFault_Handler)
    MemManage_Handler                        0x08003777   Thumb Code     2  stm32f4xx_it.o(i.MemManage_Handler)
    NMI_Handler                              0x08003779   Thumb Code     2  stm32f4xx_it.o(i.NMI_Handler)
    SysTick_Handler                          0x0800377b   Thumb Code    24  delay.o(i.SysTick_Handler)
    SystemInit                               0x08003795   Thumb Code    12  system_stm32f4xx.o(i.SystemInit)
    TIM3_IRQHandler                          0x080037a5   Thumb Code    66  btim.o(i.TIM3_IRQHandler)
    TIM6_DAC_IRQHandler                      0x080037f1   Thumb Code    58  btim.o(i.TIM6_DAC_IRQHandler)
    TIM7_IRQHandler                          0x08003839   Thumb Code    58  btim.o(i.TIM7_IRQHandler)
    TIM_Base_SetConfig                       0x08003881   Thumb Code   160  stm32f4xx_hal_tim.o(i.TIM_Base_SetConfig)
    UART5_IRQHandler                         0x0800394d   Thumb Code    62  uart5.o(i.UART5_IRQHandler)
    UART_Start_Receive_DMA                   0x08003be1   Thumb Code   102  stm32f4xx_hal_uart.o(i.UART_Start_Receive_DMA)
    USART1_IRQHandler                        0x08003cb9   Thumb Code   162  usart.o(i.USART1_IRQHandler)
    USART2_IRQHandler                        0x08003d6d   Thumb Code   196  usart2.o(i.USART2_IRQHandler)
    USART3_IRQHandler                        0x08003e3d   Thumb Code    62  usart3.o(i.USART3_IRQHandler)
    USART6_IRQHandler                        0x08003e85   Thumb Code    62  usart6.o(i.USART6_IRQHandler)
    UsageFault_Handler                       0x08003ecd   Thumb Code     2  stm32f4xx_it.o(i.UsageFault_Handler)
    __ARM_fpclassify                         0x08003ecf   Thumb Code    48  fpclassify.o(i.__ARM_fpclassify)
    __hardfp___mathlib_tofloat               0x08003f21   Thumb Code   232  narrow.o(i.__hardfp___mathlib_tofloat)
    __hardfp_ldexp                           0x08004019   Thumb Code   200  ldexp.o(i.__hardfp_ldexp)
    __hardfp_strtof                          0x080040e9   Thumb Code    26  strtof.o(i.__hardfp_strtof)
    __mathlib_dbl_overflow                   0x08004109   Thumb Code    24  dunder.o(i.__mathlib_dbl_overflow)
    __mathlib_dbl_underflow                  0x08004129   Thumb Code    24  dunder.o(i.__mathlib_dbl_underflow)
    __mathlib_narrow                         0x08004149   Thumb Code    18  narrow.o(i.__mathlib_narrow)
    __support_ldexp                          0x0800415b   Thumb Code    20  ldexp.o(i.__support_ldexp)
    _is_digit                                0x0800416f   Thumb Code    14  __printf_wp.o(i._is_digit)
    _sys_exit                                0x0800417d   Thumb Code     2  usart.o(i._sys_exit)
    bsp_spiRead1                             0x08004181   Thumb Code    82  ad7606.o(i.bsp_spiRead1)
    btim_tim3_int_init                       0x080041dd   Thumb Code    66  btim.o(i.btim_tim3_int_init)
    btim_tim6_int_init                       0x0800422d   Thumb Code    66  btim.o(i.btim_tim6_int_init)
    btim_tim7_int_init                       0x0800427d   Thumb Code    66  btim.o(i.btim_tim7_int_init)
    delay_init                               0x080042cd   Thumb Code    44  delay.o(i.delay_init)
    delay_ms                                 0x080042fd   Thumb Code    26  delay.o(i.delay_ms)
    delay_us                                 0x08004319   Thumb Code    50  delay.o(i.delay_us)
    dma_init                                 0x08004351   Thumb Code   302  dma.o(i.dma_init)
    fputc                                    0x080044a1   Thumb Code    14  usart.o(i.fputc)
    freertos_demo                            0x080044b5   Thumb Code    30  freertos_demo.o(i.freertos_demo)
    frexp                                    0x080044e9   Thumb Code   118  frexp.o(i.frexp)
    iwdg_feed                                0x08004575   Thumb Code     6  wdg.o(i.iwdg_feed)
    iwdg_init                                0x08004581   Thumb Code    16  wdg.o(i.iwdg_init)
    lcd_clear                                0x08004599   Thumb Code    44  lcd.o(i.lcd_clear)
    lcd_display_dir                          0x080045c9   Thumb Code   200  lcd.o(i.lcd_display_dir)
    lcd_draw_circle                          0x08004695   Thumb Code   200  lcd.o(i.lcd_draw_circle)
    lcd_draw_line                            0x0800475d   Thumb Code   154  lcd.o(i.lcd_draw_line)
    lcd_draw_point                           0x080047f9   Thumb Code    18  lcd.o(i.lcd_draw_point)
    lcd_draw_rectangle                       0x08004811   Thumb Code    74  lcd.o(i.lcd_draw_rectangle)
    lcd_fill                                 0x0800485b   Thumb Code    68  lcd.o(i.lcd_fill)
    lcd_read_point                           0x080048cd   Thumb Code   112  lcd.o(i.lcd_read_point)
    lcd_scan_dir                             0x08004941   Thumb Code   424  lcd.o(i.lcd_scan_dir)
    lcd_set_cursor                           0x08004aed   Thumb Code   254  lcd.o(i.lcd_set_cursor)
    lcd_show_char                            0x08004bf1   Thumb Code   212  lcd.o(i.lcd_show_char)
    lcd_show_num                             0x08004cdd   Thumb Code   124  lcd.o(i.lcd_show_num)
    lcd_show_string                          0x08004d59   Thumb Code    84  lcd.o(i.lcd_show_string)
    lcd_show_xnum                            0x08004dad   Thumb Code   162  lcd.o(i.lcd_show_xnum)
    lcd_wr_data                              0x08004e51   Thumb Code    18  lcd.o(i.lcd_wr_data)
    lcd_wr_regno                             0x08004e69   Thumb Code    18  lcd.o(i.lcd_wr_regno)
    lcd_write_ram_prepare                    0x08004e81   Thumb Code    10  lcd.o(i.lcd_write_ram_prepare)
    lcd_write_reg                            0x08004e95   Thumb Code     8  lcd.o(i.lcd_write_reg)
    main                                     0x08004ea1   Thumb Code    96  main.o(i.main)
    pvPortMalloc                             0x08005871   Thumb Code   232  heap_4.o(i.pvPortMalloc)
    pxPortInitialiseStack                    0x080059a5   Thumb Code    30  port.o(i.pxPortInitialiseStack)
    start_task                               0x080059c9   Thumb Code   146  freertos_demo.o(i.start_task)
    sys_stm32_clock_init                     0x08005a91   Thumb Code   172  sys.o(i.sys_stm32_clock_init)
    task1                                    0x08005b49   Thumb Code    12  freertos_demo.o(i.task1)
    task2                                    0x08005b55   Thumb Code   118  freertos_demo.o(i.task2)
    task3                                    0x08005bd5   Thumb Code   126  freertos_demo.o(i.task3)
    task4                                    0x08005c65   Thumb Code   224  freertos_demo.o(i.task4)
    ulTaskGenericNotifyTake                  0x08005d7d   Thumb Code   138  tasks.o(i.ulTaskGenericNotifyTake)
    usart2_init                              0x08005e45   Thumb Code   196  usart2.o(i.usart2_init)
    usart2_send_data                         0x08005f19   Thumb Code    20  usart2.o(i.usart2_send_data)
    usart_init                               0x08005f35   Thumb Code   170  usart.o(i.usart_init)
    usmart_cmd_rec                           0x08005ff1   Thumb Code   142  usmart.o(i.usmart_cmd_rec)
    usmart_exe                               0x08006085   Thumb Code   528  usmart.o(i.usmart_exe)
    usmart_get_aparm                         0x080062f5   Thumb Code   164  usmart_str.o(i.usmart_get_aparm)
    usmart_get_fname                         0x08006399   Thumb Code   364  usmart_str.o(i.usmart_get_fname)
    usmart_get_fparam                        0x0800650d   Thumb Code   220  usmart_str.o(i.usmart_get_fparam)
    usmart_get_input_string                  0x080065ed   Thumb Code    24  usmart_port.o(i.usmart_get_input_string)
    usmart_get_parmpos                       0x0800660d   Thumb Code    30  usmart_str.o(i.usmart_get_parmpos)
    usmart_init                              0x08006631   Thumb Code     8  usmart.o(i.usmart_init)
    usmart_pow                               0x0800663d   Thumb Code    16  usmart_str.o(i.usmart_pow)
    usmart_scan                              0x0800664d   Thumb Code    62  usmart.o(i.usmart_scan)
    usmart_search_nextc                      0x08006699   Thumb Code    20  usmart_str.o(i.usmart_search_nextc)
    usmart_str2num                           0x080066ad   Thumb Code   220  usmart_str.o(i.usmart_str2num)
    usmart_strcmp                            0x08006789   Thumb Code    26  usmart_str.o(i.usmart_strcmp)
    usmart_strcopy                           0x080067a3   Thumb Code    18  usmart_str.o(i.usmart_strcopy)
    usmart_strlen                            0x080067b5   Thumb Code    18  usmart_str.o(i.usmart_strlen)
    uxListRemove                             0x080067c7   Thumb Code    38  list.o(i.uxListRemove)
    vListInitialise                          0x080067ed   Thumb Code    22  list.o(i.vListInitialise)
    vListInitialiseItem                      0x08006803   Thumb Code     6  list.o(i.vListInitialiseItem)
    vListInsert                              0x08006809   Thumb Code    48  list.o(i.vListInsert)
    vListInsertEnd                           0x08006839   Thumb Code    24  list.o(i.vListInsertEnd)
    vPortEnterCritical                       0x08006851   Thumb Code    50  port.o(i.vPortEnterCritical)
    vPortExitCritical                        0x080068d9   Thumb Code    38  port.o(i.vPortExitCritical)
    vPortFree                                0x08006951   Thumb Code   100  heap_4.o(i.vPortFree)
    vPortSetupTimerInterrupt                 0x08006a01   Thumb Code    32  port.o(i.vPortSetupTimerInterrupt)
    vPortValidateInterruptPriority           0x08006a25   Thumb Code    70  port.o(i.vPortValidateInterruptPriority)
    vQueueAddToRegistry                      0x08006ac1   Thumb Code    72  queue.o(i.vQueueAddToRegistry)
    vQueueWaitForMessageRestricted           0x08006b41   Thumb Code    70  queue.o(i.vQueueWaitForMessageRestricted)
    vTaskDelay                               0x08006b89   Thumb Code    66  tasks.o(i.vTaskDelay)
    vTaskDelete                              0x08006c09   Thumb Code   158  tasks.o(i.vTaskDelete)
    vTaskGenericNotifyGiveFromISR            0x08006ced   Thumb Code   280  tasks.o(i.vTaskGenericNotifyGiveFromISR)
    vTaskInternalSetTimeOutState             0x08006e45   Thumb Code    12  tasks.o(i.vTaskInternalSetTimeOutState)
    vTaskMissedYield                         0x08006e55   Thumb Code     8  tasks.o(i.vTaskMissedYield)
    vTaskPlaceOnEventList                    0x08006e61   Thumb Code    46  tasks.o(i.vTaskPlaceOnEventList)
    vTaskPlaceOnEventListRestricted          0x08006ec9   Thumb Code    80  tasks.o(i.vTaskPlaceOnEventListRestricted)
    vTaskStartScheduler                      0x08006f51   Thumb Code    92  tasks.o(i.vTaskStartScheduler)
    vTaskSuspendAll                          0x08006ff1   Thumb Code    10  tasks.o(i.vTaskSuspendAll)
    vTaskSwitchContext                       0x08007001   Thumb Code    84  tasks.o(i.vTaskSwitchContext)
    xPortStartScheduler                      0x08007091   Thumb Code   228  port.o(i.xPortStartScheduler)
    xPortSysTickHandler                      0x080071d5   Thumb Code    38  port.o(i.xPortSysTickHandler)
    xQueueGenericCreate                      0x08007201   Thumb Code    78  queue.o(i.xQueueGenericCreate)
    xQueueGenericReset                       0x08007285   Thumb Code   174  queue.o(i.xQueueGenericReset)
    xQueueReceive                            0x0800736d   Thumb Code   296  queue.o(i.xQueueReceive)
    xTaskCheckForTimeOut                     0x080074cd   Thumb Code   134  tasks.o(i.xTaskCheckForTimeOut)
    xTaskCreate                              0x0800758d   Thumb Code    96  tasks.o(i.xTaskCreate)
    xTaskGetSchedulerState                   0x080075ed   Thumb Code    24  tasks.o(i.xTaskGetSchedulerState)
    xTaskGetTickCount                        0x08007609   Thumb Code     6  tasks.o(i.xTaskGetTickCount)
    xTaskIncrementTick                       0x08007615   Thumb Code   292  tasks.o(i.xTaskIncrementTick)
    xTaskPriorityDisinherit                  0x08007775   Thumb Code   166  tasks.o(i.xTaskPriorityDisinherit)
    xTaskRemoveFromEventList                 0x08007859   Thumb Code   206  tasks.o(i.xTaskRemoveFromEventList)
    xTaskResumeAll                           0x08007969   Thumb Code   280  tasks.o(i.xTaskResumeAll)
    xTimerCreateTimerTask                    0x08007ac5   Thumb Code    58  timers.o(i.xTimerCreateTimerTask)
    _get_lc_numeric                          0x08007b45   Thumb Code    44  lc_numeric_c.o(locale$$code)
    _get_lc_ctype                            0x08007b71   Thumb Code    44  lc_ctype_c.o(locale$$code)
    __aeabi_d2f                              0x08007b9d   Thumb Code     0  d2f.o(x$fpl$d2f)
    _d2f                                     0x08007b9d   Thumb Code    98  d2f.o(x$fpl$d2f)
    __fpl_dcheck_NaN1                        0x08007c01   Thumb Code    10  dcheck1.o(x$fpl$dcheck1)
    __fpl_dcmp_Inf                           0x08007c11   Thumb Code    24  dcmpi.o(x$fpl$dcmpinf)
    __aeabi_cdcmpeq                          0x08007c29   Thumb Code     0  deqf.o(x$fpl$deqf)
    _dcmpeq                                  0x08007c29   Thumb Code   120  deqf.o(x$fpl$deqf)
    __aeabi_cdcmple                          0x08007ca1   Thumb Code     0  dleqf.o(x$fpl$dleqf)
    _dcmple                                  0x08007ca1   Thumb Code   120  dleqf.o(x$fpl$dleqf)
    __fpl_dcmple_InfNaN                      0x08007d03   Thumb Code     0  dleqf.o(x$fpl$dleqf)
    __aeabi_dmul                             0x08007d19   Thumb Code     0  dmul.o(x$fpl$dmul)
    _dmul                                    0x08007d19   Thumb Code   332  dmul.o(x$fpl$dmul)
    __fpl_dnaninf                            0x08007e6d   Thumb Code   156  dnaninf.o(x$fpl$dnaninf)
    __fpl_dretinf                            0x08007f09   Thumb Code    12  dretinf.o(x$fpl$dretinf)
    __aeabi_cdrcmple                         0x08007f15   Thumb Code     0  drleqf.o(x$fpl$drleqf)
    _drcmple                                 0x08007f15   Thumb Code   108  drleqf.o(x$fpl$drleqf)
    __aeabi_f2d                              0x08007f81   Thumb Code     0  f2d.o(x$fpl$f2d)
    _f2d                                     0x08007f81   Thumb Code    86  f2d.o(x$fpl$f2d)
    __fpl_fnaninf                            0x08007fd7   Thumb Code   140  fnaninf.o(x$fpl$fnaninf)
    _fp_init                                 0x08008063   Thumb Code    10  fpinit.o(x$fpl$fpinit)
    __fplib_config_fpu_vfp                   0x0800806b   Thumb Code     0  fpinit.o(x$fpl$fpinit)
    __fplib_config_pureend_doubles           0x0800806b   Thumb Code     0  fpinit.o(x$fpl$fpinit)
    __fpl_fretinf                            0x0800806d   Thumb Code    10  fretinf.o(x$fpl$fretinf)
    __ieee_status                            0x08008077   Thumb Code     6  istatus.o(x$fpl$ieeestatus)
    _printf_fp_dec                           0x0800807d   Thumb Code     4  printf1.o(x$fpl$printf1)
    __fpl_return_NaN                         0x08008081   Thumb Code   100  retnan.o(x$fpl$retnan)
    __ARM_scalbn                             0x080080e5   Thumb Code    92  scalbn.o(x$fpl$scalbn)
    _scanf_real                              0x08008141   Thumb Code     4  scanf1.o(x$fpl$scanf1)
    _scanf_hex_real                          0x08008145   Thumb Code     4  scanf2.o(x$fpl$scanf2)
    _scanf_infnan                            0x08008149   Thumb Code     4  scanf2.o(x$fpl$scanf2)
    __fpl_cmpreturn                          0x0800814d   Thumb Code    48  trapv.o(x$fpl$trapveneer)
    AHBPrescTable                            0x0800817c   Data          16  system_stm32f4xx.o(.constdata)
    __I$use$fp                               0x0800817c   Number         0  usenofp.o(x$fpl$usenofp)
    APBPrescTable                            0x0800818c   Data           8  system_stm32f4xx.o(.constdata)
    asc2_1206                                0x0800819c   Data        1140  lcd.o(.constdata)
    asc2_1608                                0x08008610   Data        1520  lcd.o(.constdata)
    asc2_2412                                0x08008c00   Data        3420  lcd.o(.constdata)
    asc2_3216                                0x0800995c   Data        6080  lcd.o(.constdata)
    Region$$Table$$Base                      0x0800b578   Number         0  anon$$obj.o(Region$$Table)
    Region$$Table$$Limit                     0x0800b598   Number         0  anon$$obj.o(Region$$Table)
    __aeabi_HUGE_VAL                         0x0800b598   Data           0  fpconst.o(c$$dinf)
    __aeabi_HUGE_VALL                        0x0800b598   Data           0  fpconst.o(c$$dinf)
    __aeabi_INFINITY                         0x0800b598   Data           0  fpconst.o(c$$dinf)
    __dInf                                   0x0800b598   Data           0  fpconst.o(c$$dinf)
    __huge_val                               0x0800b598   Data           0  fpconst.o(c$$dinf)
    __dbl_max                                0x0800b5a0   Data           0  fpconst.o(c$$dmax)
    __ctype                                  0x0800b5d1   Data           0  lc_ctype_c.o(locale$$data)
    SystemCoreClock                          0x20000000   Data           4  system_stm32f4xx.o(.data)
    pc_t_l                                   0x20000004   Data           4  freertos_demo.o(.data)
    pc_t_r                                   0x20000008   Data           4  freertos_demo.o(.data)
    StartTask_Handler                        0x2000000c   Data           4  freertos_demo.o(.data)
    Task1Task_Handler                        0x20000010   Data           4  freertos_demo.o(.data)
    Task2Task_Handler                        0x20000014   Data           4  freertos_demo.o(.data)
    Task3Task_Handler                        0x20000018   Data           4  freertos_demo.o(.data)
    Task4Task_Handler                        0x2000001c   Data           4  freertos_demo.o(.data)
    notifyValueTask2                         0x20000020   Data           4  freertos_demo.o(.data)
    notifyValueTask3                         0x20000024   Data           4  freertos_demo.o(.data)
    notifyValueTask4                         0x20000028   Data           4  freertos_demo.o(.data)
    g_usart_rx_sta                           0x20000030   Data           2  usart.o(.data)
    __stdout                                 0x20000034   Data           4  usart.o(.data)
    uwTickFreq                               0x20000038   Data           1  stm32f4xx_hal.o(.data)
    uwTickPrio                               0x2000003c   Data           4  stm32f4xx_hal.o(.data)
    uwTick                                   0x20000040   Data           4  stm32f4xx_hal.o(.data)
    g_back_color                             0x20000044   Data           4  lcd.o(.data)
    g_UART5_rx_cnt                           0x20000048   Data           1  uart5.o(.data)
    g_USART6_rx_cnt                          0x20000049   Data           1  usart6.o(.data)
    g_USART2_rx_cnt                          0x2000004a   Data           1  usart2.o(.data)
    g_USART3_rx_cnt                          0x2000004b   Data           1  usart3.o(.data)
    usmart_nametab                           0x2000004c   Data         104  usmart_config.o(.data)
    usmart_dev                               0x200000b4   Data         244  usmart_config.o(.data)
    pxCurrentTCB                             0x200001a8   Data           4  tasks.o(.data)
    uxTopUsedPriority                        0x200001d8   Data           4  tasks.o(.data)
    exo_state                                0x20000228   Data         128  freertos_demo.o(.bss)
    pc_o                                     0x200002a8   Data          20  freertos_demo.o(.bss)
    tcmd                                     0x200002bc   Data          10  freertos_demo.o(.bss)
    adc_data_raw_f                           0x200002d8   Data          32  freertos_demo.o(.bss)
    g_usart_rx_buf                           0x200002f8   Data          50  usart.o(.bss)
    g_usart1_handler                         0x2000032c   Data          68  usart.o(.bss)
    g_sram_handle                            0x20000370   Data          80  lcd.o(.bss)
    lcddev                                   0x200003c0   Data          14  lcd.o(.bss)
    g_tim6_handler                           0x200003d0   Data          72  btim.o(.bss)
    g_tim7_handler                           0x20000418   Data          72  btim.o(.bss)
    g_tim3_handler                           0x20000460   Data          72  btim.o(.bss)
    g_dma_handle_usart1_rx                   0x200004a8   Data          96  dma.o(.bss)
    g_dma_handle_usart1_tx                   0x20000508   Data          96  dma.o(.bss)
    g_dma_handle_usart2_rx                   0x20000568   Data          96  dma.o(.bss)
    g_dma_handle_usart2_tx                   0x200005c8   Data          96  dma.o(.bss)
    g_uart5_handler                          0x20000628   Data          68  uart5.o(.bss)
    g_UART5_rx_buf                           0x2000066c   Data          64  uart5.o(.bss)
    g_usart6_handler                         0x200006ac   Data          68  usart6.o(.bss)
    g_USART6_rx_buf                          0x200006f0   Data          64  usart6.o(.bss)
    g_usart2_handler                         0x20000730   Data          68  usart2.o(.bss)
    g_USART2_rx_buf                          0x20000774   Data         128  usart2.o(.bss)
    g_usart3_handler                         0x200007f4   Data          68  usart3.o(.bss)
    g_USART3_rx_buf                          0x20000838   Data          32  usart3.o(.bss)
    iwdg_handler                             0x20000858   Data          12  wdg.o(.bss)
    xQueueRegistry                           0x20000864   Data          64  queue.o(.bss)
    __libspace_start                         0x20014bb0   Data          96  libspace.o(.bss)
    __temporary_stack_top$libspace           0x20014c10   Data           0  libspace.o(.bss)



==============================================================================

Memory Map of the image

  Image Entry point : 0x08000189

  Load Region LR_IROM1 (Base: 0x08000000, Size: 0x0000b8fc, Max: 0x00100000, ABSOLUTE, COMPRESSED[0x0000b75c])

    Execution Region ER_IROM1 (Exec base: 0x08000000, Load base: 0x08000000, Size: 0x0000b6d4, Max: 0x00100000, ABSOLUTE)

    Exec Addr    Load Addr    Size         Type   Attr      Idx    E Section Name        Object

    0x08000000   0x08000000   0x00000188   Data   RO            3    RESET               startup_stm32f407xx.o
    0x08000188   0x08000188   0x00000008   Code   RO         6329  * !!!main             c_w.l(__main.o)
    0x08000190   0x08000190   0x00000034   Code   RO         6761    !!!scatter          c_w.l(__scatter.o)
    0x080001c4   0x080001c4   0x0000005a   Code   RO         6759    !!dczerorl2         c_w.l(__dczerorl2.o)
    0x0800021e   0x0800021e   0x00000002   PAD
    0x08000220   0x08000220   0x0000001c   Code   RO         6763    !!handler_zi        c_w.l(__scatter_zi.o)
    0x0800023c   0x0800023c   0x00000000   Code   RO         6312    .ARM.Collect$$_printf_percent$$00000000  c_w.l(_printf_percent.o)
    0x0800023c   0x0800023c   0x00000006   Code   RO         6310    .ARM.Collect$$_printf_percent$$00000003  c_w.l(_printf_f.o)
    0x08000242   0x08000242   0x00000006   Code   RO         6311    .ARM.Collect$$_printf_percent$$00000005  c_w.l(_printf_g.o)
    0x08000248   0x08000248   0x00000006   Code   RO         6308    .ARM.Collect$$_printf_percent$$00000009  c_w.l(_printf_d.o)
    0x0800024e   0x0800024e   0x00000006   Code   RO         6309    .ARM.Collect$$_printf_percent$$0000000A  c_w.l(_printf_u.o)
    0x08000254   0x08000254   0x00000006   Code   RO         6307    .ARM.Collect$$_printf_percent$$0000000C  c_w.l(_printf_x.o)
    0x0800025a   0x0800025a   0x00000006   Code   RO         6305    .ARM.Collect$$_printf_percent$$00000013  c_w.l(_printf_c.o)
    0x08000260   0x08000260   0x00000006   Code   RO         6306    .ARM.Collect$$_printf_percent$$00000014  c_w.l(_printf_s.o)
    0x08000266   0x08000266   0x00000004   Code   RO         6416    .ARM.Collect$$_printf_percent$$00000017  c_w.l(_printf_percent_end.o)
    0x0800026a   0x0800026a   0x00000002   Code   RO         6584    .ARM.Collect$$libinit$$00000000  c_w.l(libinit.o)
    0x0800026c   0x0800026c   0x00000004   Code   RO         6585    .ARM.Collect$$libinit$$00000001  c_w.l(libinit2.o)
    0x08000270   0x08000270   0x00000000   Code   RO         6588    .ARM.Collect$$libinit$$00000004  c_w.l(libinit2.o)
    0x08000270   0x08000270   0x00000000   Code   RO         6591    .ARM.Collect$$libinit$$0000000A  c_w.l(libinit2.o)
    0x08000270   0x08000270   0x00000000   Code   RO         6593    .ARM.Collect$$libinit$$0000000C  c_w.l(libinit2.o)
    0x08000270   0x08000270   0x00000000   Code   RO         6595    .ARM.Collect$$libinit$$0000000E  c_w.l(libinit2.o)
    0x08000270   0x08000270   0x00000006   Code   RO         6596    .ARM.Collect$$libinit$$0000000F  c_w.l(libinit2.o)
    0x08000276   0x08000276   0x00000000   Code   RO         6598    .ARM.Collect$$libinit$$00000011  c_w.l(libinit2.o)
    0x08000276   0x08000276   0x0000000c   Code   RO         6599    .ARM.Collect$$libinit$$00000012  c_w.l(libinit2.o)
    0x08000282   0x08000282   0x00000000   Code   RO         6600    .ARM.Collect$$libinit$$00000013  c_w.l(libinit2.o)
    0x08000282   0x08000282   0x00000000   Code   RO         6602    .ARM.Collect$$libinit$$00000015  c_w.l(libinit2.o)
    0x08000282   0x08000282   0x0000000a   Code   RO         6603    .ARM.Collect$$libinit$$00000016  c_w.l(libinit2.o)
    0x0800028c   0x0800028c   0x00000000   Code   RO         6604    .ARM.Collect$$libinit$$00000017  c_w.l(libinit2.o)
    0x0800028c   0x0800028c   0x00000000   Code   RO         6606    .ARM.Collect$$libinit$$00000019  c_w.l(libinit2.o)
    0x0800028c   0x0800028c   0x00000000   Code   RO         6608    .ARM.Collect$$libinit$$0000001B  c_w.l(libinit2.o)
    0x0800028c   0x0800028c   0x00000000   Code   RO         6610    .ARM.Collect$$libinit$$0000001D  c_w.l(libinit2.o)
    0x0800028c   0x0800028c   0x00000000   Code   RO         6612    .ARM.Collect$$libinit$$0000001F  c_w.l(libinit2.o)
    0x0800028c   0x0800028c   0x00000000   Code   RO         6614    .ARM.Collect$$libinit$$00000021  c_w.l(libinit2.o)
    0x0800028c   0x0800028c   0x00000000   Code   RO         6616    .ARM.Collect$$libinit$$00000023  c_w.l(libinit2.o)
    0x0800028c   0x0800028c   0x00000000   Code   RO         6618    .ARM.Collect$$libinit$$00000025  c_w.l(libinit2.o)
    0x0800028c   0x0800028c   0x00000000   Code   RO         6622    .ARM.Collect$$libinit$$0000002C  c_w.l(libinit2.o)
    0x0800028c   0x0800028c   0x00000000   Code   RO         6624    .ARM.Collect$$libinit$$0000002E  c_w.l(libinit2.o)
    0x0800028c   0x0800028c   0x00000000   Code   RO         6626    .ARM.Collect$$libinit$$00000030  c_w.l(libinit2.o)
    0x0800028c   0x0800028c   0x00000000   Code   RO         6628    .ARM.Collect$$libinit$$00000032  c_w.l(libinit2.o)
    0x0800028c   0x0800028c   0x00000002   Code   RO         6629    .ARM.Collect$$libinit$$00000033  c_w.l(libinit2.o)
    0x0800028e   0x0800028e   0x00000002   Code   RO         6702    .ARM.Collect$$libshutdown$$00000000  c_w.l(libshutdown.o)
    0x08000290   0x08000290   0x00000000   Code   RO         6724    .ARM.Collect$$libshutdown$$00000002  c_w.l(libshutdown2.o)
    0x08000290   0x08000290   0x00000000   Code   RO         6726    .ARM.Collect$$libshutdown$$00000004  c_w.l(libshutdown2.o)
    0x08000290   0x08000290   0x00000000   Code   RO         6728    .ARM.Collect$$libshutdown$$00000006  c_w.l(libshutdown2.o)
    0x08000290   0x08000290   0x00000000   Code   RO         6731    .ARM.Collect$$libshutdown$$00000009  c_w.l(libshutdown2.o)
    0x08000290   0x08000290   0x00000000   Code   RO         6734    .ARM.Collect$$libshutdown$$0000000C  c_w.l(libshutdown2.o)
    0x08000290   0x08000290   0x00000000   Code   RO         6736    .ARM.Collect$$libshutdown$$0000000E  c_w.l(libshutdown2.o)
    0x08000290   0x08000290   0x00000000   Code   RO         6739    .ARM.Collect$$libshutdown$$00000011  c_w.l(libshutdown2.o)
    0x08000290   0x08000290   0x00000002   Code   RO         6740    .ARM.Collect$$libshutdown$$00000012  c_w.l(libshutdown2.o)
    0x08000292   0x08000292   0x00000000   Code   RO         6395    .ARM.Collect$$rtentry$$00000000  c_w.l(__rtentry.o)
    0x08000292   0x08000292   0x00000000   Code   RO         6480    .ARM.Collect$$rtentry$$00000002  c_w.l(__rtentry2.o)
    0x08000292   0x08000292   0x00000006   Code   RO         6492    .ARM.Collect$$rtentry$$00000004  c_w.l(__rtentry4.o)
    0x08000298   0x08000298   0x00000000   Code   RO         6482    .ARM.Collect$$rtentry$$00000009  c_w.l(__rtentry2.o)
    0x08000298   0x08000298   0x00000004   Code   RO         6483    .ARM.Collect$$rtentry$$0000000A  c_w.l(__rtentry2.o)
    0x0800029c   0x0800029c   0x00000000   Code   RO         6485    .ARM.Collect$$rtentry$$0000000C  c_w.l(__rtentry2.o)
    0x0800029c   0x0800029c   0x00000008   Code   RO         6486    .ARM.Collect$$rtentry$$0000000D  c_w.l(__rtentry2.o)
    0x080002a4   0x080002a4   0x00000002   Code   RO         6642    .ARM.Collect$$rtexit$$00000000  c_w.l(rtexit.o)
    0x080002a6   0x080002a6   0x00000000   Code   RO         6661    .ARM.Collect$$rtexit$$00000002  c_w.l(rtexit2.o)
    0x080002a6   0x080002a6   0x00000004   Code   RO         6662    .ARM.Collect$$rtexit$$00000003  c_w.l(rtexit2.o)
    0x080002aa   0x080002aa   0x00000006   Code   RO         6663    .ARM.Collect$$rtexit$$00000004  c_w.l(rtexit2.o)
    0x080002b0   0x080002b0   0x000000be   Code   RO         6143    .emb_text           port.o
    0x0800036e   0x0800036e   0x00000002   PAD
    0x08000370   0x08000370   0x00000068   Code   RO            4    .text               startup_stm32f407xx.o
    0x080003d8   0x080003d8   0x00000002   Code   RO         6240    .text               c_w.l(use_no_semi_2.o)
    0x080003da   0x080003da   0x000000ee   Code   RO         6242    .text               c_w.l(lludivv7m.o)
    0x080004c8   0x080004c8   0x00000018   Code   RO         6244    .text               c_w.l(__2printf.o)
    0x080004e0   0x080004e0   0x00000038   Code   RO         6248    .text               c_w.l(__2snprintf.o)
    0x08000518   0x08000518   0x0000004e   Code   RO         6258    .text               c_w.l(_printf_pad.o)
    0x08000566   0x08000566   0x00000052   Code   RO         6260    .text               c_w.l(_printf_str.o)
    0x080005b8   0x080005b8   0x00000078   Code   RO         6262    .text               c_w.l(_printf_dec.o)
    0x08000630   0x08000630   0x00000058   Code   RO         6267    .text               c_w.l(_printf_hex_int.o)
    0x08000688   0x08000688   0x00000188   Code   RO         6302    .text               c_w.l(__printf_flags_ss_wp.o)
    0x08000810   0x08000810   0x0000008a   Code   RO         6317    .text               c_w.l(rt_memcpy_v6.o)
    0x0800089a   0x0800089a   0x00000064   Code   RO         6319    .text               c_w.l(rt_memcpy_w.o)
    0x080008fe   0x080008fe   0x00000010   Code   RO         6323    .text               c_w.l(aeabi_memset.o)
    0x0800090e   0x0800090e   0x0000004e   Code   RO         6325    .text               c_w.l(rt_memclr_w.o)
    0x0800095c   0x0800095c   0x00000006   Code   RO         6327    .text               c_w.l(heapauxi.o)
    0x08000962   0x08000962   0x00000002   Code   RO         6393    .text               c_w.l(use_no_semi.o)
    0x08000964   0x08000964   0x00000016   Code   RO         6400    .text               c_w.l(_rserrno.o)
    0x0800097a   0x0800097a   0x000000b2   Code   RO         6402    .text               c_w.l(_printf_intcommon.o)
    0x08000a2c   0x08000a2c   0x0000041e   Code   RO         6404    .text               c_w.l(_printf_fp_dec.o)
    0x08000e4a   0x08000e4a   0x00000002   PAD
    0x08000e4c   0x08000e4c   0x00000030   Code   RO         6406    .text               c_w.l(_printf_char_common.o)
    0x08000e7c   0x08000e7c   0x0000000a   Code   RO         6408    .text               c_w.l(_sputc.o)
    0x08000e86   0x08000e86   0x00000010   Code   RO         6410    .text               c_w.l(_snputc.o)
    0x08000e96   0x08000e96   0x0000002c   Code   RO         6412    .text               c_w.l(_printf_char.o)
    0x08000ec2   0x08000ec2   0x00000002   PAD
    0x08000ec4   0x08000ec4   0x00000024   Code   RO         6414    .text               c_w.l(_printf_char_file.o)
    0x08000ee8   0x08000ee8   0x0000001a   Code   RO         6417    .text               c_w.l(strtof.o)
    0x08000f02   0x08000f02   0x00000044   Code   RO         6419    .text               c_w.l(rt_memclr.o)
    0x08000f46   0x08000f46   0x00000002   PAD
    0x08000f48   0x08000f48   0x00000008   Code   RO         6499    .text               c_w.l(rt_locale_intlibspace.o)
    0x08000f50   0x08000f50   0x00000008   Code   RO         6504    .text               c_w.l(rt_errno_addr_intlibspace.o)
    0x08000f58   0x08000f58   0x0000008a   Code   RO         6506    .text               c_w.l(lludiv10.o)
    0x08000fe2   0x08000fe2   0x00000002   PAD
    0x08000fe4   0x08000fe4   0x00000080   Code   RO         6508    .text               c_w.l(_printf_fp_infnan.o)
    0x08001064   0x08001064   0x000000a4   Code   RO         6512    .text               c_w.l(strtod.o)
    0x08001108   0x08001108   0x000000e4   Code   RO         6514    .text               c_w.l(bigflt0.o)
    0x080011ec   0x080011ec   0x00000008   Code   RO         6539    .text               c_w.l(ferror.o)
    0x080011f4   0x080011f4   0x00000008   Code   RO         6562    .text               c_w.l(libspace.o)
    0x080011fc   0x080011fc   0x0000004a   Code   RO         6565    .text               c_w.l(sys_stackheap_outer.o)
    0x08001246   0x08001246   0x00000012   Code   RO         6567    .text               c_w.l(isspace.o)
    0x08001258   0x08001258   0x00000040   Code   RO         6569    .text               c_w.l(_sgetc.o)
    0x08001298   0x08001298   0x00000012   Code   RO         6571    .text               c_w.l(exit.o)
    0x080012aa   0x080012aa   0x00000002   PAD
    0x080012ac   0x080012ac   0x00000080   Code   RO         6577    .text               c_w.l(strcmpv7m.o)
    0x0800132c   0x0800132c   0x00000010   Code   RO         6644    .text               c_w.l(rt_ctype_table.o)
    0x0800133c   0x0800133c   0x000004f8   Code   RO         6648    .text               c_w.l(scanf_fp.o)
    0x08001834   0x08001834   0x00000320   Code   RO         6690    .text               c_w.l(scanf_hexfp.o)
    0x08001b54   0x08001b54   0x00000134   Code   RO         6692    .text               c_w.l(scanf_infnan.o)
    0x08001c88   0x08001c88   0x00000026   Code   RO         6703    .text               c_w.l(llshl.o)
    0x08001cae   0x08001cae   0x0000001c   Code   RO         6705    .text               c_w.l(_chval.o)
    0x08001cca   0x08001cca   0x0000003e   Code   RO         6517    CL$$btod_d2e        c_w.l(btod.o)
    0x08001d08   0x08001d08   0x00000046   Code   RO         6519    CL$$btod_d2e_denorm_low  c_w.l(btod.o)
    0x08001d4e   0x08001d4e   0x00000060   Code   RO         6518    CL$$btod_d2e_norm_op1  c_w.l(btod.o)
    0x08001dae   0x08001dae   0x00000338   Code   RO         6527    CL$$btod_div_common  c_w.l(btod.o)
    0x080020e6   0x080020e6   0x00000002   PAD
    0x080020e8   0x080020e8   0x00000084   Code   RO         6525    CL$$btod_e2d        c_w.l(btod.o)
    0x0800216c   0x0800216c   0x000000dc   Code   RO         6524    CL$$btod_e2e        c_w.l(btod.o)
    0x08002248   0x08002248   0x0000002a   Code   RO         6521    CL$$btod_ediv       c_w.l(btod.o)
    0x08002272   0x08002272   0x0000002a   Code   RO         6523    CL$$btod_edivd      c_w.l(btod.o)
    0x0800229c   0x0800229c   0x0000002a   Code   RO         6520    CL$$btod_emul       c_w.l(btod.o)
    0x080022c6   0x080022c6   0x0000002a   Code   RO         6522    CL$$btod_emuld      c_w.l(btod.o)
    0x080022f0   0x080022f0   0x00000244   Code   RO         6526    CL$$btod_mult_common  c_w.l(btod.o)
    0x08002534   0x08002534   0x0000019c   Code   RO          825    i.AD7606_Init       ad7606.o
    0x080026d0   0x080026d0   0x00000002   Code   RO          330    i.BusFault_Handler  stm32f4xx_it.o
    0x080026d2   0x080026d2   0x00000002   PAD
    0x080026d4   0x080026d4   0x000000c0   Code   RO          331    i.DMA1_Stream6_IRQHandler  stm32f4xx_it.o
    0x08002794   0x08002794   0x000000c0   Code   RO          332    i.DMA2_Stream7_IRQHandler  stm32f4xx_it.o
    0x08002854   0x08002854   0x0000002c   Code   RO         2406    i.DMA_CalcBaseAndBitshift  stm32f4xx_hal_dma.o
    0x08002880   0x08002880   0x00000078   Code   RO         2407    i.DMA_CheckFifoParam  stm32f4xx_hal_dma.o
    0x080028f8   0x080028f8   0x0000002a   Code   RO         2408    i.DMA_SetConfig     stm32f4xx_hal_dma.o
    0x08002922   0x08002922   0x00000002   Code   RO          333    i.DebugMon_Handler  stm32f4xx_it.o
    0x08002924   0x08002924   0x0000003c   Code   RO          826    i.EXTI0_IRQHandler  ad7606.o
    0x08002960   0x08002960   0x0000008e   Code   RO         2409    i.HAL_DMA_Abort     stm32f4xx_hal_dma.o
    0x080029ee   0x080029ee   0x00000002   PAD
    0x080029f0   0x080029f0   0x000000d4   Code   RO         2415    i.HAL_DMA_Init      stm32f4xx_hal_dma.o
    0x08002ac4   0x08002ac4   0x0000006e   Code   RO         2419    i.HAL_DMA_Start_IT  stm32f4xx_hal_dma.o
    0x08002b32   0x08002b32   0x00000002   PAD
    0x08002b34   0x08002b34   0x000001d0   Code   RO         1380    i.HAL_GPIO_Init     stm32f4xx_hal_gpio.o
    0x08002d04   0x08002d04   0x0000000e   Code   RO         1382    i.HAL_GPIO_ReadPin  stm32f4xx_hal_gpio.o
    0x08002d12   0x08002d12   0x0000000e   Code   RO         1384    i.HAL_GPIO_WritePin  stm32f4xx_hal_gpio.o
    0x08002d20   0x08002d20   0x0000000c   Code   RO         1068    i.HAL_GetREVID      stm32f4xx_hal.o
    0x08002d2c   0x08002d2c   0x0000000c   Code   RO         1069    i.HAL_GetTick       stm32f4xx_hal.o
    0x08002d38   0x08002d38   0x0000005a   Code   RO         3897    i.HAL_IWDG_Init     stm32f4xx_hal_iwdg.o
    0x08002d92   0x08002d92   0x0000000c   Code   RO         3898    i.HAL_IWDG_Refresh  stm32f4xx_hal_iwdg.o
    0x08002d9e   0x08002d9e   0x00000002   PAD
    0x08002da0   0x08002da0   0x00000010   Code   RO         1075    i.HAL_IncTick       stm32f4xx_hal.o
    0x08002db0   0x08002db0   0x0000002c   Code   RO         1076    i.HAL_Init          stm32f4xx_hal.o
    0x08002ddc   0x08002ddc   0x00000044   Code   RO         1077    i.HAL_InitTick      stm32f4xx_hal.o
    0x08002e20   0x08002e20   0x00000002   Code   RO         1079    i.HAL_MspInit       stm32f4xx_hal.o
    0x08002e22   0x08002e22   0x0000001a   Code   RO         1247    i.HAL_NVIC_EnableIRQ  stm32f4xx_hal_cortex.o
    0x08002e3c   0x08002e3c   0x00000040   Code   RO         1253    i.HAL_NVIC_SetPriority  stm32f4xx_hal_cortex.o
    0x08002e7c   0x08002e7c   0x00000024   Code   RO         1254    i.HAL_NVIC_SetPriorityGrouping  stm32f4xx_hal_cortex.o
    0x08002ea0   0x08002ea0   0x0000014c   Code   RO         1444    i.HAL_RCC_ClockConfig  stm32f4xx_hal_rcc.o
    0x08002fec   0x08002fec   0x0000000c   Code   RO         1449    i.HAL_RCC_GetHCLKFreq  stm32f4xx_hal_rcc.o
    0x08002ff8   0x08002ff8   0x00000020   Code   RO         1451    i.HAL_RCC_GetPCLK1Freq  stm32f4xx_hal_rcc.o
    0x08003018   0x08003018   0x00000020   Code   RO         1452    i.HAL_RCC_GetPCLK2Freq  stm32f4xx_hal_rcc.o
    0x08003038   0x08003038   0x00000068   Code   RO         1453    i.HAL_RCC_GetSysClockFreq  stm32f4xx_hal_rcc.o
    0x080030a0   0x080030a0   0x000003c0   Code   RO         1456    i.HAL_RCC_OscConfig  stm32f4xx_hal_rcc.o
    0x08003460   0x08003460   0x0000001c   Code   RO         1256    i.HAL_SYSTICK_CLKSourceConfig  stm32f4xx_hal_cortex.o
    0x0800347c   0x0800347c   0x00000028   Code   RO         1258    i.HAL_SYSTICK_Config  stm32f4xx_hal_cortex.o
    0x080034a4   0x080034a4   0x0000004a   Code   RO         2555    i.HAL_TIM_Base_Init  stm32f4xx_hal_tim.o
    0x080034ee   0x080034ee   0x00000002   Code   RO         2557    i.HAL_TIM_Base_MspInit  stm32f4xx_hal_tim.o
    0x080034f0   0x080034f0   0x0000008c   Code   RO         2560    i.HAL_TIM_Base_Start_IT  stm32f4xx_hal_tim.o
    0x0800357c   0x0800357c   0x00000002   Code   RO         2050    i.HAL_UARTEx_RxEventCallback  stm32f4xx_hal_uart.o
    0x0800357e   0x0800357e   0x00000002   Code   RO         2064    i.HAL_UART_ErrorCallback  stm32f4xx_hal_uart.o
    0x08003580   0x08003580   0x00000064   Code   RO         2068    i.HAL_UART_Init     stm32f4xx_hal_uart.o
    0x080035e4   0x080035e4   0x00000002   Code   RO         2070    i.HAL_UART_MspInit  stm32f4xx_hal_uart.o
    0x080035e6   0x080035e6   0x000000ca   Code   RO         2071    i.HAL_UART_Receive  stm32f4xx_hal_uart.o
    0x080036b0   0x080036b0   0x0000002e   Code   RO         2072    i.HAL_UART_Receive_DMA  stm32f4xx_hal_uart.o
    0x080036de   0x080036de   0x00000002   Code   RO         2074    i.HAL_UART_RxCpltCallback  stm32f4xx_hal_uart.o
    0x080036e0   0x080036e0   0x00000002   Code   RO         2075    i.HAL_UART_RxHalfCpltCallback  stm32f4xx_hal_uart.o
    0x080036e2   0x080036e2   0x00000002   PAD
    0x080036e4   0x080036e4   0x0000008c   Code   RO         2077    i.HAL_UART_Transmit_DMA  stm32f4xx_hal_uart.o
    0x08003770   0x08003770   0x00000002   Code   RO         2079    i.HAL_UART_TxCpltCallback  stm32f4xx_hal_uart.o
    0x08003772   0x08003772   0x00000002   Code   RO         2080    i.HAL_UART_TxHalfCpltCallback  stm32f4xx_hal_uart.o
    0x08003774   0x08003774   0x00000002   Code   RO          334    i.HardFault_Handler  stm32f4xx_it.o
    0x08003776   0x08003776   0x00000002   Code   RO          335    i.MemManage_Handler  stm32f4xx_it.o
    0x08003778   0x08003778   0x00000002   Code   RO          336    i.NMI_Handler       stm32f4xx_it.o
    0x0800377a   0x0800377a   0x00000018   Code   RO          868    i.SysTick_Handler   delay.o
    0x08003792   0x08003792   0x00000002   PAD
    0x08003794   0x08003794   0x00000010   Code   RO          580    i.SystemInit        system_stm32f4xx.o
    0x080037a4   0x080037a4   0x0000004c   Code   RO         4352    i.TIM3_IRQHandler   btim.o
    0x080037f0   0x080037f0   0x00000048   Code   RO         4353    i.TIM6_DAC_IRQHandler  btim.o
    0x08003838   0x08003838   0x00000048   Code   RO         4354    i.TIM7_IRQHandler   btim.o
    0x08003880   0x08003880   0x000000cc   Code   RO         2648    i.TIM_Base_SetConfig  stm32f4xx_hal_tim.o
    0x0800394c   0x0800394c   0x00000048   Code   RO         4440    i.UART5_IRQHandler  uart5.o
    0x08003994   0x08003994   0x0000004a   Code   RO         2082    i.UART_DMAError     stm32f4xx_hal_uart.o
    0x080039de   0x080039de   0x0000005a   Code   RO         2083    i.UART_DMAReceiveCplt  stm32f4xx_hal_uart.o
    0x08003a38   0x08003a38   0x0000001a   Code   RO         2085    i.UART_DMARxHalfCplt  stm32f4xx_hal_uart.o
    0x08003a52   0x08003a52   0x0000002e   Code   RO         2087    i.UART_DMATransmitCplt  stm32f4xx_hal_uart.o
    0x08003a80   0x08003a80   0x0000000a   Code   RO         2089    i.UART_DMATxHalfCplt  stm32f4xx_hal_uart.o
    0x08003a8a   0x08003a8a   0x00000030   Code   RO         2091    i.UART_EndRxTransfer  stm32f4xx_hal_uart.o
    0x08003aba   0x08003aba   0x00000012   Code   RO         2093    i.UART_EndTxTransfer  stm32f4xx_hal_uart.o
    0x08003acc   0x08003acc   0x00000114   Code   RO         2095    i.UART_SetConfig    stm32f4xx_hal_uart.o
    0x08003be0   0x08003be0   0x00000074   Code   RO         2096    i.UART_Start_Receive_DMA  stm32f4xx_hal_uart.o
    0x08003c54   0x08003c54   0x00000064   Code   RO         2099    i.UART_WaitOnFlagUntilTimeout  stm32f4xx_hal_uart.o
    0x08003cb8   0x08003cb8   0x000000b4   Code   RO          985    i.USART1_IRQHandler  usart.o
    0x08003d6c   0x08003d6c   0x000000d0   Code   RO         4528    i.USART2_IRQHandler  usart2.o
    0x08003e3c   0x08003e3c   0x00000048   Code   RO         4572    i.USART3_IRQHandler  usart3.o
    0x08003e84   0x08003e84   0x00000048   Code   RO         4484    i.USART6_IRQHandler  usart6.o
    0x08003ecc   0x08003ecc   0x00000002   Code   RO          337    i.UsageFault_Handler  stm32f4xx_it.o
    0x08003ece   0x08003ece   0x00000030   Code   RO         6462    i.__ARM_fpclassify  m_wm.l(fpclassify.o)
    0x08003efe   0x08003efe   0x00000020   Code   RO         1260    i.__NVIC_SetPriority  stm32f4xx_hal_cortex.o
    0x08003f1e   0x08003f1e   0x00000002   PAD
    0x08003f20   0x08003f20   0x000000f8   Code   RO         6554    i.__hardfp___mathlib_tofloat  m_wm.l(narrow.o)
    0x08004018   0x08004018   0x000000d0   Code   RO         6741    i.__hardfp_ldexp    m_wm.l(ldexp.o)
    0x080040e8   0x080040e8   0x00000020   Code   RO         6387    i.__hardfp_strtof   m_wm.l(strtof.o)
    0x08004108   0x08004108   0x00000020   Code   RO         6446    i.__mathlib_dbl_overflow  m_wm.l(dunder.o)
    0x08004128   0x08004128   0x00000020   Code   RO         6448    i.__mathlib_dbl_underflow  m_wm.l(dunder.o)
    0x08004148   0x08004148   0x00000012   Code   RO         6555    i.__mathlib_narrow  m_wm.l(narrow.o)
    0x0800415a   0x0800415a   0x00000014   Code   RO         6743    i.__support_ldexp   m_wm.l(ldexp.o)
    0x0800416e   0x0800416e   0x0000000e   Code   RO         6295    i._is_digit         c_w.l(__printf_wp.o)
    0x0800417c   0x0800417c   0x00000002   Code   RO          987    i._sys_exit         usart.o
    0x0800417e   0x0800417e   0x00000002   PAD
    0x08004180   0x08004180   0x0000005c   Code   RO          827    i.bsp_spiRead1      ad7606.o
    0x080041dc   0x080041dc   0x00000050   Code   RO         4355    i.btim_tim3_int_init  btim.o
    0x0800422c   0x0800422c   0x00000050   Code   RO         4356    i.btim_tim6_int_init  btim.o
    0x0800427c   0x0800427c   0x00000050   Code   RO         4357    i.btim_tim7_int_init  btim.o
    0x080042cc   0x080042cc   0x00000030   Code   RO          869    i.delay_init        delay.o
    0x080042fc   0x080042fc   0x0000001a   Code   RO          870    i.delay_ms          delay.o
    0x08004316   0x08004316   0x00000002   PAD
    0x08004318   0x08004318   0x00000038   Code   RO          871    i.delay_us          delay.o
    0x08004350   0x08004350   0x00000150   Code   RO         4410    i.dma_init          dma.o
    0x080044a0   0x080044a0   0x00000014   Code   RO          989    i.fputc             usart.o
    0x080044b4   0x080044b4   0x00000034   Code   RO          636    i.freertos_demo     freertos_demo.o
    0x080044e8   0x080044e8   0x0000008c   Code   RO         6638    i.frexp             m_wm.l(frexp.o)
    0x08004574   0x08004574   0x0000000c   Code   RO         4616    i.iwdg_feed         wdg.o
    0x08004580   0x08004580   0x00000018   Code   RO         4617    i.iwdg_init         wdg.o
    0x08004598   0x08004598   0x00000030   Code   RO         4072    i.lcd_clear         lcd.o
    0x080045c8   0x080045c8   0x000000cc   Code   RO         4074    i.lcd_display_dir   lcd.o
    0x08004694   0x08004694   0x000000c8   Code   RO         4077    i.lcd_draw_circle   lcd.o
    0x0800475c   0x0800475c   0x0000009a   Code   RO         4079    i.lcd_draw_line     lcd.o
    0x080047f6   0x080047f6   0x00000002   PAD
    0x080047f8   0x080047f8   0x00000018   Code   RO         4080    i.lcd_draw_point    lcd.o
    0x08004810   0x08004810   0x0000004a   Code   RO         4081    i.lcd_draw_rectangle  lcd.o
    0x0800485a   0x0800485a   0x00000044   Code   RO         4087    i.lcd_fill          lcd.o
    0x0800489e   0x0800489e   0x00000008   Code   RO         4090    i.lcd_opt_delay     lcd.o
    0x080048a6   0x080048a6   0x00000010   Code   RO         4091    i.lcd_pow           lcd.o
    0x080048b6   0x080048b6   0x00000002   PAD
    0x080048b8   0x080048b8   0x00000014   Code   RO         4092    i.lcd_rd_data       lcd.o
    0x080048cc   0x080048cc   0x00000074   Code   RO         4093    i.lcd_read_point    lcd.o
    0x08004940   0x08004940   0x000001ac   Code   RO         4094    i.lcd_scan_dir      lcd.o
    0x08004aec   0x08004aec   0x00000104   Code   RO         4095    i.lcd_set_cursor    lcd.o
    0x08004bf0   0x08004bf0   0x000000ec   Code   RO         4097    i.lcd_show_char     lcd.o
    0x08004cdc   0x08004cdc   0x0000007c   Code   RO         4098    i.lcd_show_num      lcd.o
    0x08004d58   0x08004d58   0x00000054   Code   RO         4099    i.lcd_show_string   lcd.o
    0x08004dac   0x08004dac   0x000000a2   Code   RO         4100    i.lcd_show_xnum     lcd.o
    0x08004e4e   0x08004e4e   0x00000002   PAD
    0x08004e50   0x08004e50   0x00000018   Code   RO         4102    i.lcd_wr_data       lcd.o
    0x08004e68   0x08004e68   0x00000018   Code   RO         4103    i.lcd_wr_regno      lcd.o
    0x08004e80   0x08004e80   0x00000014   Code   RO         4104    i.lcd_write_ram_prepare  lcd.o
    0x08004e94   0x08004e94   0x0000000c   Code   RO         4105    i.lcd_write_reg     lcd.o
    0x08004ea0   0x08004ea0   0x00000084   Code   RO           13    i.main              main.o
    0x08004f24   0x08004f24   0x00000094   Code   RO         5477    i.prvAddCurrentTaskToDelayedList  tasks.o
    0x08004fb8   0x08004fb8   0x000000ac   Code   RO         5478    i.prvAddNewTaskToReadyList  tasks.o
    0x08005064   0x08005064   0x00000050   Code   RO         5902    i.prvCheckForValidListAndQueue  timers.o
    0x080050b4   0x080050b4   0x0000003c   Code   RO         5479    i.prvCheckTasksWaitingTermination  tasks.o
    0x080050f0   0x080050f0   0x00000028   Code   RO         5040    i.prvCopyDataFromQueue  queue.o
    0x08005118   0x08005118   0x0000006e   Code   RO         5041    i.prvCopyDataToQueue  queue.o
    0x08005186   0x08005186   0x00000014   Code   RO         5480    i.prvDeleteTCB      tasks.o
    0x0800519a   0x0800519a   0x00000002   PAD
    0x0800519c   0x0800519c   0x00000024   Code   RO         5903    i.prvGetNextExpireTime  timers.o
    0x080051c0   0x080051c0   0x0000004c   Code   RO         6076    i.prvHeapInit       heap_4.o
    0x0800520c   0x0800520c   0x00000028   Code   RO         5481    i.prvIdleTask       tasks.o
    0x08005234   0x08005234   0x00000026   Code   RO         5044    i.prvInitialiseNewQueue  queue.o
    0x0800525a   0x0800525a   0x00000002   PAD
    0x0800525c   0x0800525c   0x000000e8   Code   RO         5482    i.prvInitialiseNewTask  tasks.o
    0x08005344   0x08005344   0x00000058   Code   RO         5483    i.prvInitialiseTaskLists  tasks.o
    0x0800539c   0x0800539c   0x00000054   Code   RO         6077    i.prvInsertBlockIntoFreeList  heap_4.o
    0x080053f0   0x080053f0   0x00000040   Code   RO         5905    i.prvInsertTimerInActiveList  timers.o
    0x08005430   0x08005430   0x0000001a   Code   RO         5045    i.prvIsQueueEmpty   queue.o
    0x0800544a   0x0800544a   0x00000002   PAD
    0x0800544c   0x0800544c   0x000000ac   Code   RO         5047    i.prvNotifyQueueSetContainer  queue.o
    0x080054f8   0x080054f8   0x00000040   Code   RO         5906    i.prvProcessExpiredTimer  timers.o
    0x08005538   0x08005538   0x00000128   Code   RO         5907    i.prvProcessReceivedCommands  timers.o
    0x08005660   0x08005660   0x0000006c   Code   RO         5908    i.prvProcessTimerOrBlockTask  timers.o
    0x080056cc   0x080056cc   0x00000028   Code   RO         5909    i.prvReloadTimer    timers.o
    0x080056f4   0x080056f4   0x00000020   Code   RO         5485    i.prvResetNextTaskUnblockTime  tasks.o
    0x08005714   0x08005714   0x0000002c   Code   RO         5910    i.prvSampleTimeNow  timers.o
    0x08005740   0x08005740   0x0000002c   Code   RO         5911    i.prvSwitchTimerLists  timers.o
    0x0800576c   0x0800576c   0x00000074   Code   RO         6144    i.prvTaskExitError  port.o
    0x080057e0   0x080057e0   0x00000014   Code   RO         5912    i.prvTimerTask      timers.o
    0x080057f4   0x080057f4   0x0000007c   Code   RO         5048    i.prvUnlockQueue    queue.o
    0x08005870   0x08005870   0x00000134   Code   RO         6078    i.pvPortMalloc      heap_4.o
    0x080059a4   0x080059a4   0x00000024   Code   RO         6145    i.pxPortInitialiseStack  port.o
    0x080059c8   0x080059c8   0x000000c8   Code   RO          637    i.start_task        freertos_demo.o
    0x08005a90   0x08005a90   0x000000b8   Code   RO          918    i.sys_stm32_clock_init  sys.o
    0x08005b48   0x08005b48   0x0000000c   Code   RO          638    i.task1             freertos_demo.o
    0x08005b54   0x08005b54   0x00000080   Code   RO          639    i.task2             freertos_demo.o
    0x08005bd4   0x08005bd4   0x00000090   Code   RO          640    i.task3             freertos_demo.o
    0x08005c64   0x08005c64   0x00000118   Code   RO          641    i.task4             freertos_demo.o
    0x08005d7c   0x08005d7c   0x000000c8   Code   RO         5491    i.ulTaskGenericNotifyTake  tasks.o
    0x08005e44   0x08005e44   0x000000d4   Code   RO         4529    i.usart2_init       usart2.o
    0x08005f18   0x08005f18   0x0000001c   Code   RO         4530    i.usart2_send_data  usart2.o
    0x08005f34   0x08005f34   0x000000bc   Code   RO          990    i.usart_init        usart.o
    0x08005ff0   0x08005ff0   0x00000094   Code   RO         4652    i.usmart_cmd_rec    usmart.o
    0x08006084   0x08006084   0x00000270   Code   RO         4653    i.usmart_exe        usmart.o
    0x080062f4   0x080062f4   0x000000a4   Code   RO         4761    i.usmart_get_aparm  usmart_str.o
    0x08006398   0x08006398   0x00000174   Code   RO         4763    i.usmart_get_fname  usmart_str.o
    0x0800650c   0x0800650c   0x000000e0   Code   RO         4764    i.usmart_get_fparam  usmart_str.o
    0x080065ec   0x080065ec   0x00000020   Code   RO         4734    i.usmart_get_input_string  usmart_port.o
    0x0800660c   0x0800660c   0x00000024   Code   RO         4765    i.usmart_get_parmpos  usmart_str.o
    0x08006630   0x08006630   0x0000000c   Code   RO         4654    i.usmart_init       usmart.o
    0x0800663c   0x0800663c   0x00000010   Code   RO         4766    i.usmart_pow        usmart_str.o
    0x0800664c   0x0800664c   0x0000004c   Code   RO         4655    i.usmart_scan       usmart.o
    0x08006698   0x08006698   0x00000014   Code   RO         4767    i.usmart_search_nextc  usmart_str.o
    0x080066ac   0x080066ac   0x000000dc   Code   RO         4768    i.usmart_str2num    usmart_str.o
    0x08006788   0x08006788   0x0000001a   Code   RO         4769    i.usmart_strcmp     usmart_str.o
    0x080067a2   0x080067a2   0x00000012   Code   RO         4770    i.usmart_strcopy    usmart_str.o
    0x080067b4   0x080067b4   0x00000012   Code   RO         4771    i.usmart_strlen     usmart_str.o
    0x080067c6   0x080067c6   0x00000026   Code   RO         4988    i.uxListRemove      list.o
    0x080067ec   0x080067ec   0x00000016   Code   RO         4989    i.vListInitialise   list.o
    0x08006802   0x08006802   0x00000006   Code   RO         4990    i.vListInitialiseItem  list.o
    0x08006808   0x08006808   0x00000030   Code   RO         4991    i.vListInsert       list.o
    0x08006838   0x08006838   0x00000018   Code   RO         4992    i.vListInsertEnd    list.o
    0x08006850   0x08006850   0x00000088   Code   RO         6147    i.vPortEnterCritical  port.o
    0x080068d8   0x080068d8   0x00000078   Code   RO         6148    i.vPortExitCritical  port.o
    0x08006950   0x08006950   0x000000b0   Code   RO         6079    i.vPortFree         heap_4.o
    0x08006a00   0x08006a00   0x00000024   Code   RO         6149    i.vPortSetupTimerInterrupt  port.o
    0x08006a24   0x08006a24   0x0000009c   Code   RO         6150    i.vPortValidateInterruptPriority  port.o
    0x08006ac0   0x08006ac0   0x00000080   Code   RO         5054    i.vQueueAddToRegistry  queue.o
    0x08006b40   0x08006b40   0x00000046   Code   RO         5058    i.vQueueWaitForMessageRestricted  queue.o
    0x08006b86   0x08006b86   0x00000002   PAD
    0x08006b88   0x08006b88   0x00000080   Code   RO         5500    i.vTaskDelay        tasks.o
    0x08006c08   0x08006c08   0x000000e4   Code   RO         5501    i.vTaskDelete       tasks.o
    0x08006cec   0x08006cec   0x00000158   Code   RO         5503    i.vTaskGenericNotifyGiveFromISR  tasks.o
    0x08006e44   0x08006e44   0x00000010   Code   RO         5505    i.vTaskInternalSetTimeOutState  tasks.o
    0x08006e54   0x08006e54   0x0000000c   Code   RO         5507    i.vTaskMissedYield  tasks.o
    0x08006e60   0x08006e60   0x00000068   Code   RO         5508    i.vTaskPlaceOnEventList  tasks.o
    0x08006ec8   0x08006ec8   0x00000088   Code   RO         5509    i.vTaskPlaceOnEventListRestricted  tasks.o
    0x08006f50   0x08006f50   0x000000a0   Code   RO         5517    i.vTaskStartScheduler  tasks.o
    0x08006ff0   0x08006ff0   0x00000010   Code   RO         5519    i.vTaskSuspendAll   tasks.o
    0x08007000   0x08007000   0x00000090   Code   RO         5520    i.vTaskSwitchContext  tasks.o
    0x08007090   0x08007090   0x00000144   Code   RO         6151    i.xPortStartScheduler  port.o
    0x080071d4   0x080071d4   0x0000002c   Code   RO         6152    i.xPortSysTickHandler  port.o
    0x08007200   0x08007200   0x00000084   Code   RO         5063    i.xQueueGenericCreate  queue.o
    0x08007284   0x08007284   0x000000e8   Code   RO         5064    i.xQueueGenericReset  queue.o
    0x0800736c   0x0800736c   0x00000160   Code   RO         5073    i.xQueueReceive     queue.o
    0x080074cc   0x080074cc   0x000000c0   Code   RO         5523    i.xTaskCheckForTimeOut  tasks.o
    0x0800758c   0x0800758c   0x00000060   Code   RO         5524    i.xTaskCreate       tasks.o
    0x080075ec   0x080075ec   0x0000001c   Code   RO         5533    i.xTaskGetSchedulerState  tasks.o
    0x08007608   0x08007608   0x0000000c   Code   RO         5534    i.xTaskGetTickCount  tasks.o
    0x08007614   0x08007614   0x00000160   Code   RO         5536    i.xTaskIncrementTick  tasks.o
    0x08007774   0x08007774   0x000000e4   Code   RO         5537    i.xTaskPriorityDisinherit  tasks.o
    0x08007858   0x08007858   0x00000110   Code   RO         5539    i.xTaskRemoveFromEventList  tasks.o
    0x08007968   0x08007968   0x0000015c   Code   RO         5540    i.xTaskResumeAll    tasks.o
    0x08007ac4   0x08007ac4   0x00000080   Code   RO         5920    i.xTimerCreateTimerTask  timers.o
    0x08007b44   0x08007b44   0x0000002c   Code   RO         6544    locale$$code        c_w.l(lc_numeric_c.o)
    0x08007b70   0x08007b70   0x0000002c   Code   RO         6668    locale$$code        c_w.l(lc_ctype_c.o)
    0x08007b9c   0x08007b9c   0x00000062   Code   RO         6331    x$fpl$d2f           fz_wm.l(d2f.o)
    0x08007bfe   0x08007bfe   0x00000002   PAD
    0x08007c00   0x08007c00   0x00000010   Code   RO         6546    x$fpl$dcheck1       fz_wm.l(dcheck1.o)
    0x08007c10   0x08007c10   0x00000018   Code   RO         6548    x$fpl$dcmpinf       fz_wm.l(dcmpi.o)
    0x08007c28   0x08007c28   0x00000078   Code   RO         6630    x$fpl$deqf          fz_wm.l(deqf.o)
    0x08007ca0   0x08007ca0   0x00000078   Code   RO         6427    x$fpl$dleqf         fz_wm.l(dleqf.o)
    0x08007d18   0x08007d18   0x00000154   Code   RO         6353    x$fpl$dmul          fz_wm.l(dmul.o)
    0x08007e6c   0x08007e6c   0x0000009c   Code   RO         6429    x$fpl$dnaninf       fz_wm.l(dnaninf.o)
    0x08007f08   0x08007f08   0x0000000c   Code   RO         6431    x$fpl$dretinf       fz_wm.l(dretinf.o)
    0x08007f14   0x08007f14   0x0000006c   Code   RO         6433    x$fpl$drleqf        fz_wm.l(drleqf.o)
    0x08007f80   0x08007f80   0x00000056   Code   RO         6355    x$fpl$f2d           fz_wm.l(f2d.o)
    0x08007fd6   0x08007fd6   0x0000008c   Code   RO         6435    x$fpl$fnaninf       fz_wm.l(fnaninf.o)
    0x08008062   0x08008062   0x0000000a   Code   RO         6656    x$fpl$fpinit        fz_wm.l(fpinit.o)
    0x0800806c   0x0800806c   0x0000000a   Code   RO         6437    x$fpl$fretinf       fz_wm.l(fretinf.o)
    0x08008076   0x08008076   0x00000006   Code   RO         6552    x$fpl$ieeestatus    fz_wm.l(istatus.o)
    0x0800807c   0x0800807c   0x00000004   Code   RO         6357    x$fpl$printf1       fz_wm.l(printf1.o)
    0x08008080   0x08008080   0x00000064   Code   RO         6632    x$fpl$retnan        fz_wm.l(retnan.o)
    0x080080e4   0x080080e4   0x0000005c   Code   RO         6439    x$fpl$scalbn        fz_wm.l(scalbn.o)
    0x08008140   0x08008140   0x00000004   Code   RO         6634    x$fpl$scanf1        fz_wm.l(scanf1.o)
    0x08008144   0x08008144   0x00000008   Code   RO         6682    x$fpl$scanf2        fz_wm.l(scanf2.o)
    0x0800814c   0x0800814c   0x00000030   Code   RO         6658    x$fpl$trapveneer    fz_wm.l(trapv.o)
    0x0800817c   0x0800817c   0x00000000   Code   RO         6441    x$fpl$usenofp       fz_wm.l(usenofp.o)
    0x0800817c   0x0800817c   0x00000010   Data   RO          581    .constdata          system_stm32f4xx.o
    0x0800818c   0x0800818c   0x00000008   Data   RO          582    .constdata          system_stm32f4xx.o
    0x08008194   0x08008194   0x00000008   Data   RO         2421    .constdata          stm32f4xx_hal_dma.o
    0x0800819c   0x0800819c   0x00002f80   Data   RO         4107    .constdata          lcd.o
    0x0800b11c   0x0800b11c   0x00000028   Data   RO         6268    .constdata          c_w.l(_printf_hex_int.o)
    0x0800b144   0x0800b144   0x00000011   Data   RO         6303    .constdata          c_w.l(__printf_flags_ss_wp.o)
    0x0800b155   0x0800b155   0x00000003   PAD
    0x0800b158   0x0800b158   0x00000094   Data   RO         6515    .constdata          c_w.l(bigflt0.o)
    0x0800b1ec   0x0800b1ec   0x0000038c   Data   RO         4708    .conststring        usmart_config.o
    0x0800b578   0x0800b578   0x00000020   Data   RO         6757    Region$$Table       anon$$obj.o
    0x0800b598   0x0800b598   0x00000008   Data   RO         6678    c$$dinf             fz_wm.l(fpconst.o)
    0x0800b5a0   0x0800b5a0   0x00000008   Data   RO         6681    c$$dmax             fz_wm.l(fpconst.o)
    0x0800b5a8   0x0800b5a8   0x0000001c   Data   RO         6543    locale$$data        c_w.l(lc_numeric_c.o)
    0x0800b5c4   0x0800b5c4   0x00000110   Data   RO         6667    locale$$data        c_w.l(lc_ctype_c.o)


    Execution Region RW_IRAM1 (Exec base: 0x20000000, Load base: 0x0800b6d4, Size: 0x00015810, Max: 0x00020000, ABSOLUTE, COMPRESSED[0x00000088])

    Exec Addr    Load Addr    Size         Type   Attr      Idx    E Section Name        Object

    0x20000000   COMPRESSED   0x00000004   Data   RW          583    .data               system_stm32f4xx.o
    0x20000004   COMPRESSED   0x00000028   Data   RW          643    .data               freertos_demo.o
    0x2000002c   COMPRESSED   0x00000004   Data   RW          872    .data               delay.o
    0x20000030   COMPRESSED   0x00000002   Data   RW          992    .data               usart.o
    0x20000032   COMPRESSED   0x00000002   PAD
    0x20000034   COMPRESSED   0x00000004   Data   RW          993    .data               usart.o
    0x20000038   COMPRESSED   0x0000000c   Data   RW         1083    .data               stm32f4xx_hal.o
    0x20000044   COMPRESSED   0x00000004   Data   RW         4109    .data               lcd.o
    0x20000048   COMPRESSED   0x00000001   Data   RW         4444    .data               uart5.o
    0x20000049   COMPRESSED   0x00000001   Data   RW         4488    .data               usart6.o
    0x2000004a   COMPRESSED   0x00000001   Data   RW         4532    .data               usart2.o
    0x2000004b   COMPRESSED   0x00000001   Data   RW         4576    .data               usart3.o
    0x2000004c   COMPRESSED   0x00000068   Data   RW         4709    .data               usmart_config.o
    0x200000b4   COMPRESSED   0x000000f4   Data   RW         4710    .data               usmart_config.o
    0x200001a8   COMPRESSED   0x00000040   Data   RW         5543    .data               tasks.o
    0x200001e8   COMPRESSED   0x00000014   Data   RW         5929    .data               timers.o
    0x200001fc   COMPRESSED   0x00000020   Data   RW         6085    .data               heap_4.o
    0x2000021c   COMPRESSED   0x0000000c   Data   RW         6153    .data               port.o
    0x20000228        -       0x000000d0   Zero   RW          642    .bss                freertos_demo.o
    0x200002f8        -       0x00000078   Zero   RW          991    .bss                usart.o
    0x20000370        -       0x0000005e   Zero   RW         4106    .bss                lcd.o
    0x200003ce   COMPRESSED   0x00000002   PAD
    0x200003d0        -       0x000000d8   Zero   RW         4358    .bss                btim.o
    0x200004a8        -       0x00000180   Zero   RW         4411    .bss                dma.o
    0x20000628        -       0x00000084   Zero   RW         4443    .bss                uart5.o
    0x200006ac        -       0x00000084   Zero   RW         4487    .bss                usart6.o
    0x20000730        -       0x000000c4   Zero   RW         4531    .bss                usart2.o
    0x200007f4        -       0x00000064   Zero   RW         4575    .bss                usart3.o
    0x20000858        -       0x0000000c   Zero   RW         4618    .bss                wdg.o
    0x20000864        -       0x00000040   Zero   RW         5080    .bss                queue.o
    0x200008a4        -       0x000002e4   Zero   RW         5542    .bss                tasks.o
    0x20000b88        -       0x00000028   Zero   RW         5928    .bss                timers.o
    0x20000bb0        -       0x00014000   Zero   RW         6084    .bss                heap_4.o
    0x20014bb0        -       0x00000060   Zero   RW         6563    .bss                c_w.l(libspace.o)
    0x20014c10        -       0x00000400   Zero   RW            2    HEAP                startup_stm32f407xx.o
    0x20015010        -       0x00000800   Zero   RW            1    STACK               startup_stm32f407xx.o


==============================================================================

Image component sizes


      Code (inc. data)   RO Data    RW Data    ZI Data      Debug   Object Name

       564         44          0          0          0       4764   ad7606.o
       460         80          0          0        216       4639   btim.o
       154         10          0          4          0       2513   delay.o
       336         34          0          0        384       1609   dma.o
         0          0          0          0          0      13112   event_groups.o
       816        160          0         40        208      16871   freertos_demo.o
       644        166          0         32      81920       4347   heap_4.o
      2306        100      12160          4         94      20698   lcd.o
       138          0          0          0          0       3394   list.o
       132         36          0          0          0     717731   main.o
      1158        464          0         12          0      11025   port.o
      1424        278          0          0         64      13187   queue.o
       104         34        392          0       3072        968   startup_stm32f407xx.o
       154         28          0         12          0       9790   stm32f4xx_hal.o
       226         14          0          0          0      34677   stm32f4xx_hal_cortex.o
       670         10          8          0          0       5630   stm32f4xx_hal_dma.o
       492         46          0          0          0       2999   stm32f4xx_hal_gpio.o
       102          0          0          0          0       1859   stm32f4xx_hal_iwdg.o
      1472         76          0          0          0       6324   stm32f4xx_hal_rcc.o
       420         74          0          0          0       3316   stm32f4xx_hal_tim.o
      1306         38          0          0          0      14812   stm32f4xx_hal_uart.o
       396         36          0          0          0       4069   stm32f4xx_it.o
       184         12          0          0          0       1359   sys.o
        16          4         24          4          0       1327   system_stm32f4xx.o
      3808        950          0         64        740      36524   tasks.o
       924        190          0         20         40      11384   timers.o
        72         10          0          1        132       1318   uart5.o
       390         42          0          6        120       4931   usart.o
       448         36          0          1        196       3397   usart2.o
        72         10          0          1        100       1334   usart3.o
        72         10          0          1        132       1334   usart6.o
       860        132          0          0          0       3154   usmart.o
         0          0        908        348          0       1572   usmart_config.o
        32          8          0          0          0        634   usmart_port.o
      1114         18          0          0          0       8936   usmart_str.o
        36         14          0          0         12       1183   wdg.o

    ----------------------------------------------------------------------
     21536       3164      13524        552      87432     976721   Object Totals
         0          0         32          0          0          0   (incl. Generated)
        34          0          0          2          2          0   (incl. Padding)

    ----------------------------------------------------------------------

      Code (inc. data)   RO Data    RW Data    ZI Data      Debug   Library Member Name

        24          4          0          0          0         84   __2printf.o
        56          6          0          0          0         88   __2snprintf.o
        90          0          0          0          0          0   __dczerorl2.o
         8          0          0          0          0         68   __main.o
       392          4         17          0          0         92   __printf_flags_ss_wp.o
        14          0          0          0          0         68   __printf_wp.o
         0          0          0          0          0          0   __rtentry.o
        12          0          0          0          0          0   __rtentry2.o
         6          0          0          0          0          0   __rtentry4.o
        52          8          0          0          0          0   __scatter.o
        28          0          0          0          0          0   __scatter_zi.o
        28          0          0          0          0         68   _chval.o
         6          0          0          0          0          0   _printf_c.o
        44          0          0          0          0        108   _printf_char.o
        48          6          0          0          0         96   _printf_char_common.o
        36          4          0          0          0         80   _printf_char_file.o
         6          0          0          0          0          0   _printf_d.o
       120         16          0          0          0         92   _printf_dec.o
         6          0          0          0          0          0   _printf_f.o
      1054          0          0          0          0        216   _printf_fp_dec.o
       128         16          0          0          0         84   _printf_fp_infnan.o
         6          0          0          0          0          0   _printf_g.o
        88          4         40          0          0         88   _printf_hex_int.o
       178          0          0          0          0         88   _printf_intcommon.o
        78          0          0          0          0        108   _printf_pad.o
         0          0          0          0          0          0   _printf_percent.o
         4          0          0          0          0          0   _printf_percent_end.o
         6          0          0          0          0          0   _printf_s.o
        82          0          0          0          0         80   _printf_str.o
         6          0          0          0          0          0   _printf_u.o
         6          0          0          0          0          0   _printf_x.o
        22          0          0          0          0        100   _rserrno.o
        64          0          0          0          0         84   _sgetc.o
        16          0          0          0          0         68   _snputc.o
        10          0          0          0          0         68   _sputc.o
        16          0          0          0          0         68   aeabi_memset.o
       228          4        148          0          0         96   bigflt0.o
      2152        136          0          0          0        960   btod.o
        18          0          0          0          0         80   exit.o
         8          0          0          0          0         68   ferror.o
         6          0          0          0          0        152   heapauxi.o
        18          0          0          0          0         76   isspace.o
        44         10        272          0          0         76   lc_ctype_c.o
        44         10         28          0          0         76   lc_numeric_c.o
         2          0          0          0          0          0   libinit.o
        34          0          0          0          0          0   libinit2.o
         2          0          0          0          0          0   libshutdown.o
         2          0          0          0          0          0   libshutdown2.o
         8          4          0          0         96         68   libspace.o
        38          0          0          0          0         68   llshl.o
       138          0          0          0          0         80   lludiv10.o
       238          0          0          0          0        100   lludivv7m.o
        16          4          0          0          0         76   rt_ctype_table.o
         8          4          0          0          0         68   rt_errno_addr_intlibspace.o
         8          4          0          0          0         68   rt_locale_intlibspace.o
        68          0          0          0          0         68   rt_memclr.o
        78          0          0          0          0         80   rt_memclr_w.o
       138          0          0          0          0         68   rt_memcpy_v6.o
       100          0          0          0          0         80   rt_memcpy_w.o
         2          0          0          0          0          0   rtexit.o
        10          0          0          0          0          0   rtexit2.o
      1272         16          0          0          0        168   scanf_fp.o
       800         14          0          0          0        100   scanf_hexfp.o
       308         16          0          0          0        100   scanf_infnan.o
       128          0          0          0          0         68   strcmpv7m.o
       164         14          0          0          0        120   strtod.o
        26          0          0          0          0         80   strtof.o
        74          0          0          0          0         80   sys_stackheap_outer.o
         2          0          0          0          0         68   use_no_semi.o
         2          0          0          0          0         68   use_no_semi_2.o
        98          4          0          0          0        140   d2f.o
        16          4          0          0          0        116   dcheck1.o
        24          0          0          0          0        116   dcmpi.o
       120          4          0          0          0        140   deqf.o
       120          4          0          0          0        140   dleqf.o
       340         12          0          0          0        152   dmul.o
       156          4          0          0          0        140   dnaninf.o
        12          0          0          0          0        116   dretinf.o
       108          0          0          0          0        128   drleqf.o
        86          4          0          0          0        132   f2d.o
       140          4          0          0          0        132   fnaninf.o
         0          0         16          0          0          0   fpconst.o
        10          0          0          0          0        116   fpinit.o
        10          0          0          0          0        116   fretinf.o
         6          0          0          0          0        116   istatus.o
         4          0          0          0          0        116   printf1.o
       100          0          0          0          0        116   retnan.o
        92          0          0          0          0        116   scalbn.o
         4          0          0          0          0        116   scanf1.o
         8          0          0          0          0        132   scanf2.o
        48          0          0          0          0        116   trapv.o
         0          0          0          0          0          0   usenofp.o
        64         16          0          0          0        248   dunder.o
        48          0          0          0          0        124   fpclassify.o
       140         22          0          0          0        132   frexp.o
       228          8          0          0          0        308   ldexp.o
       266         16          0          0          0        308   narrow.o
        32          6          0          0          0        124   strtof.o

    ----------------------------------------------------------------------
     11220        414        524          0         96       8912   Library Totals
        16          2          3          0          0          0   (incl. Padding)

    ----------------------------------------------------------------------

      Code (inc. data)   RO Data    RW Data    ZI Data      Debug   Library Name

      8924        304        505          0         96       5156   c_w.l
      1502         40         16          0          0       2512   fz_wm.l
       778         68          0          0          0       1244   m_wm.l

    ----------------------------------------------------------------------
     11220        414        524          0         96       8912   Library Totals

    ----------------------------------------------------------------------

==============================================================================


      Code (inc. data)   RO Data    RW Data    ZI Data      Debug   

     32756       3578      14048        552      87528     960621   Grand Totals
     32756       3578      14048        136      87528     960621   ELF Image Totals (compressed)
     32756       3578      14048        136          0          0   ROM Totals

==============================================================================

    Total RO  Size (Code + RO Data)                46804 (  45.71kB)
    Total RW  Size (RW Data + ZI Data)             88080 (  86.02kB)
    Total ROM Size (Code + RO Data + RW Data)      46940 (  45.84kB)

==============================================================================

